<?xml version="1.0" encoding="ISO-8859-1" ?>
<link_info>
   <banner>TMS320C2000 Linker PC v18.1.1.LTS</banner>
   <copyright>Copyright (c) 1996-2017 Texas Instruments Incorporated</copyright>
   <link_time>0x5b35a6cc</link_time>
   <link_errors>0x0</link_errors>
   <output_file>ECT_CPU2.out</output_file>
   <entry_point>
      <name>_c_int00</name>
      <address>0xbdb3b</address>
   </entry_point>
   <input_file_list>
      <input_file id="fl-2">
         <path>.\F2837xD_common\source\</path>
         <kind>object</kind>
         <file>F2837xD_CodeStartBranch.obj</file>
         <name>F2837xD_CodeStartBranch.obj</name>
      </input_file>
      <input_file id="fl-3">
         <path>.\F2837xD_common\source\</path>
         <kind>object</kind>
         <file>F2837xD_CpuTimers.obj</file>
         <name>F2837xD_CpuTimers.obj</name>
      </input_file>
      <input_file id="fl-4">
         <path>.\F2837xD_common\source\</path>
         <kind>object</kind>
         <file>F2837xD_DefaultISR.obj</file>
         <name>F2837xD_DefaultISR.obj</name>
      </input_file>
      <input_file id="fl-5">
         <path>.\F2837xD_common\source\</path>
         <kind>object</kind>
         <file>F2837xD_Emif.obj</file>
         <name>F2837xD_Emif.obj</name>
      </input_file>
      <input_file id="fl-6">
         <path>.\F2837xD_common\source\</path>
         <kind>object</kind>
         <file>F2837xD_Gpio.obj</file>
         <name>F2837xD_Gpio.obj</name>
      </input_file>
      <input_file id="fl-7">
         <path>.\F2837xD_common\source\</path>
         <kind>object</kind>
         <file>F2837xD_PieCtrl.obj</file>
         <name>F2837xD_PieCtrl.obj</name>
      </input_file>
      <input_file id="fl-8">
         <path>.\F2837xD_common\source\</path>
         <kind>object</kind>
         <file>F2837xD_PieVect.obj</file>
         <name>F2837xD_PieVect.obj</name>
      </input_file>
      <input_file id="fl-9">
         <path>.\F2837xD_common\source\</path>
         <kind>object</kind>
         <file>F2837xD_SysCtrl.obj</file>
         <name>F2837xD_SysCtrl.obj</name>
      </input_file>
      <input_file id="fl-a">
         <path>.\F2837xD_common\source\</path>
         <kind>object</kind>
         <file>F2837xD_usDelay.obj</file>
         <name>F2837xD_usDelay.obj</name>
      </input_file>
      <input_file id="fl-b">
         <path>.\F2837xD_headers\source\</path>
         <kind>object</kind>
         <file>F2837xD_GlobalVariableDefs.obj</file>
         <name>F2837xD_GlobalVariableDefs.obj</name>
      </input_file>
      <input_file id="fl-c">
         <path>.\SSC\Src\</path>
         <kind>object</kind>
         <file>cia402appl.obj</file>
         <name>cia402appl.obj</name>
      </input_file>
      <input_file id="fl-d">
         <path>.\SSC\Src\</path>
         <kind>object</kind>
         <file>coeappl.obj</file>
         <name>coeappl.obj</name>
      </input_file>
      <input_file id="fl-e">
         <path>.\SSC\Src\</path>
         <kind>object</kind>
         <file>ecatappl.obj</file>
         <name>ecatappl.obj</name>
      </input_file>
      <input_file id="fl-f">
         <path>.\SSC\Src\</path>
         <kind>object</kind>
         <file>ecatcoe.obj</file>
         <name>ecatcoe.obj</name>
      </input_file>
      <input_file id="fl-10">
         <path>.\SSC\Src\</path>
         <kind>object</kind>
         <file>ecatslv.obj</file>
         <name>ecatslv.obj</name>
      </input_file>
      <input_file id="fl-11">
         <path>.\SSC\Src\</path>
         <kind>object</kind>
         <file>mailbox.obj</file>
         <name>mailbox.obj</name>
      </input_file>
      <input_file id="fl-12">
         <path>.\SSC\Src\</path>
         <kind>object</kind>
         <file>objdef.obj</file>
         <name>objdef.obj</name>
      </input_file>
      <input_file id="fl-13">
         <path>.\SSC\Src\</path>
         <kind>object</kind>
         <file>sdoserv.obj</file>
         <name>sdoserv.obj</name>
      </input_file>
      <input_file id="fl-14">
         <path>.\user\</path>
         <kind>object</kind>
         <file>GDC16.obj</file>
         <name>GDC16.obj</name>
      </input_file>
      <input_file id="fl-15">
         <path>.\user\</path>
         <kind>object</kind>
         <file>GDC_PV1_0.obj</file>
         <name>GDC_PV1_0.obj</name>
      </input_file>
      <input_file id="fl-16">
         <path>.\user\</path>
         <kind>object</kind>
         <file>mcihwf2837xd.obj</file>
         <name>mcihwf2837xd.obj</name>
      </input_file>
      <input_file id="fl-1b">
         <kind>object</kind>
         <file>&lt;internal&gt;</file>
         <name>&lt;internal&gt;</name>
      </input_file>
      <input_file id="fl-27">
         <path>D:\CCS8\ccsv8\tools\compiler\ti-cgt-c2000_18.1.1.LTS\lib\</path>
         <kind>archive</kind>
         <file>rts2800_fpu32.lib</file>
         <name>boot28.asm.obj</name>
      </input_file>
      <input_file id="fl-28">
         <path>D:\CCS8\ccsv8\tools\compiler\ti-cgt-c2000_18.1.1.LTS\lib\</path>
         <kind>archive</kind>
         <file>rts2800_fpu32.lib</file>
         <name>u_div28.asm.obj</name>
      </input_file>
      <input_file id="fl-29">
         <path>D:\CCS8\ccsv8\tools\compiler\ti-cgt-c2000_18.1.1.LTS\lib\</path>
         <kind>archive</kind>
         <file>rts2800_fpu32.lib</file>
         <name>l_div28.asm.obj</name>
      </input_file>
      <input_file id="fl-2a">
         <path>D:\CCS8\ccsv8\tools\compiler\ti-cgt-c2000_18.1.1.LTS\lib\</path>
         <kind>archive</kind>
         <file>rts2800_fpu32.lib</file>
         <name>cpy_tbl.c.obj</name>
      </input_file>
      <input_file id="fl-2b">
         <path>D:\CCS8\ccsv8\tools\compiler\ti-cgt-c2000_18.1.1.LTS\lib\</path>
         <kind>archive</kind>
         <file>rts2800_fpu32.lib</file>
         <name>memcpy.c.obj</name>
      </input_file>
      <input_file id="fl-2c">
         <path>D:\CCS8\ccsv8\tools\compiler\ti-cgt-c2000_18.1.1.LTS\lib\</path>
         <kind>archive</kind>
         <file>rts2800_fpu32.lib</file>
         <name>pre_init.c.obj</name>
      </input_file>
      <input_file id="fl-2d">
         <path>D:\CCS8\ccsv8\tools\compiler\ti-cgt-c2000_18.1.1.LTS\lib\</path>
         <kind>archive</kind>
         <file>rts2800_fpu32.lib</file>
         <name>startup.c.obj</name>
      </input_file>
      <input_file id="fl-2e">
         <path>D:\CCS8\ccsv8\tools\compiler\ti-cgt-c2000_18.1.1.LTS\lib\</path>
         <kind>archive</kind>
         <file>rts2800_fpu32.lib</file>
         <name>exit.c.obj</name>
      </input_file>
      <input_file id="fl-2f">
         <path>D:\CCS8\ccsv8\tools\compiler\ti-cgt-c2000_18.1.1.LTS\lib\</path>
         <kind>archive</kind>
         <file>rts2800_fpu32.lib</file>
         <name>memory.c.obj</name>
      </input_file>
      <input_file id="fl-30">
         <path>D:\CCS8\ccsv8\tools\compiler\ti-cgt-c2000_18.1.1.LTS\lib\</path>
         <kind>archive</kind>
         <file>rts2800_fpu32.lib</file>
         <name>_lock.c.obj</name>
      </input_file>
      <input_file id="fl-31">
         <path>D:\CCS8\ccsv8\tools\compiler\ti-cgt-c2000_18.1.1.LTS\lib\</path>
         <kind>archive</kind>
         <file>rts2800_fpu32.lib</file>
         <name>args_main.c.obj</name>
      </input_file>
      <input_file id="fl-32">
         <path>D:\CCS8\ccsv8\tools\compiler\ti-cgt-c2000_18.1.1.LTS\lib\</path>
         <kind>archive</kind>
         <file>rts2800_fpu32.lib</file>
         <name>strlen.c.obj</name>
      </input_file>
   </input_file_list>
   <object_component_list>
      <object_component id="oc-ff">
         <name>.cinit</name>
         <load_address>0xba000</load_address>
         <run_address>0xba000</run_address>
         <size>0x4b3</size>
         <input_file_ref idref="fl-c"/>
      </object_component>
      <object_component id="oc-106">
         <name>.cinit</name>
         <load_address>0xba4b3</load_address>
         <run_address>0xba4b3</run_address>
         <size>0x115</size>
         <input_file_ref idref="fl-d"/>
      </object_component>
      <object_component id="oc-13e">
         <name>.cinit</name>
         <load_address>0xba5c8</load_address>
         <run_address>0xba5c8</run_address>
         <size>0x52</size>
         <input_file_ref idref="fl-15"/>
      </object_component>
      <object_component id="oc-127">
         <name>.cinit</name>
         <load_address>0xba61a</load_address>
         <run_address>0xba61a</run_address>
         <size>0x18</size>
         <input_file_ref idref="fl-12"/>
      </object_component>
      <object_component id="oc-16e">
         <name>.cinit</name>
         <load_address>0xba632</load_address>
         <run_address>0xba632</run_address>
         <size>0xe</size>
         <input_file_ref idref="fl-2e"/>
      </object_component>
      <object_component id="oc-212">
         <name>.cinit:__lock</name>
         <load_address>0xba640</load_address>
         <run_address>0xba640</run_address>
         <size>0x5</size>
         <input_file_ref idref="fl-30"/>
      </object_component>
      <object_component id="oc-21b">
         <name>.cinit:__unlock</name>
         <load_address>0xba645</load_address>
         <run_address>0xba645</run_address>
         <size>0x5</size>
         <input_file_ref idref="fl-30"/>
      </object_component>
      <object_component id="oc-10d">
         <name>.cinit</name>
         <load_address>0xba64a</load_address>
         <run_address>0xba64a</run_address>
         <size>0x4</size>
         <input_file_ref idref="fl-e"/>
      </object_component>
      <object_component id="oc-11a">
         <name>.cinit</name>
         <load_address>0xba64e</load_address>
         <run_address>0xba64e</run_address>
         <size>0x4</size>
         <input_file_ref idref="fl-10"/>
      </object_component>
      <object_component id="oc-175">
         <name>.cinit</name>
         <load_address>0xba652</load_address>
         <run_address>0xba652</run_address>
         <size>0x4</size>
         <input_file_ref idref="fl-2f"/>
      </object_component>
      <object_component id="oc-12e">
         <name>.cinit</name>
         <load_address>0xba656</load_address>
         <run_address>0xba656</run_address>
         <size>0x4</size>
         <input_file_ref idref="fl-13"/>
      </object_component>
      <object_component id="oc-213">
         <name>.text</name>
         <load_address>0xba65c</load_address>
         <run_address>0xba65c</run_address>
         <size>0x9a2</size>
         <input_file_ref idref="fl-10"/>
      </object_component>
      <object_component id="oc-21f">
         <name>.text</name>
         <load_address>0xbaffe</load_address>
         <run_address>0xbaffe</run_address>
         <size>0x953</size>
         <input_file_ref idref="fl-12"/>
      </object_component>
      <object_component id="oc-218">
         <name>.text</name>
         <load_address>0xbb951</load_address>
         <run_address>0xbb951</run_address>
         <size>0x684</size>
         <input_file_ref idref="fl-c"/>
      </object_component>
      <object_component id="oc-154">
         <name>.text</name>
         <load_address>0xbbfd5</load_address>
         <run_address>0xbbfd5</run_address>
         <size>0x2a</size>
         <input_file_ref idref="fl-29"/>
      </object_component>
      <object_component id="oc-18d">
         <name>.text</name>
         <load_address>0xbbfff</load_address>
         <run_address>0xbbfff</run_address>
         <size>0x1</size>
         <input_file_ref idref="fl-2d"/>
      </object_component>
      <object_component id="oc-221">
         <name>.text</name>
         <load_address>0xbc500</load_address>
         <run_address>0xbc500</run_address>
         <size>0x65a</size>
         <input_file_ref idref="fl-13"/>
      </object_component>
      <object_component id="oc-84">
         <name>.text:retain</name>
         <load_address>0xbcb5a</load_address>
         <run_address>0xbcb5a</run_address>
         <size>0x585</size>
         <input_file_ref idref="fl-4"/>
      </object_component>
      <object_component id="oc-21c">
         <name>.text</name>
         <load_address>0xbd0df</load_address>
         <run_address>0xbd0df</run_address>
         <size>0x354</size>
         <input_file_ref idref="fl-11"/>
      </object_component>
      <object_component id="oc-220">
         <name>.text</name>
         <load_address>0xbd433</load_address>
         <run_address>0xbd433</run_address>
         <size>0x1d2</size>
         <input_file_ref idref="fl-2f"/>
      </object_component>
      <object_component id="oc-216">
         <name>.text</name>
         <load_address>0xbd605</load_address>
         <run_address>0xbd605</run_address>
         <size>0x1b1</size>
         <input_file_ref idref="fl-d"/>
      </object_component>
      <object_component id="oc-208">
         <name>.text</name>
         <load_address>0xbd7b6</load_address>
         <run_address>0xbd7b6</run_address>
         <size>0x147</size>
         <input_file_ref idref="fl-e"/>
      </object_component>
      <object_component id="oc-219">
         <name>.text</name>
         <load_address>0xbd8fd</load_address>
         <run_address>0xbd8fd</run_address>
         <size>0x8b</size>
         <input_file_ref idref="fl-15"/>
      </object_component>
      <object_component id="oc-224">
         <name>.text</name>
         <load_address>0xbd988</load_address>
         <run_address>0xbd988</run_address>
         <size>0x7c</size>
         <input_file_ref idref="fl-3"/>
      </object_component>
      <object_component id="oc-217">
         <name>.text</name>
         <load_address>0xbda04</load_address>
         <run_address>0xbda04</run_address>
         <size>0x7b</size>
         <input_file_ref idref="fl-16"/>
      </object_component>
      <object_component id="oc-21d">
         <name>.text</name>
         <load_address>0xbda7f</load_address>
         <run_address>0xbda7f</run_address>
         <size>0x66</size>
         <input_file_ref idref="fl-f"/>
      </object_component>
      <object_component id="oc-209">
         <name>.text</name>
         <load_address>0xbdae5</load_address>
         <run_address>0xbdae5</run_address>
         <size>0x56</size>
         <input_file_ref idref="fl-14"/>
      </object_component>
      <object_component id="oc-77">
         <name>.text</name>
         <load_address>0xbdb3b</load_address>
         <run_address>0xbdb3b</run_address>
         <size>0x56</size>
         <input_file_ref idref="fl-27"/>
      </object_component>
      <object_component id="oc-18f">
         <name>.text</name>
         <load_address>0xbdb91</load_address>
         <run_address>0xbdb91</run_address>
         <size>0x29</size>
         <input_file_ref idref="fl-2e"/>
      </object_component>
      <object_component id="oc-222">
         <name>.text</name>
         <load_address>0xbdbba</load_address>
         <run_address>0xbdbba</run_address>
         <size>0x28</size>
         <input_file_ref idref="fl-7"/>
      </object_component>
      <object_component id="oc-223">
         <name>.text</name>
         <load_address>0xbdbe2</load_address>
         <run_address>0xbdbe2</run_address>
         <size>0x26</size>
         <input_file_ref idref="fl-8"/>
      </object_component>
      <object_component id="oc-18c">
         <name>.text</name>
         <load_address>0xbdc08</load_address>
         <run_address>0xbdc08</run_address>
         <size>0x24</size>
         <input_file_ref idref="fl-2a"/>
      </object_component>
      <object_component id="oc-210">
         <name>.text</name>
         <load_address>0xbdc2c</load_address>
         <run_address>0xbdc2c</run_address>
         <size>0x1e</size>
         <input_file_ref idref="fl-2b"/>
      </object_component>
      <object_component id="oc-18e">
         <name>.text</name>
         <load_address>0xbdc4a</load_address>
         <run_address>0xbdc4a</run_address>
         <size>0x19</size>
         <input_file_ref idref="fl-31"/>
      </object_component>
      <object_component id="oc-14f">
         <name>.text</name>
         <load_address>0xbdc63</load_address>
         <run_address>0xbdc63</run_address>
         <size>0xb</size>
         <input_file_ref idref="fl-28"/>
      </object_component>
      <object_component id="oc-21a">
         <name>.text</name>
         <load_address>0xbdc6e</load_address>
         <run_address>0xbdc6e</run_address>
         <size>0x9</size>
         <input_file_ref idref="fl-30"/>
      </object_component>
      <object_component id="oc-226">
         <name>.text</name>
         <load_address>0xbdc77</load_address>
         <run_address>0xbdc77</run_address>
         <size>0x8</size>
         <input_file_ref idref="fl-32"/>
      </object_component>
      <object_component id="oc-18b">
         <name>.text</name>
         <load_address>0xbdc7f</load_address>
         <run_address>0xbdc7f</run_address>
         <size>0x2</size>
         <input_file_ref idref="fl-2c"/>
      </object_component>
      <object_component id="oc-78">
         <name>codestart</name>
         <load_address>0x80000</load_address>
         <run_address>0x80000</run_address>
         <size>0x2</size>
         <input_file_ref idref="fl-2"/>
      </object_component>
      <object_component id="oc-149">
         <name>.stack</name>
         <uninitialized>true</uninitialized>
         <run_address>0x400</run_address>
         <size>0x0</size>
         <input_file_ref idref="fl-27"/>
      </object_component>
      <object_component id="oc-2a9">
         <name>.stack</name>
         <uninitialized>true</uninitialized>
         <run_address>0x400</run_address>
         <size>0x0</size>
      </object_component>
      <object_component id="oc-121">
         <name>.ebss</name>
         <uninitialized>true</uninitialized>
         <run_address>0x9800</run_address>
         <size>0x480</size>
         <input_file_ref idref="fl-11"/>
      </object_component>
      <object_component id="oc-12f">
         <name>.ebss</name>
         <uninitialized>true</uninitialized>
         <run_address>0x9c80</run_address>
         <size>0x27</size>
         <input_file_ref idref="fl-13"/>
      </object_component>
      <object_component id="oc-100">
         <name>.ebss</name>
         <uninitialized>true</uninitialized>
         <run_address>0xb800</run_address>
         <size>0x568</size>
         <input_file_ref idref="fl-c"/>
      </object_component>
      <object_component id="oc-7e">
         <name>.ebss</name>
         <uninitialized>true</uninitialized>
         <run_address>0xbd68</run_address>
         <size>0x18</size>
         <input_file_ref idref="fl-3"/>
      </object_component>
      <object_component id="oc-107">
         <name>.ebss</name>
         <uninitialized>true</uninitialized>
         <run_address>0xbd80</run_address>
         <size>0x11c</size>
         <input_file_ref idref="fl-d"/>
      </object_component>
      <object_component id="oc-10e">
         <name>.ebss</name>
         <uninitialized>true</uninitialized>
         <run_address>0xbe9c</run_address>
         <size>0xe</size>
         <input_file_ref idref="fl-e"/>
      </object_component>
      <object_component id="oc-176">
         <name>.ebss</name>
         <uninitialized>true</uninitialized>
         <run_address>0xbeaa</run_address>
         <size>0x8</size>
         <input_file_ref idref="fl-2f"/>
      </object_component>
      <object_component id="oc-16f">
         <name>.ebss</name>
         <uninitialized>true</uninitialized>
         <run_address>0xbeb2</run_address>
         <size>0x6</size>
         <input_file_ref idref="fl-2e"/>
      </object_component>
      <object_component id="oc-211">
         <name>.ebss:__lock</name>
         <uninitialized>true</uninitialized>
         <run_address>0xbeb8</run_address>
         <size>0x2</size>
         <input_file_ref idref="fl-30"/>
      </object_component>
      <object_component id="oc-225">
         <name>.ebss:__unlock</name>
         <uninitialized>true</uninitialized>
         <run_address>0xbeba</run_address>
         <size>0x2</size>
         <input_file_ref idref="fl-30"/>
      </object_component>
      <object_component id="oc-114">
         <name>.ebss</name>
         <uninitialized>true</uninitialized>
         <run_address>0xbebc</run_address>
         <size>0x2</size>
         <input_file_ref idref="fl-f"/>
      </object_component>
      <object_component id="oc-135">
         <name>.ebss</name>
         <uninitialized>true</uninitialized>
         <run_address>0xbebe</run_address>
         <size>0x1</size>
         <input_file_ref idref="fl-14"/>
      </object_component>
      <object_component id="oc-13f">
         <name>.ebss</name>
         <uninitialized>true</uninitialized>
         <run_address>0xbec0</run_address>
         <size>0x90</size>
         <input_file_ref idref="fl-15"/>
      </object_component>
      <object_component id="oc-11b">
         <name>.ebss</name>
         <uninitialized>true</uninitialized>
         <run_address>0xbf50</run_address>
         <size>0x2a</size>
         <input_file_ref idref="fl-10"/>
      </object_component>
      <object_component id="oc-128">
         <name>.ebss</name>
         <uninitialized>true</uninitialized>
         <run_address>0xbf80</run_address>
         <size>0x62</size>
         <input_file_ref idref="fl-12"/>
      </object_component>
      <object_component id="oc-177">
         <name>.esysmem</name>
         <uninitialized>true</uninitialized>
         <run_address>0xa800</run_address>
         <size>0x1</size>
         <input_file_ref idref="fl-2f"/>
      </object_component>
      <object_component id="oc-2aa">
         <name>.esysmem</name>
         <uninitialized>true</uninitialized>
         <run_address>0xa800</run_address>
         <size>0x0</size>
      </object_component>
      <object_component id="oc-22c">
         <name>.econst:_PieVectTableInit</name>
         <load_address>0xbc000</load_address>
         <run_address>0xbc000</run_address>
         <size>0x1c0</size>
         <input_file_ref idref="fl-8"/>
      </object_component>
      <object_component id="oc-205">
         <name>.econst:_asEntryDesc0x1C3x</name>
         <load_address>0xbc1c0</load_address>
         <run_address>0xbc1c0</run_address>
         <size>0x63</size>
         <input_file_ref idref="fl-d"/>
      </object_component>
      <object_component id="oc-22b">
         <name>.econst:_cAbortCode</name>
         <load_address>0xbc224</load_address>
         <run_address>0xbc224</run_address>
         <size>0x3c</size>
         <input_file_ref idref="fl-13"/>
      </object_component>
      <object_component id="oc-206">
         <name>.econst:.string:_aName0x1C32</name>
         <load_address>0xbc260</load_address>
         <run_address>0xbc260</run_address>
         <size>0x30</size>
         <input_file_ref idref="fl-d"/>
      </object_component>
      <object_component id="oc-207">
         <name>.econst:.string:_aName0x1C33</name>
         <load_address>0xbc290</load_address>
         <run_address>0xbc290</run_address>
         <size>0x30</size>
         <input_file_ref idref="fl-d"/>
      </object_component>
      <object_component id="oc-228">
         <name>.econst:_cBitMask</name>
         <load_address>0xbc2c0</load_address>
         <run_address>0xbc2c0</run_address>
         <size>0x10</size>
         <input_file_ref idref="fl-12"/>
      </object_component>
      <object_component id="oc-1ff">
         <name>.econst:_asEntryDesc0x1018</name>
         <load_address>0xbc2d0</load_address>
         <run_address>0xbc2d0</run_address>
         <size>0xf</size>
         <input_file_ref idref="fl-d"/>
      </object_component>
      <object_component id="oc-200">
         <name>.econst:.string:_aName0x1018</name>
         <load_address>0xbc2df</load_address>
         <run_address>0xbc2df</run_address>
         <size>0xc</size>
         <input_file_ref idref="fl-d"/>
      </object_component>
      <object_component id="oc-19b">
         <name>.econst:_asEntryDesc0x1A02</name>
         <load_address>0xbc2eb</load_address>
         <run_address>0xbc2eb</run_address>
         <size>0xc</size>
         <input_file_ref idref="fl-c"/>
      </object_component>
      <object_component id="oc-19d">
         <name>.econst:_asEntryDesc0x1A03</name>
         <load_address>0xbc2f7</load_address>
         <run_address>0xbc2f7</run_address>
         <size>0xc</size>
         <input_file_ref idref="fl-c"/>
      </object_component>
      <object_component id="oc-20b">
         <name>.econst:.string:_aName0x2452</name>
         <load_address>0xbc303</load_address>
         <run_address>0xbc303</run_address>
         <size>0xb</size>
         <input_file_ref idref="fl-15"/>
      </object_component>
      <object_component id="oc-20d">
         <name>.econst:.string:_aName0x23FD</name>
         <load_address>0xbc30e</load_address>
         <run_address>0xbc30e</run_address>
         <size>0x9</size>
         <input_file_ref idref="fl-15"/>
      </object_component>
      <object_component id="oc-20f">
         <name>.econst:.string:_aName0x23FE</name>
         <load_address>0xbc317</load_address>
         <run_address>0xbc317</run_address>
         <size>0x9</size>
         <input_file_ref idref="fl-15"/>
      </object_component>
      <object_component id="oc-1e4">
         <name>.econst:.string:_aName0x60C2</name>
         <load_address>0xbc320</load_address>
         <run_address>0xbc320</run_address>
         <size>0x9</size>
         <input_file_ref idref="fl-c"/>
      </object_component>
      <object_component id="oc-201">
         <name>.econst:_asEntryDesc0x10F1</name>
         <load_address>0xbc329</load_address>
         <run_address>0xbc329</run_address>
         <size>0x9</size>
         <input_file_ref idref="fl-d"/>
      </object_component>
      <object_component id="oc-193">
         <name>.econst:_asEntryDesc0x1601</name>
         <load_address>0xbc332</load_address>
         <run_address>0xbc332</run_address>
         <size>0x9</size>
         <input_file_ref idref="fl-c"/>
      </object_component>
      <object_component id="oc-195">
         <name>.econst:_asEntryDesc0x1602</name>
         <load_address>0xbc33b</load_address>
         <run_address>0xbc33b</run_address>
         <size>0x9</size>
         <input_file_ref idref="fl-c"/>
      </object_component>
      <object_component id="oc-197">
         <name>.econst:_asEntryDesc0x1603</name>
         <load_address>0xbc344</load_address>
         <run_address>0xbc344</run_address>
         <size>0x9</size>
         <input_file_ref idref="fl-c"/>
      </object_component>
      <object_component id="oc-199">
         <name>.econst:_asEntryDesc0x1A01</name>
         <load_address>0xbc34d</load_address>
         <run_address>0xbc34d</run_address>
         <size>0x9</size>
         <input_file_ref idref="fl-c"/>
      </object_component>
      <object_component id="oc-1c1">
         <name>.econst:_asEntryDesc0x607D</name>
         <load_address>0xbc356</load_address>
         <run_address>0xbc356</run_address>
         <size>0x9</size>
         <input_file_ref idref="fl-c"/>
      </object_component>
      <object_component id="oc-1cd">
         <name>.econst:_asEntryDesc0x6099</name>
         <load_address>0xbc35f</load_address>
         <run_address>0xbc35f</run_address>
         <size>0x9</size>
         <input_file_ref idref="fl-c"/>
      </object_component>
      <object_component id="oc-1e3">
         <name>.econst:_asEntryDesc0x60C2</name>
         <load_address>0xbc368</load_address>
         <run_address>0xbc368</run_address>
         <size>0x9</size>
         <input_file_ref idref="fl-c"/>
      </object_component>
      <object_component id="oc-1ef">
         <name>.econst:_asEntryDesc0x60FE</name>
         <load_address>0xbc371</load_address>
         <run_address>0xbc371</run_address>
         <size>0x9</size>
         <input_file_ref idref="fl-c"/>
      </object_component>
      <object_component id="oc-202">
         <name>.econst:.string:_aName0x10F1</name>
         <load_address>0xbc37a</load_address>
         <run_address>0xbc37a</run_address>
         <size>0x8</size>
         <input_file_ref idref="fl-d"/>
      </object_component>
      <object_component id="oc-1c2">
         <name>.econst:.string:_aName0x607D</name>
         <load_address>0xbc382</load_address>
         <run_address>0xbc382</run_address>
         <size>0x8</size>
         <input_file_ref idref="fl-c"/>
      </object_component>
      <object_component id="oc-1ce">
         <name>.econst:.string:_aName0x6099</name>
         <load_address>0xbc38a</load_address>
         <run_address>0xbc38a</run_address>
         <size>0x8</size>
         <input_file_ref idref="fl-c"/>
      </object_component>
      <object_component id="oc-1f0">
         <name>.econst:.string:_aName0x60FE</name>
         <load_address>0xbc392</load_address>
         <run_address>0xbc392</run_address>
         <size>0x8</size>
         <input_file_ref idref="fl-c"/>
      </object_component>
      <object_component id="oc-203">
         <name>.econst:_asEntryDesc0x1C00</name>
         <load_address>0xbc39a</load_address>
         <run_address>0xbc39a</run_address>
         <size>0x6</size>
         <input_file_ref idref="fl-d"/>
      </object_component>
      <object_component id="oc-190">
         <name>.econst:_asPDOAssignEntryDesc</name>
         <load_address>0xbc3a0</load_address>
         <run_address>0xbc3a0</run_address>
         <size>0x6</size>
         <input_file_ref idref="fl-c"/>
      </object_component>
      <object_component id="oc-194">
         <name>.econst:.string:_aName0x1601</name>
         <load_address>0xbc3a6</load_address>
         <run_address>0xbc3a6</run_address>
         <size>0x4</size>
         <input_file_ref idref="fl-c"/>
      </object_component>
      <object_component id="oc-196">
         <name>.econst:.string:_aName0x1602</name>
         <load_address>0xbc3aa</load_address>
         <run_address>0xbc3aa</run_address>
         <size>0x4</size>
         <input_file_ref idref="fl-c"/>
      </object_component>
      <object_component id="oc-198">
         <name>.econst:.string:_aName0x1603</name>
         <load_address>0xbc3ae</load_address>
         <run_address>0xbc3ae</run_address>
         <size>0x4</size>
         <input_file_ref idref="fl-c"/>
      </object_component>
      <object_component id="oc-19a">
         <name>.econst:.string:_aName0x1A01</name>
         <load_address>0xbc3b2</load_address>
         <run_address>0xbc3b2</run_address>
         <size>0x4</size>
         <input_file_ref idref="fl-c"/>
      </object_component>
      <object_component id="oc-19c">
         <name>.econst:.string:_aName0x1A02</name>
         <load_address>0xbc3b6</load_address>
         <run_address>0xbc3b6</run_address>
         <size>0x4</size>
         <input_file_ref idref="fl-c"/>
      </object_component>
      <object_component id="oc-19e">
         <name>.econst:.string:_aName0x1A03</name>
         <load_address>0xbc3ba</load_address>
         <run_address>0xbc3ba</run_address>
         <size>0x4</size>
         <input_file_ref idref="fl-c"/>
      </object_component>
      <object_component id="oc-1f5">
         <name>.econst:_sEntryDesc0x1000</name>
         <load_address>0xbc3be</load_address>
         <run_address>0xbc3be</run_address>
         <size>0x3</size>
         <input_file_ref idref="fl-d"/>
      </object_component>
      <object_component id="oc-1f7">
         <name>.econst:_sEntryDesc0x1001</name>
         <load_address>0xbc3c1</load_address>
         <run_address>0xbc3c1</run_address>
         <size>0x3</size>
         <input_file_ref idref="fl-d"/>
      </object_component>
      <object_component id="oc-1f9">
         <name>.econst:_sEntryDesc0x1008</name>
         <load_address>0xbc3c4</load_address>
         <run_address>0xbc3c4</run_address>
         <size>0x3</size>
         <input_file_ref idref="fl-d"/>
      </object_component>
      <object_component id="oc-1fb">
         <name>.econst:_sEntryDesc0x1009</name>
         <load_address>0xbc3c7</load_address>
         <run_address>0xbc3c7</run_address>
         <size>0x3</size>
         <input_file_ref idref="fl-d"/>
      </object_component>
      <object_component id="oc-1fd">
         <name>.econst:_sEntryDesc0x100A</name>
         <load_address>0xbc3ca</load_address>
         <run_address>0xbc3ca</run_address>
         <size>0x3</size>
         <input_file_ref idref="fl-d"/>
      </object_component>
      <object_component id="oc-20c">
         <name>.econst:_sEntryDesc0x23FD</name>
         <load_address>0xbc3cd</load_address>
         <run_address>0xbc3cd</run_address>
         <size>0x3</size>
         <input_file_ref idref="fl-15"/>
      </object_component>
      <object_component id="oc-20e">
         <name>.econst:_sEntryDesc0x23FE</name>
         <load_address>0xbc3d0</load_address>
         <run_address>0xbc3d0</run_address>
         <size>0x3</size>
         <input_file_ref idref="fl-15"/>
      </object_component>
      <object_component id="oc-20a">
         <name>.econst:_sEntryDesc0x2452</name>
         <load_address>0xbc3d3</load_address>
         <run_address>0xbc3d3</run_address>
         <size>0x3</size>
         <input_file_ref idref="fl-15"/>
      </object_component>
      <object_component id="oc-19f">
         <name>.econst:_sEntryDesc0x603F</name>
         <load_address>0xbc3d6</load_address>
         <run_address>0xbc3d6</run_address>
         <size>0x3</size>
         <input_file_ref idref="fl-c"/>
      </object_component>
      <object_component id="oc-1a1">
         <name>.econst:_sEntryDesc0x6040</name>
         <load_address>0xbc3d9</load_address>
         <run_address>0xbc3d9</run_address>
         <size>0x3</size>
         <input_file_ref idref="fl-c"/>
      </object_component>
      <object_component id="oc-1a3">
         <name>.econst:_sEntryDesc0x6041</name>
         <load_address>0xbc3dc</load_address>
         <run_address>0xbc3dc</run_address>
         <size>0x3</size>
         <input_file_ref idref="fl-c"/>
      </object_component>
      <object_component id="oc-1a5">
         <name>.econst:_sEntryDesc0x6060</name>
         <load_address>0xbc3df</load_address>
         <run_address>0xbc3df</run_address>
         <size>0x3</size>
         <input_file_ref idref="fl-c"/>
      </object_component>
      <object_component id="oc-1a7">
         <name>.econst:_sEntryDesc0x6061</name>
         <load_address>0xbc3e2</load_address>
         <run_address>0xbc3e2</run_address>
         <size>0x3</size>
         <input_file_ref idref="fl-c"/>
      </object_component>
      <object_component id="oc-1a9">
         <name>.econst:_sEntryDesc0x6063</name>
         <load_address>0xbc3e5</load_address>
         <run_address>0xbc3e5</run_address>
         <size>0x3</size>
         <input_file_ref idref="fl-c"/>
      </object_component>
      <object_component id="oc-1ab">
         <name>.econst:_sEntryDesc0x6064</name>
         <load_address>0xbc3e8</load_address>
         <run_address>0xbc3e8</run_address>
         <size>0x3</size>
         <input_file_ref idref="fl-c"/>
      </object_component>
      <object_component id="oc-1ad">
         <name>.econst:_sEntryDesc0x6065</name>
         <load_address>0xbc3eb</load_address>
         <run_address>0xbc3eb</run_address>
         <size>0x3</size>
         <input_file_ref idref="fl-c"/>
      </object_component>
      <object_component id="oc-1af">
         <name>.econst:_sEntryDesc0x606B</name>
         <load_address>0xbc3ee</load_address>
         <run_address>0xbc3ee</run_address>
         <size>0x3</size>
         <input_file_ref idref="fl-c"/>
      </object_component>
      <object_component id="oc-1b1">
         <name>.econst:_sEntryDesc0x606C</name>
         <load_address>0xbc3f1</load_address>
         <run_address>0xbc3f1</run_address>
         <size>0x3</size>
         <input_file_ref idref="fl-c"/>
      </object_component>
      <object_component id="oc-1b3">
         <name>.econst:_sEntryDesc0x606D</name>
         <load_address>0xbc3f4</load_address>
         <run_address>0xbc3f4</run_address>
         <size>0x3</size>
         <input_file_ref idref="fl-c"/>
      </object_component>
      <object_component id="oc-1b5">
         <name>.econst:_sEntryDesc0x606E</name>
         <load_address>0xbc3f7</load_address>
         <run_address>0xbc3f7</run_address>
         <size>0x3</size>
         <input_file_ref idref="fl-c"/>
      </object_component>
      <object_component id="oc-1b7">
         <name>.econst:_sEntryDesc0x6071</name>
         <load_address>0xbc3fa</load_address>
         <run_address>0xbc3fa</run_address>
         <size>0x3</size>
         <input_file_ref idref="fl-c"/>
      </object_component>
      <object_component id="oc-1b9">
         <name>.econst:_sEntryDesc0x6072</name>
         <load_address>0xbc3fd</load_address>
         <run_address>0xbc3fd</run_address>
         <size>0x3</size>
         <input_file_ref idref="fl-c"/>
      </object_component>
      <object_component id="oc-1bb">
         <name>.econst:_sEntryDesc0x6077</name>
         <load_address>0xbc400</load_address>
         <run_address>0xbc400</run_address>
         <size>0x3</size>
         <input_file_ref idref="fl-c"/>
      </object_component>
      <object_component id="oc-1bd">
         <name>.econst:_sEntryDesc0x607A</name>
         <load_address>0xbc403</load_address>
         <run_address>0xbc403</run_address>
         <size>0x3</size>
         <input_file_ref idref="fl-c"/>
      </object_component>
      <object_component id="oc-1bf">
         <name>.econst:_sEntryDesc0x607C</name>
         <load_address>0xbc406</load_address>
         <run_address>0xbc406</run_address>
         <size>0x3</size>
         <input_file_ref idref="fl-c"/>
      </object_component>
      <object_component id="oc-1c3">
         <name>.econst:_sEntryDesc0x6081</name>
         <load_address>0xbc409</load_address>
         <run_address>0xbc409</run_address>
         <size>0x3</size>
         <input_file_ref idref="fl-c"/>
      </object_component>
      <object_component id="oc-1c5">
         <name>.econst:_sEntryDesc0x6083</name>
         <load_address>0xbc40c</load_address>
         <run_address>0xbc40c</run_address>
         <size>0x3</size>
         <input_file_ref idref="fl-c"/>
      </object_component>
      <object_component id="oc-1c7">
         <name>.econst:_sEntryDesc0x6084</name>
         <load_address>0xbc40f</load_address>
         <run_address>0xbc40f</run_address>
         <size>0x3</size>
         <input_file_ref idref="fl-c"/>
      </object_component>
      <object_component id="oc-1c9">
         <name>.econst:_sEntryDesc0x6087</name>
         <load_address>0xbc412</load_address>
         <run_address>0xbc412</run_address>
         <size>0x3</size>
         <input_file_ref idref="fl-c"/>
      </object_component>
      <object_component id="oc-1cb">
         <name>.econst:_sEntryDesc0x6098</name>
         <load_address>0xbc415</load_address>
         <run_address>0xbc415</run_address>
         <size>0x3</size>
         <input_file_ref idref="fl-c"/>
      </object_component>
      <object_component id="oc-1cf">
         <name>.econst:_sEntryDesc0x609A</name>
         <load_address>0xbc418</load_address>
         <run_address>0xbc418</run_address>
         <size>0x3</size>
         <input_file_ref idref="fl-c"/>
      </object_component>
      <object_component id="oc-1d1">
         <name>.econst:_sEntryDesc0x60B1</name>
         <load_address>0xbc41b</load_address>
         <run_address>0xbc41b</run_address>
         <size>0x3</size>
         <input_file_ref idref="fl-c"/>
      </object_component>
      <object_component id="oc-1d3">
         <name>.econst:_sEntryDesc0x60B2</name>
         <load_address>0xbc41e</load_address>
         <run_address>0xbc41e</run_address>
         <size>0x3</size>
         <input_file_ref idref="fl-c"/>
      </object_component>
      <object_component id="oc-1d5">
         <name>.econst:_sEntryDesc0x60B8</name>
         <load_address>0xbc421</load_address>
         <run_address>0xbc421</run_address>
         <size>0x3</size>
         <input_file_ref idref="fl-c"/>
      </object_component>
      <object_component id="oc-1d7">
         <name>.econst:_sEntryDesc0x60B9</name>
         <load_address>0xbc424</load_address>
         <run_address>0xbc424</run_address>
         <size>0x3</size>
         <input_file_ref idref="fl-c"/>
      </object_component>
      <object_component id="oc-1d9">
         <name>.econst:_sEntryDesc0x60BA</name>
         <load_address>0xbc427</load_address>
         <run_address>0xbc427</run_address>
         <size>0x3</size>
         <input_file_ref idref="fl-c"/>
      </object_component>
      <object_component id="oc-1db">
         <name>.econst:_sEntryDesc0x60BB</name>
         <load_address>0xbc42a</load_address>
         <run_address>0xbc42a</run_address>
         <size>0x3</size>
         <input_file_ref idref="fl-c"/>
      </object_component>
      <object_component id="oc-1dd">
         <name>.econst:_sEntryDesc0x60BC</name>
         <load_address>0xbc42d</load_address>
         <run_address>0xbc42d</run_address>
         <size>0x3</size>
         <input_file_ref idref="fl-c"/>
      </object_component>
      <object_component id="oc-1df">
         <name>.econst:_sEntryDesc0x60BD</name>
         <load_address>0xbc430</load_address>
         <run_address>0xbc430</run_address>
         <size>0x3</size>
         <input_file_ref idref="fl-c"/>
      </object_component>
      <object_component id="oc-1e1">
         <name>.econst:_sEntryDesc0x60C0</name>
         <load_address>0xbc433</load_address>
         <run_address>0xbc433</run_address>
         <size>0x3</size>
         <input_file_ref idref="fl-c"/>
      </object_component>
      <object_component id="oc-1e5">
         <name>.econst:_sEntryDesc0x60E0</name>
         <load_address>0xbc436</load_address>
         <run_address>0xbc436</run_address>
         <size>0x3</size>
         <input_file_ref idref="fl-c"/>
      </object_component>
      <object_component id="oc-1e7">
         <name>.econst:_sEntryDesc0x60E1</name>
         <load_address>0xbc439</load_address>
         <run_address>0xbc439</run_address>
         <size>0x3</size>
         <input_file_ref idref="fl-c"/>
      </object_component>
      <object_component id="oc-1e9">
         <name>.econst:_sEntryDesc0x60F4</name>
         <load_address>0xbc43c</load_address>
         <run_address>0xbc43c</run_address>
         <size>0x3</size>
         <input_file_ref idref="fl-c"/>
      </object_component>
      <object_component id="oc-1eb">
         <name>.econst:_sEntryDesc0x60FC</name>
         <load_address>0xbc43f</load_address>
         <run_address>0xbc43f</run_address>
         <size>0x3</size>
         <input_file_ref idref="fl-c"/>
      </object_component>
      <object_component id="oc-1ed">
         <name>.econst:_sEntryDesc0x60FD</name>
         <load_address>0xbc442</load_address>
         <run_address>0xbc442</run_address>
         <size>0x3</size>
         <input_file_ref idref="fl-c"/>
      </object_component>
      <object_component id="oc-1f1">
         <name>.econst:_sEntryDesc0x60FF</name>
         <load_address>0xbc445</load_address>
         <run_address>0xbc445</run_address>
         <size>0x3</size>
         <input_file_ref idref="fl-c"/>
      </object_component>
      <object_component id="oc-1f3">
         <name>.econst:_sEntryDesc0x6502</name>
         <load_address>0xbc448</load_address>
         <run_address>0xbc448</run_address>
         <size>0x3</size>
         <input_file_ref idref="fl-c"/>
      </object_component>
      <object_component id="oc-1f6">
         <name>.econst:.string:_aName0x1000</name>
         <load_address>0xbc44b</load_address>
         <run_address>0xbc44b</run_address>
         <size>0x2</size>
         <input_file_ref idref="fl-d"/>
      </object_component>
      <object_component id="oc-1f8">
         <name>.econst:.string:_aName0x1001</name>
         <load_address>0xbc44d</load_address>
         <run_address>0xbc44d</run_address>
         <size>0x2</size>
         <input_file_ref idref="fl-d"/>
      </object_component>
      <object_component id="oc-1fa">
         <name>.econst:.string:_aName0x1008</name>
         <load_address>0xbc44f</load_address>
         <run_address>0xbc44f</run_address>
         <size>0x2</size>
         <input_file_ref idref="fl-d"/>
      </object_component>
      <object_component id="oc-1fc">
         <name>.econst:.string:_aName0x1009</name>
         <load_address>0xbc451</load_address>
         <run_address>0xbc451</run_address>
         <size>0x2</size>
         <input_file_ref idref="fl-d"/>
      </object_component>
      <object_component id="oc-1fe">
         <name>.econst:.string:_aName0x100A</name>
         <load_address>0xbc453</load_address>
         <run_address>0xbc453</run_address>
         <size>0x2</size>
         <input_file_ref idref="fl-d"/>
      </object_component>
      <object_component id="oc-204">
         <name>.econst:.string:_aName0x1C00</name>
         <load_address>0xbc455</load_address>
         <run_address>0xbc455</run_address>
         <size>0x2</size>
         <input_file_ref idref="fl-d"/>
      </object_component>
      <object_component id="oc-191">
         <name>.econst:.string:_aName0x1C12</name>
         <load_address>0xbc457</load_address>
         <run_address>0xbc457</run_address>
         <size>0x2</size>
         <input_file_ref idref="fl-c"/>
      </object_component>
      <object_component id="oc-192">
         <name>.econst:.string:_aName0x1C13</name>
         <load_address>0xbc459</load_address>
         <run_address>0xbc459</run_address>
         <size>0x2</size>
         <input_file_ref idref="fl-c"/>
      </object_component>
      <object_component id="oc-1a0">
         <name>.econst:.string:_aName0x603F</name>
         <load_address>0xbc45b</load_address>
         <run_address>0xbc45b</run_address>
         <size>0x2</size>
         <input_file_ref idref="fl-c"/>
      </object_component>
      <object_component id="oc-1a2">
         <name>.econst:.string:_aName0x6040</name>
         <load_address>0xbc45d</load_address>
         <run_address>0xbc45d</run_address>
         <size>0x2</size>
         <input_file_ref idref="fl-c"/>
      </object_component>
      <object_component id="oc-1a4">
         <name>.econst:.string:_aName0x6041</name>
         <load_address>0xbc45f</load_address>
         <run_address>0xbc45f</run_address>
         <size>0x2</size>
         <input_file_ref idref="fl-c"/>
      </object_component>
      <object_component id="oc-1a6">
         <name>.econst:.string:_aName0x6060</name>
         <load_address>0xbc461</load_address>
         <run_address>0xbc461</run_address>
         <size>0x2</size>
         <input_file_ref idref="fl-c"/>
      </object_component>
      <object_component id="oc-1a8">
         <name>.econst:.string:_aName0x6061</name>
         <load_address>0xbc463</load_address>
         <run_address>0xbc463</run_address>
         <size>0x2</size>
         <input_file_ref idref="fl-c"/>
      </object_component>
      <object_component id="oc-1aa">
         <name>.econst:.string:_aName0x6063</name>
         <load_address>0xbc465</load_address>
         <run_address>0xbc465</run_address>
         <size>0x2</size>
         <input_file_ref idref="fl-c"/>
      </object_component>
      <object_component id="oc-1ac">
         <name>.econst:.string:_aName0x6064</name>
         <load_address>0xbc467</load_address>
         <run_address>0xbc467</run_address>
         <size>0x2</size>
         <input_file_ref idref="fl-c"/>
      </object_component>
      <object_component id="oc-1ae">
         <name>.econst:.string:_aName0x6065</name>
         <load_address>0xbc469</load_address>
         <run_address>0xbc469</run_address>
         <size>0x2</size>
         <input_file_ref idref="fl-c"/>
      </object_component>
      <object_component id="oc-1b0">
         <name>.econst:.string:_aName0x606B</name>
         <load_address>0xbc46b</load_address>
         <run_address>0xbc46b</run_address>
         <size>0x2</size>
         <input_file_ref idref="fl-c"/>
      </object_component>
      <object_component id="oc-1b2">
         <name>.econst:.string:_aName0x606C</name>
         <load_address>0xbc46d</load_address>
         <run_address>0xbc46d</run_address>
         <size>0x2</size>
         <input_file_ref idref="fl-c"/>
      </object_component>
      <object_component id="oc-1b4">
         <name>.econst:.string:_aName0x606D</name>
         <load_address>0xbc46f</load_address>
         <run_address>0xbc46f</run_address>
         <size>0x2</size>
         <input_file_ref idref="fl-c"/>
      </object_component>
      <object_component id="oc-1b6">
         <name>.econst:.string:_aName0x606E</name>
         <load_address>0xbc471</load_address>
         <run_address>0xbc471</run_address>
         <size>0x2</size>
         <input_file_ref idref="fl-c"/>
      </object_component>
      <object_component id="oc-1b8">
         <name>.econst:.string:_aName0x6071</name>
         <load_address>0xbc473</load_address>
         <run_address>0xbc473</run_address>
         <size>0x2</size>
         <input_file_ref idref="fl-c"/>
      </object_component>
      <object_component id="oc-1ba">
         <name>.econst:.string:_aName0x6072</name>
         <load_address>0xbc475</load_address>
         <run_address>0xbc475</run_address>
         <size>0x2</size>
         <input_file_ref idref="fl-c"/>
      </object_component>
      <object_component id="oc-1bc">
         <name>.econst:.string:_aName0x6077</name>
         <load_address>0xbc477</load_address>
         <run_address>0xbc477</run_address>
         <size>0x2</size>
         <input_file_ref idref="fl-c"/>
      </object_component>
      <object_component id="oc-1be">
         <name>.econst:.string:_aName0x607A</name>
         <load_address>0xbc479</load_address>
         <run_address>0xbc479</run_address>
         <size>0x2</size>
         <input_file_ref idref="fl-c"/>
      </object_component>
      <object_component id="oc-1c0">
         <name>.econst:.string:_aName0x607C</name>
         <load_address>0xbc47b</load_address>
         <run_address>0xbc47b</run_address>
         <size>0x2</size>
         <input_file_ref idref="fl-c"/>
      </object_component>
      <object_component id="oc-1c4">
         <name>.econst:.string:_aName0x6081</name>
         <load_address>0xbc47d</load_address>
         <run_address>0xbc47d</run_address>
         <size>0x2</size>
         <input_file_ref idref="fl-c"/>
      </object_component>
      <object_component id="oc-1c6">
         <name>.econst:.string:_aName0x6083</name>
         <load_address>0xbc47f</load_address>
         <run_address>0xbc47f</run_address>
         <size>0x2</size>
         <input_file_ref idref="fl-c"/>
      </object_component>
      <object_component id="oc-1c8">
         <name>.econst:.string:_aName0x6084</name>
         <load_address>0xbc481</load_address>
         <run_address>0xbc481</run_address>
         <size>0x2</size>
         <input_file_ref idref="fl-c"/>
      </object_component>
      <object_component id="oc-1ca">
         <name>.econst:.string:_aName0x6087</name>
         <load_address>0xbc483</load_address>
         <run_address>0xbc483</run_address>
         <size>0x2</size>
         <input_file_ref idref="fl-c"/>
      </object_component>
      <object_component id="oc-1cc">
         <name>.econst:.string:_aName0x6098</name>
         <load_address>0xbc485</load_address>
         <run_address>0xbc485</run_address>
         <size>0x2</size>
         <input_file_ref idref="fl-c"/>
      </object_component>
      <object_component id="oc-1d0">
         <name>.econst:.string:_aName0x609A</name>
         <load_address>0xbc487</load_address>
         <run_address>0xbc487</run_address>
         <size>0x2</size>
         <input_file_ref idref="fl-c"/>
      </object_component>
      <object_component id="oc-1d2">
         <name>.econst:.string:_aName0x60B1</name>
         <load_address>0xbc489</load_address>
         <run_address>0xbc489</run_address>
         <size>0x2</size>
         <input_file_ref idref="fl-c"/>
      </object_component>
      <object_component id="oc-1d4">
         <name>.econst:.string:_aName0x60B2</name>
         <load_address>0xbc48b</load_address>
         <run_address>0xbc48b</run_address>
         <size>0x2</size>
         <input_file_ref idref="fl-c"/>
      </object_component>
      <object_component id="oc-1d6">
         <name>.econst:.string:_aName0x60B8</name>
         <load_address>0xbc48d</load_address>
         <run_address>0xbc48d</run_address>
         <size>0x2</size>
         <input_file_ref idref="fl-c"/>
      </object_component>
      <object_component id="oc-1d8">
         <name>.econst:.string:_aName0x60B9</name>
         <load_address>0xbc48f</load_address>
         <run_address>0xbc48f</run_address>
         <size>0x2</size>
         <input_file_ref idref="fl-c"/>
      </object_component>
      <object_component id="oc-1da">
         <name>.econst:.string:_aName0x60BA</name>
         <load_address>0xbc491</load_address>
         <run_address>0xbc491</run_address>
         <size>0x2</size>
         <input_file_ref idref="fl-c"/>
      </object_component>
      <object_component id="oc-1dc">
         <name>.econst:.string:_aName0x60BB</name>
         <load_address>0xbc493</load_address>
         <run_address>0xbc493</run_address>
         <size>0x2</size>
         <input_file_ref idref="fl-c"/>
      </object_component>
      <object_component id="oc-1de">
         <name>.econst:.string:_aName0x60BC</name>
         <load_address>0xbc495</load_address>
         <run_address>0xbc495</run_address>
         <size>0x2</size>
         <input_file_ref idref="fl-c"/>
      </object_component>
      <object_component id="oc-1e0">
         <name>.econst:.string:_aName0x60BD</name>
         <load_address>0xbc497</load_address>
         <run_address>0xbc497</run_address>
         <size>0x2</size>
         <input_file_ref idref="fl-c"/>
      </object_component>
      <object_component id="oc-1e2">
         <name>.econst:.string:_aName0x60C0</name>
         <load_address>0xbc499</load_address>
         <run_address>0xbc499</run_address>
         <size>0x2</size>
         <input_file_ref idref="fl-c"/>
      </object_component>
      <object_component id="oc-1e6">
         <name>.econst:.string:_aName0x60E0</name>
         <load_address>0xbc49b</load_address>
         <run_address>0xbc49b</run_address>
         <size>0x2</size>
         <input_file_ref idref="fl-c"/>
      </object_component>
      <object_component id="oc-1e8">
         <name>.econst:.string:_aName0x60E1</name>
         <load_address>0xbc49d</load_address>
         <run_address>0xbc49d</run_address>
         <size>0x2</size>
         <input_file_ref idref="fl-c"/>
      </object_component>
      <object_component id="oc-1ea">
         <name>.econst:.string:_aName0x60F4</name>
         <load_address>0xbc49f</load_address>
         <run_address>0xbc49f</run_address>
         <size>0x2</size>
         <input_file_ref idref="fl-c"/>
      </object_component>
      <object_component id="oc-1ec">
         <name>.econst:.string:_aName0x60FC</name>
         <load_address>0xbc4a1</load_address>
         <run_address>0xbc4a1</run_address>
         <size>0x2</size>
         <input_file_ref idref="fl-c"/>
      </object_component>
      <object_component id="oc-1ee">
         <name>.econst:.string:_aName0x60FD</name>
         <load_address>0xbc4a3</load_address>
         <run_address>0xbc4a3</run_address>
         <size>0x2</size>
         <input_file_ref idref="fl-c"/>
      </object_component>
      <object_component id="oc-1f2">
         <name>.econst:.string:_aName0x60FF</name>
         <load_address>0xbc4a5</load_address>
         <run_address>0xbc4a5</run_address>
         <size>0x2</size>
         <input_file_ref idref="fl-c"/>
      </object_component>
      <object_component id="oc-1f4">
         <name>.econst:.string:_aName0x6502</name>
         <load_address>0xbc4a7</load_address>
         <run_address>0xbc4a7</run_address>
         <size>0x2</size>
         <input_file_ref idref="fl-c"/>
      </object_component>
      <object_component id="oc-227">
         <name>.switch:_OBJ_GetEntryOffset</name>
         <load_address>0xbc4ac</load_address>
         <run_address>0xbc4ac</run_address>
         <size>0x24</size>
         <input_file_ref idref="fl-12"/>
      </object_component>
      <object_component id="oc-229">
         <name>.switch:_OBJ_Read</name>
         <load_address>0xbc4d0</load_address>
         <run_address>0xbc4d0</run_address>
         <size>0x18</size>
         <input_file_ref idref="fl-12"/>
      </object_component>
      <object_component id="oc-22a">
         <name>.switch:_OBJ_Write</name>
         <load_address>0xbc4e8</load_address>
         <run_address>0xbc4e8</run_address>
         <size>0x18</size>
         <input_file_ref idref="fl-12"/>
      </object_component>
      <object_component id="oc-14a">
         <name>.reset</name>
         <load_address>0x3fffc0</load_address>
         <run_address>0x3fffc0</run_address>
         <size>0x2</size>
         <input_file_ref idref="fl-27"/>
      </object_component>
      <object_component id="oc-137">
         <name>SHARERAMGS14</name>
         <uninitialized>true</uninitialized>
         <run_address>0x1a000</run_address>
         <size>0x12</size>
         <input_file_ref idref="fl-14"/>
      </object_component>
      <object_component id="oc-136">
         <name>SHARERAMGS15</name>
         <uninitialized>true</uninitialized>
         <run_address>0x1b000</run_address>
         <size>0x10</size>
         <input_file_ref idref="fl-14"/>
      </object_component>
      <object_component id="oc-a2">
         <name>.TI.ramfunc</name>
         <load_address>0xbe1b4</load_address>
         <run_address>0x81b4</run_address>
         <size>0x4</size>
         <input_file_ref idref="fl-a"/>
      </object_component>
      <object_component id="oc-21e">
         <name>isrfuncs</name>
         <load_address>0xbe000</load_address>
         <run_address>0x8000</run_address>
         <size>0xab</size>
         <input_file_ref idref="fl-14"/>
      </object_component>
      <object_component id="oc-138">
         <name>isrfuncs:retain</name>
         <load_address>0xbe0ab</load_address>
         <run_address>0x80ab</run_address>
         <size>0x70</size>
         <input_file_ref idref="fl-14"/>
      </object_component>
      <object_component id="oc-215">
         <name>isrfuncs</name>
         <load_address>0xbe11b</load_address>
         <run_address>0x811b</run_address>
         <size>0x5c</size>
         <input_file_ref idref="fl-e"/>
      </object_component>
      <object_component id="oc-214">
         <name>isrfuncs</name>
         <load_address>0xbe177</load_address>
         <run_address>0x8177</run_address>
         <size>0x3d</size>
         <input_file_ref idref="fl-16"/>
      </object_component>
      <object_component id="oc-fc">
         <name>PieVectTableFile</name>
         <uninitialized>true</uninitialized>
         <run_address>0xd00</run_address>
         <size>0x1c0</size>
         <input_file_ref idref="fl-b"/>
      </object_component>
      <object_component id="oc-a8">
         <name>EmuKeyVar</name>
         <uninitialized>true</uninitialized>
         <run_address>0xd00</run_address>
         <size>0x1</size>
         <input_file_ref idref="fl-b"/>
      </object_component>
      <object_component id="oc-a9">
         <name>EmuBModeVar</name>
         <uninitialized>true</uninitialized>
         <run_address>0xd01</run_address>
         <size>0x1</size>
         <input_file_ref idref="fl-b"/>
      </object_component>
      <object_component id="oc-bc">
         <name>AdcaResultFile</name>
         <uninitialized>true</uninitialized>
         <run_address>0xb00</run_address>
         <size>0x18</size>
         <input_file_ref idref="fl-b"/>
      </object_component>
      <object_component id="oc-bd">
         <name>AdcbResultFile</name>
         <uninitialized>true</uninitialized>
         <run_address>0xb20</run_address>
         <size>0x18</size>
         <input_file_ref idref="fl-b"/>
      </object_component>
      <object_component id="oc-be">
         <name>AdccResultFile</name>
         <uninitialized>true</uninitialized>
         <run_address>0xb40</run_address>
         <size>0x18</size>
         <input_file_ref idref="fl-b"/>
      </object_component>
      <object_component id="oc-bb">
         <name>AdcdResultFile</name>
         <uninitialized>true</uninitialized>
         <run_address>0xb60</run_address>
         <size>0x18</size>
         <input_file_ref idref="fl-b"/>
      </object_component>
      <object_component id="oc-e8">
         <name>AdcaRegsFile</name>
         <uninitialized>true</uninitialized>
         <run_address>0x7400</run_address>
         <size>0x80</size>
         <input_file_ref idref="fl-b"/>
      </object_component>
      <object_component id="oc-e7">
         <name>AdcbRegsFile</name>
         <uninitialized>true</uninitialized>
         <run_address>0x7480</run_address>
         <size>0x80</size>
         <input_file_ref idref="fl-b"/>
      </object_component>
      <object_component id="oc-ea">
         <name>AdccRegsFile</name>
         <uninitialized>true</uninitialized>
         <run_address>0x7500</run_address>
         <size>0x80</size>
         <input_file_ref idref="fl-b"/>
      </object_component>
      <object_component id="oc-e5">
         <name>AdcdRegsFile</name>
         <uninitialized>true</uninitialized>
         <run_address>0x7580</run_address>
         <size>0x80</size>
         <input_file_ref idref="fl-b"/>
      </object_component>
      <object_component id="oc-f9">
         <name>CanaRegsFile</name>
         <uninitialized>true</uninitialized>
         <run_address>0x48000</run_address>
         <size>0x164</size>
         <input_file_ref idref="fl-b"/>
      </object_component>
      <object_component id="oc-fa">
         <name>CanbRegsFile</name>
         <uninitialized>true</uninitialized>
         <run_address>0x4a000</run_address>
         <size>0x164</size>
         <input_file_ref idref="fl-b"/>
      </object_component>
      <object_component id="oc-d0">
         <name>Cmpss1RegsFile</name>
         <uninitialized>true</uninitialized>
         <run_address>0x5c80</run_address>
         <size>0x20</size>
         <input_file_ref idref="fl-b"/>
      </object_component>
      <object_component id="oc-cf">
         <name>Cmpss2RegsFile</name>
         <uninitialized>true</uninitialized>
         <run_address>0x5ca0</run_address>
         <size>0x20</size>
         <input_file_ref idref="fl-b"/>
      </object_component>
      <object_component id="oc-c8">
         <name>Cmpss3RegsFile</name>
         <uninitialized>true</uninitialized>
         <run_address>0x5cc0</run_address>
         <size>0x20</size>
         <input_file_ref idref="fl-b"/>
      </object_component>
      <object_component id="oc-c7">
         <name>Cmpss4RegsFile</name>
         <uninitialized>true</uninitialized>
         <run_address>0x5ce0</run_address>
         <size>0x20</size>
         <input_file_ref idref="fl-b"/>
      </object_component>
      <object_component id="oc-c9">
         <name>Cmpss5RegsFile</name>
         <uninitialized>true</uninitialized>
         <run_address>0x5d00</run_address>
         <size>0x20</size>
         <input_file_ref idref="fl-b"/>
      </object_component>
      <object_component id="oc-cb">
         <name>Cmpss6RegsFile</name>
         <uninitialized>true</uninitialized>
         <run_address>0x5d20</run_address>
         <size>0x20</size>
         <input_file_ref idref="fl-b"/>
      </object_component>
      <object_component id="oc-d1">
         <name>Cmpss7RegsFile</name>
         <uninitialized>true</uninitialized>
         <run_address>0x5d40</run_address>
         <size>0x20</size>
         <input_file_ref idref="fl-b"/>
      </object_component>
      <object_component id="oc-ca">
         <name>Cmpss8RegsFile</name>
         <uninitialized>true</uninitialized>
         <run_address>0x5d60</run_address>
         <size>0x20</size>
         <input_file_ref idref="fl-b"/>
      </object_component>
      <object_component id="oc-ac">
         <name>CpuTimer0RegsFile</name>
         <uninitialized>true</uninitialized>
         <run_address>0xc00</run_address>
         <size>0x8</size>
         <input_file_ref idref="fl-b"/>
      </object_component>
      <object_component id="oc-ad">
         <name>CpuTimer1RegsFile</name>
         <uninitialized>true</uninitialized>
         <run_address>0xc08</run_address>
         <size>0x8</size>
         <input_file_ref idref="fl-b"/>
      </object_component>
      <object_component id="oc-b2">
         <name>CpuTimer2RegsFile</name>
         <uninitialized>true</uninitialized>
         <run_address>0xc10</run_address>
         <size>0x8</size>
         <input_file_ref idref="fl-b"/>
      </object_component>
      <object_component id="oc-b0">
         <name>DacaRegsFile</name>
         <uninitialized>true</uninitialized>
         <run_address>0x5c00</run_address>
         <size>0x8</size>
         <input_file_ref idref="fl-b"/>
      </object_component>
      <object_component id="oc-ae">
         <name>DacbRegsFile</name>
         <uninitialized>true</uninitialized>
         <run_address>0x5c10</run_address>
         <size>0x8</size>
         <input_file_ref idref="fl-b"/>
      </object_component>
      <object_component id="oc-af">
         <name>DaccRegsFile</name>
         <uninitialized>true</uninitialized>
         <run_address>0x5c20</run_address>
         <size>0x8</size>
         <input_file_ref idref="fl-b"/>
      </object_component>
      <object_component id="oc-db">
         <name>DcsmZ1RegsFile</name>
         <uninitialized>true</uninitialized>
         <run_address>0x5f000</run_address>
         <size>0x24</size>
         <input_file_ref idref="fl-b"/>
      </object_component>
      <object_component id="oc-d9">
         <name>DcsmZ2RegsFile</name>
         <uninitialized>true</uninitialized>
         <run_address>0x5f040</run_address>
         <size>0x24</size>
         <input_file_ref idref="fl-b"/>
      </object_component>
      <object_component id="oc-b1">
         <name>DcsmCommonRegsFile</name>
         <uninitialized>true</uninitialized>
         <run_address>0x5f070</run_address>
         <size>0x8</size>
         <input_file_ref idref="fl-b"/>
      </object_component>
      <object_component id="oc-ce">
         <name>DcsmZ1OtpFile</name>
         <uninitialized>true</uninitialized>
         <run_address>0x78000</run_address>
         <size>0x20</size>
         <input_file_ref idref="fl-b"/>
      </object_component>
      <object_component id="oc-cc">
         <name>DcsmZ2OtpFile</name>
         <uninitialized>true</uninitialized>
         <run_address>0x78200</run_address>
         <size>0x20</size>
         <input_file_ref idref="fl-b"/>
      </object_component>
      <object_component id="oc-ec">
         <name>DmaRegsFile</name>
         <uninitialized>true</uninitialized>
         <run_address>0x1000</run_address>
         <size>0xe0</size>
         <input_file_ref idref="fl-b"/>
      </object_component>
      <object_component id="oc-bf">
         <name>DmaClaSrcSelRegsFile</name>
         <uninitialized>true</uninitialized>
         <run_address>0x7980</run_address>
         <size>0x1a</size>
         <input_file_ref idref="fl-b"/>
      </object_component>
      <object_component id="oc-c2">
         <name>ECap1RegsFile</name>
         <uninitialized>true</uninitialized>
         <run_address>0x5000</run_address>
         <size>0x20</size>
         <input_file_ref idref="fl-b"/>
      </object_component>
      <object_component id="oc-c4">
         <name>ECap2RegsFile</name>
         <uninitialized>true</uninitialized>
         <run_address>0x5020</run_address>
         <size>0x20</size>
         <input_file_ref idref="fl-b"/>
      </object_component>
      <object_component id="oc-c6">
         <name>ECap3RegsFile</name>
         <uninitialized>true</uninitialized>
         <run_address>0x5040</run_address>
         <size>0x20</size>
         <input_file_ref idref="fl-b"/>
      </object_component>
      <object_component id="oc-c5">
         <name>ECap4RegsFile</name>
         <uninitialized>true</uninitialized>
         <run_address>0x5060</run_address>
         <size>0x20</size>
         <input_file_ref idref="fl-b"/>
      </object_component>
      <object_component id="oc-cd">
         <name>ECap5RegsFile</name>
         <uninitialized>true</uninitialized>
         <run_address>0x5080</run_address>
         <size>0x20</size>
         <input_file_ref idref="fl-b"/>
      </object_component>
      <object_component id="oc-c1">
         <name>ECap6RegsFile</name>
         <uninitialized>true</uninitialized>
         <run_address>0x50a0</run_address>
         <size>0x20</size>
         <input_file_ref idref="fl-b"/>
      </object_component>
      <object_component id="oc-e2">
         <name>Emif1RegsFile</name>
         <uninitialized>true</uninitialized>
         <run_address>0x47000</run_address>
         <size>0x70</size>
         <input_file_ref idref="fl-b"/>
      </object_component>
      <object_component id="oc-e3">
         <name>Emif2RegsFile</name>
         <uninitialized>true</uninitialized>
         <run_address>0x47800</run_address>
         <size>0x70</size>
         <input_file_ref idref="fl-b"/>
      </object_component>
      <object_component id="oc-ee">
         <name>EPwm1RegsFile</name>
         <uninitialized>true</uninitialized>
         <run_address>0x4000</run_address>
         <size>0x100</size>
         <input_file_ref idref="fl-b"/>
      </object_component>
      <object_component id="oc-ef">
         <name>EPwm2RegsFile</name>
         <uninitialized>true</uninitialized>
         <run_address>0x4100</run_address>
         <size>0x100</size>
         <input_file_ref idref="fl-b"/>
      </object_component>
      <object_component id="oc-ed">
         <name>EPwm3RegsFile</name>
         <uninitialized>true</uninitialized>
         <run_address>0x4200</run_address>
         <size>0x100</size>
         <input_file_ref idref="fl-b"/>
      </object_component>
      <object_component id="oc-f6">
         <name>EPwm4RegsFile</name>
         <uninitialized>true</uninitialized>
         <run_address>0x4300</run_address>
         <size>0x100</size>
         <input_file_ref idref="fl-b"/>
      </object_component>
      <object_component id="oc-f8">
         <name>EPwm5RegsFile</name>
         <uninitialized>true</uninitialized>
         <run_address>0x4400</run_address>
         <size>0x100</size>
         <input_file_ref idref="fl-b"/>
      </object_component>
      <object_component id="oc-f7">
         <name>EPwm6RegsFile</name>
         <uninitialized>true</uninitialized>
         <run_address>0x4500</run_address>
         <size>0x100</size>
         <input_file_ref idref="fl-b"/>
      </object_component>
      <object_component id="oc-f1">
         <name>EPwm7RegsFile</name>
         <uninitialized>true</uninitialized>
         <run_address>0x4600</run_address>
         <size>0x100</size>
         <input_file_ref idref="fl-b"/>
      </object_component>
      <object_component id="oc-f0">
         <name>EPwm8RegsFile</name>
         <uninitialized>true</uninitialized>
         <run_address>0x4700</run_address>
         <size>0x100</size>
         <input_file_ref idref="fl-b"/>
      </object_component>
      <object_component id="oc-f2">
         <name>EPwm9RegsFile</name>
         <uninitialized>true</uninitialized>
         <run_address>0x4800</run_address>
         <size>0x100</size>
         <input_file_ref idref="fl-b"/>
      </object_component>
      <object_component id="oc-f4">
         <name>EPwm10RegsFile</name>
         <uninitialized>true</uninitialized>
         <run_address>0x4900</run_address>
         <size>0x100</size>
         <input_file_ref idref="fl-b"/>
      </object_component>
      <object_component id="oc-f3">
         <name>EPwm11RegsFile</name>
         <uninitialized>true</uninitialized>
         <run_address>0x4a00</run_address>
         <size>0x100</size>
         <input_file_ref idref="fl-b"/>
      </object_component>
      <object_component id="oc-f5">
         <name>EPwm12RegsFile</name>
         <uninitialized>true</uninitialized>
         <run_address>0x4b00</run_address>
         <size>0x100</size>
         <input_file_ref idref="fl-b"/>
      </object_component>
      <object_component id="oc-d4">
         <name>EQep1RegsFile</name>
         <uninitialized>true</uninitialized>
         <run_address>0x5100</run_address>
         <size>0x22</size>
         <input_file_ref idref="fl-b"/>
      </object_component>
      <object_component id="oc-d5">
         <name>EQep2RegsFile</name>
         <uninitialized>true</uninitialized>
         <run_address>0x5140</run_address>
         <size>0x22</size>
         <input_file_ref idref="fl-b"/>
      </object_component>
      <object_component id="oc-d6">
         <name>EQep3RegsFile</name>
         <uninitialized>true</uninitialized>
         <run_address>0x5180</run_address>
         <size>0x22</size>
         <input_file_ref idref="fl-b"/>
      </object_component>
      <object_component id="oc-fb">
         <name>Flash0CtrlRegsFile</name>
         <uninitialized>true</uninitialized>
         <run_address>0x5f800</run_address>
         <size>0x182</size>
         <input_file_ref idref="fl-b"/>
      </object_component>
      <object_component id="oc-dc">
         <name>Flash0EccRegsFile</name>
         <uninitialized>true</uninitialized>
         <run_address>0x5fb00</run_address>
         <size>0x28</size>
         <input_file_ref idref="fl-b"/>
      </object_component>
      <object_component id="oc-de">
         <name>GpioDataRegsFile</name>
         <uninitialized>true</uninitialized>
         <run_address>0x7f00</run_address>
         <size>0x30</size>
         <input_file_ref idref="fl-b"/>
      </object_component>
      <object_component id="oc-d2">
         <name>I2caRegsFile</name>
         <uninitialized>true</uninitialized>
         <run_address>0x7300</run_address>
         <size>0x22</size>
         <input_file_ref idref="fl-b"/>
      </object_component>
      <object_component id="oc-d3">
         <name>I2cbRegsFile</name>
         <uninitialized>true</uninitialized>
         <run_address>0x7340</run_address>
         <size>0x22</size>
         <input_file_ref idref="fl-b"/>
      </object_component>
      <object_component id="oc-d8">
         <name>IpcRegsFile</name>
         <uninitialized>true</uninitialized>
         <run_address>0x50000</run_address>
         <size>0x24</size>
         <input_file_ref idref="fl-b"/>
      </object_component>
      <object_component id="oc-aa">
         <name>FlashPumpSemaphoreRegsFile</name>
         <uninitialized>true</uninitialized>
         <run_address>0x50024</run_address>
         <size>0x2</size>
         <input_file_ref idref="fl-b"/>
      </object_component>
      <object_component id="oc-e9">
         <name>MemCfgRegsFile</name>
         <uninitialized>true</uninitialized>
         <run_address>0x5f400</run_address>
         <size>0x80</size>
         <input_file_ref idref="fl-b"/>
      </object_component>
      <object_component id="oc-c3">
         <name>Emif1ConfigRegsFile</name>
         <uninitialized>true</uninitialized>
         <run_address>0x5f480</run_address>
         <size>0x20</size>
         <input_file_ref idref="fl-b"/>
      </object_component>
      <object_component id="oc-e1">
         <name>AccessProtectionRegsFile</name>
         <uninitialized>true</uninitialized>
         <run_address>0x5f4c0</run_address>
         <size>0x40</size>
         <input_file_ref idref="fl-b"/>
      </object_component>
      <object_component id="oc-e0">
         <name>MemoryErrorRegsFile</name>
         <uninitialized>true</uninitialized>
         <run_address>0x5f500</run_address>
         <size>0x40</size>
         <input_file_ref idref="fl-b"/>
      </object_component>
      <object_component id="oc-d7">
         <name>McbspaRegsFile</name>
         <uninitialized>true</uninitialized>
         <run_address>0x6000</run_address>
         <size>0x24</size>
         <input_file_ref idref="fl-b"/>
      </object_component>
      <object_component id="oc-da">
         <name>McbspbRegsFile</name>
         <uninitialized>true</uninitialized>
         <run_address>0x6040</run_address>
         <size>0x24</size>
         <input_file_ref idref="fl-b"/>
      </object_component>
      <object_component id="oc-ab">
         <name>NmiIntruptRegsFile</name>
         <uninitialized>true</uninitialized>
         <run_address>0x7060</run_address>
         <size>0x7</size>
         <input_file_ref idref="fl-b"/>
      </object_component>
      <object_component id="oc-c0">
         <name>PieCtrlRegsFile</name>
         <uninitialized>true</uninitialized>
         <run_address>0xce0</run_address>
         <size>0x1a</size>
         <input_file_ref idref="fl-b"/>
      </object_component>
      <object_component id="oc-b4">
         <name>SciaRegsFile</name>
         <uninitialized>true</uninitialized>
         <run_address>0x7200</run_address>
         <size>0x10</size>
         <input_file_ref idref="fl-b"/>
      </object_component>
      <object_component id="oc-b7">
         <name>ScibRegsFile</name>
         <uninitialized>true</uninitialized>
         <run_address>0x7210</run_address>
         <size>0x10</size>
         <input_file_ref idref="fl-b"/>
      </object_component>
      <object_component id="oc-b5">
         <name>ScicRegsFile</name>
         <uninitialized>true</uninitialized>
         <run_address>0x7220</run_address>
         <size>0x10</size>
         <input_file_ref idref="fl-b"/>
      </object_component>
      <object_component id="oc-b6">
         <name>ScidRegsFile</name>
         <uninitialized>true</uninitialized>
         <run_address>0x7230</run_address>
         <size>0x10</size>
         <input_file_ref idref="fl-b"/>
      </object_component>
      <object_component id="oc-e6">
         <name>Sdfm1RegsFile</name>
         <uninitialized>true</uninitialized>
         <run_address>0x5e00</run_address>
         <size>0x80</size>
         <input_file_ref idref="fl-b"/>
      </object_component>
      <object_component id="oc-e4">
         <name>Sdfm2RegsFile</name>
         <uninitialized>true</uninitialized>
         <run_address>0x5e80</run_address>
         <size>0x80</size>
         <input_file_ref idref="fl-b"/>
      </object_component>
      <object_component id="oc-b8">
         <name>SpiaRegsFile</name>
         <uninitialized>true</uninitialized>
         <run_address>0x6100</run_address>
         <size>0x10</size>
         <input_file_ref idref="fl-b"/>
      </object_component>
      <object_component id="oc-b9">
         <name>SpibRegsFile</name>
         <uninitialized>true</uninitialized>
         <run_address>0x6110</run_address>
         <size>0x10</size>
         <input_file_ref idref="fl-b"/>
      </object_component>
      <object_component id="oc-ba">
         <name>SpicRegsFile</name>
         <uninitialized>true</uninitialized>
         <run_address>0x6120</run_address>
         <size>0x10</size>
         <input_file_ref idref="fl-b"/>
      </object_component>
[...]
      <symbol id="sm-81c">
         <name>_PutInMbxQueue</name>
         <value>0xbd0df</value>
         <object_component_ref idref="oc-21c"/>
      </symbol>
      <symbol id="sm-81d">
         <name>_psWriteMbx</name>
         <value>0x9812</value>
         <object_component_ref idref="oc-121"/>
      </symbol>
      <symbol id="sm-81e">
         <name>_u16SendMbxSize</name>
         <value>0x9808</value>
         <object_component_ref idref="oc-121"/>
      </symbol>
      <symbol id="sm-81f">
         <name>_MBX_CopyToSendMailbox</name>
         <value>0xbd388</value>
         <object_component_ref idref="oc-21c"/>
      </symbol>
      <symbol id="sm-820">
         <name>_MailboxServiceInd</name>
         <value>0xbd1fb</value>
         <object_component_ref idref="oc-21c"/>
      </symbol>
      <symbol id="sm-821">
         <name>_MBX_StopMailboxHandler</name>
         <value>0xbd19c</value>
         <object_component_ref idref="oc-21c"/>
      </symbol>
      <symbol id="sm-822">
         <name>_MBX_CheckAndCopyMailbox</name>
         <value>0xbd2f6</value>
         <object_component_ref idref="oc-21c"/>
      </symbol>
      <symbol id="sm-823">
         <name>_bMbxRunning</name>
         <value>0x980b</value>
         <object_component_ref idref="oc-121"/>
      </symbol>
      <symbol id="sm-824">
         <name>_u16EscAddrReceiveMbx</name>
         <value>0x9804</value>
         <object_component_ref idref="oc-121"/>
      </symbol>
      <symbol id="sm-825">
         <name>_GetOutOfMbxQueue</name>
         <value>0xbd0fe</value>
         <object_component_ref idref="oc-21c"/>
      </symbol>
      <symbol id="sm-826">
         <name>_MBX_MailboxRepeatReq</name>
         <value>0xbd28d</value>
         <object_component_ref idref="oc-21c"/>
      </symbol>
      <symbol id="sm-827">
         <name>_u16ReceiveMbxSize</name>
         <value>0x9809</value>
         <object_component_ref idref="oc-121"/>
      </symbol>
      <symbol id="sm-828">
         <name>_MBX_Main</name>
         <value>0xbd409</value>
         <object_component_ref idref="oc-21c"/>
      </symbol>
      <symbol id="sm-829">
         <name>_u8MbxReadCounter</name>
         <value>0x9800</value>
         <object_component_ref idref="oc-121"/>
      </symbol>
      <symbol id="sm-82a">
         <name>_sMbxSendQueue</name>
         <value>0x9840</value>
         <object_component_ref idref="oc-121"/>
      </symbol>
      <symbol id="sm-82b">
         <name>_bMbxRepeatToggle</name>
         <value>0x980a</value>
         <object_component_ref idref="oc-121"/>
      </symbol>
      <symbol id="sm-82c">
         <name>_u8MailboxSendReqStored</name>
         <value>0x9801</value>
         <object_component_ref idref="oc-121"/>
      </symbol>
      <symbol id="sm-946">
         <name>_OBJ_GetNoOfObjects</name>
         <value>0xbb0aa</value>
         <object_component_ref idref="oc-21f"/>
      </symbol>
      <symbol id="sm-947">
         <name>_CheckSyncTypeValue</name>
         <value>0xbb332</value>
         <object_component_ref idref="oc-21f"/>
      </symbol>
      <symbol id="sm-948">
         <name>_bSyncSetByUser</name>
         <value>0xbf80</value>
         <object_component_ref idref="oc-128"/>
      </symbol>
      <symbol id="sm-949">
         <name>_sCycleDiag</name>
         <value>0xbf81</value>
         <object_component_ref idref="oc-128"/>
      </symbol>
      <symbol id="sm-94a">
         <name>_OBJ_Read</name>
         <value>0xbb39f</value>
         <object_component_ref idref="oc-21f"/>
      </symbol>
      <symbol id="sm-94b">
         <name>_OBJ_GetObjectLength</name>
         <value>0xbb011</value>
         <object_component_ref idref="oc-21f"/>
      </symbol>
      <symbol id="sm-94c">
         <name>_OBJ_GetObjectHandle</name>
         <value>0xbaffe</value>
         <object_component_ref idref="oc-21f"/>
      </symbol>
      <symbol id="sm-94d">
         <name>_cBitMask</name>
         <value>0xbc2c0</value>
         <object_component_ref idref="oc-228"/>
      </symbol>
      <symbol id="sm-94e">
         <name>_OBJ_GetDesc</name>
         <value>0xbb138</value>
         <object_component_ref idref="oc-21f"/>
      </symbol>
      <symbol id="sm-94f">
         <name>_OBJ_GetObjDesc</name>
         <value>0xbb1c8</value>
         <object_component_ref idref="oc-21f"/>
      </symbol>
      <symbol id="sm-950">
         <name>_OBJ_CopyNumberToString</name>
         <value>0xbb08c</value>
         <object_component_ref idref="oc-21f"/>
      </symbol>
      <symbol id="sm-951">
         <name>_OBJ_GetObjectList</name>
         <value>0xbb0db</value>
         <object_component_ref idref="oc-21f"/>
      </symbol>
      <symbol id="sm-952">
         <name>_OBJ_GetEntryDesc</name>
         <value>0xbb1a5</value>
         <object_component_ref idref="oc-21f"/>
      </symbol>
      <symbol id="sm-953">
         <name>_OBJ_Write</name>
         <value>0xbb666</value>
         <object_component_ref idref="oc-21f"/>
      </symbol>
      <symbol id="sm-954">
         <name>_sErrorSettings</name>
         <value>0xbf82</value>
         <object_component_ref idref="oc-128"/>
      </symbol>
      <symbol id="sm-955">
         <name>_aSubindexDesc</name>
         <value>0xbf88</value>
         <object_component_ref idref="oc-128"/>
      </symbol>
      <symbol id="sm-956">
         <name>_OBJ_GetEntryOffset</name>
         <value>0xbb1cf</value>
         <object_component_ref idref="oc-21f"/>
      </symbol>
      <symbol id="sm-957">
         <name>_sSyncManInPar</name>
         <value>0xbf96</value>
         <object_component_ref idref="oc-128"/>
      </symbol>
      <symbol id="sm-958">
         <name>_sSyncManOutPar</name>
         <value>0xbfc0</value>
         <object_component_ref idref="oc-128"/>
      </symbol>
      <symbol id="sm-9e2">
         <name>_aSdoInfoHeader</name>
         <value>0x9ca0</value>
         <object_component_ref idref="oc-12f"/>
      </symbol>
      <symbol id="sm-9e3">
         <name>_nSdoInfoFragmentsLeft</name>
         <value>0x9c86</value>
         <object_component_ref idref="oc-12f"/>
      </symbol>
      <symbol id="sm-9e4">
         <name>_bSdoSegLastToggle</name>
         <value>0x9c84</value>
         <object_component_ref idref="oc-12f"/>
      </symbol>
      <symbol id="sm-9e5">
         <name>_u8PendingSdo</name>
         <value>0x9c88</value>
         <object_component_ref idref="oc-12f"/>
      </symbol>
      <symbol id="sm-9e6">
         <name>_nSdoSegBytesToHandle</name>
         <value>0x9c98</value>
         <object_component_ref idref="oc-12f"/>
      </symbol>
      <symbol id="sm-9e7">
         <name>_nSdoSegSubindex</name>
         <value>0x9c82</value>
         <object_component_ref idref="oc-12f"/>
      </symbol>
      <symbol id="sm-9e8">
         <name>_nSdoSegIndex</name>
         <value>0x9c83</value>
         <object_component_ref idref="oc-12f"/>
      </symbol>
      <symbol id="sm-9e9">
         <name>_nSdoSegCompleteSize</name>
         <value>0x9c9a</value>
         <object_component_ref idref="oc-12f"/>
      </symbol>
      <symbol id="sm-9ea">
         <name>_SDOS_SdoInd</name>
         <value>0xbc74b</value>
         <object_component_ref idref="oc-221"/>
      </symbol>
      <symbol id="sm-9eb">
         <name>_pSdoSegData</name>
         <value>0x9c92</value>
         <object_component_ref idref="oc-12f"/>
      </symbol>
      <symbol id="sm-9ec">
         <name>_pSdoPendFunc</name>
         <value>0x9c90</value>
         <object_component_ref idref="oc-12f"/>
      </symbol>
      <symbol id="sm-9ed">
         <name>_SdoRes</name>
         <value>0xbc6cc</value>
         <object_component_ref idref="oc-221"/>
      </symbol>
      <symbol id="sm-9ee">
         <name>_bStoreCompleteAccess</name>
         <value>0x9c8c</value>
         <object_component_ref idref="oc-12f"/>
      </symbol>
      <symbol id="sm-9ef">
         <name>_bSdoSegFollows</name>
         <value>0x9c8a</value>
         <object_component_ref idref="oc-12f"/>
      </symbol>
      <symbol id="sm-9f0">
         <name>_bSdoInWork</name>
         <value>0x9c80</value>
         <object_component_ref idref="oc-12f"/>
      </symbol>
      <symbol id="sm-9f1">
         <name>_SDOS_SdoInfoInd</name>
         <value>0xbc9c9</value>
         <object_component_ref idref="oc-221"/>
      </symbol>
      <symbol id="sm-9f2">
         <name>_pSdoSegObjEntry</name>
         <value>0x9c8e</value>
         <object_component_ref idref="oc-12f"/>
      </symbol>
      <symbol id="sm-9f3">
         <name>_pSdoResStored</name>
         <value>0x9c9c</value>
         <object_component_ref idref="oc-12f"/>
      </symbol>
      <symbol id="sm-9f4">
         <name>_pStoreData</name>
         <value>0x9c96</value>
         <object_component_ref idref="oc-12f"/>
      </symbol>
      <symbol id="sm-9f5">
         <name>_pSdoInfoObjEntry</name>
         <value>0x9c9e</value>
         <object_component_ref idref="oc-12f"/>
      </symbol>
      <symbol id="sm-9f6">
         <name>_nSdoInfoIndex</name>
         <value>0x9c81</value>
         <object_component_ref idref="oc-12f"/>
      </symbol>
      <symbol id="sm-9f7">
         <name>_u8StoreSubindex</name>
         <value>0x9c8b</value>
         <object_component_ref idref="oc-12f"/>
      </symbol>
      <symbol id="sm-9f8">
         <name>_bSdoSegAccess</name>
         <value>0x9c87</value>
         <object_component_ref idref="oc-12f"/>
      </symbol>
      <symbol id="sm-9f9">
         <name>_u32StoreDataSize</name>
         <value>0x9c94</value>
         <object_component_ref idref="oc-12f"/>
      </symbol>
      <symbol id="sm-9fa">
         <name>_cAbortCode</name>
         <value>0xbc224</value>
         <object_component_ref idref="oc-22b"/>
      </symbol>
      <symbol id="sm-9fb">
         <name>_SDOS_SdoRes</name>
         <value>0xbc94b</value>
         <object_component_ref idref="oc-221"/>
      </symbol>
      <symbol id="sm-9fc">
         <name>_u16StoreIndex</name>
         <value>0x9c89</value>
         <object_component_ref idref="oc-12f"/>
      </symbol>
      <symbol id="sm-9fd">
         <name>_nSdoSegService</name>
         <value>0x9c85</value>
         <object_component_ref idref="oc-12f"/>
      </symbol>
      <symbol id="sm-a23">
         <name>_main</name>
         <value>0xbdae5</value>
         <object_component_ref idref="oc-209"/>
      </symbol>
      <symbol id="sm-a24">
         <name>_InitRAM</name>
         <value>0xbdb0f</value>
         <object_component_ref idref="oc-209"/>
      </symbol>
      <symbol id="sm-a25">
         <name>_xint3_irq_isr</name>
         <value>0x80dc</value>
         <object_component_ref idref="oc-138"/>
      </symbol>
      <symbol id="sm-a26">
         <name>_CPU1_CPU2</name>
         <value>0x1a000</value>
         <object_component_ref idref="oc-137"/>
      </symbol>
      <symbol id="sm-a27">
         <name>_CPU2_CPU1</name>
         <value>0x1b000</value>
         <object_component_ref idref="oc-136"/>
      </symbol>
      <symbol id="sm-a28">
         <name>_Output_GDCmapping</name>
         <value>0x8000</value>
         <object_component_ref idref="oc-21e"/>
      </symbol>
      <symbol id="sm-a29">
         <name>_Shared_Ram_cpu2_WR_Upload</name>
         <value>0xbdb27</value>
         <object_component_ref idref="oc-209"/>
      </symbol>
      <symbol id="sm-a2a">
         <name>_Input_GDCmapping</name>
         <value>0x806a</value>
         <object_component_ref idref="oc-21e"/>
      </symbol>
      <symbol id="sm-a2b">
         <name>_xint1_irq_isr</name>
         <value>0x80ab</value>
         <object_component_ref idref="oc-138"/>
      </symbol>
      <symbol id="sm-a2c">
         <name>_count</name>
         <value>0xbebe</value>
         <object_component_ref idref="oc-135"/>
      </symbol>
      <symbol id="sm-a55">
         <name>_sEntryDesc0x23FE</name>
         <value>0xbc3d0</value>
         <object_component_ref idref="oc-20e"/>
      </symbol>
      <symbol id="sm-a56">
         <name>_sEntryDesc0x23FD</name>
         <value>0xbc3cd</value>
         <object_component_ref idref="oc-20c"/>
      </symbol>
      <symbol id="sm-a57">
         <name>_aName0x2452</name>
         <value>0xbc303</value>
         <object_component_ref idref="oc-20b"/>
      </symbol>
      <symbol id="sm-a58">
         <name>_Gdc_Para_RemObject</name>
         <value>0xbd94f</value>
         <object_component_ref idref="oc-219"/>
      </symbol>
      <symbol id="sm-a59">
         <name>_DefGDC_PV1_0ObjDic</name>
         <value>0xbf00</value>
         <object_component_ref idref="oc-13f"/>
      </symbol>
      <symbol id="sm-a5a">
         <name>_Gdc_Para</name>
         <value>0xbec0</value>
         <object_component_ref idref="oc-13f"/>
      </symbol>
      <symbol id="sm-a5b">
         <name>_Gdc_Para_AddObject</name>
         <value>0xbd96c</value>
         <object_component_ref idref="oc-219"/>
      </symbol>
      <symbol id="sm-a5c">
         <name>_GDC_PV1_0_Init</name>
         <value>0xbd8fd</value>
         <object_component_ref idref="oc-219"/>
      </symbol>
      <symbol id="sm-a5d">
         <name>_sEntryDesc0x2452</name>
         <value>0xbc3d3</value>
         <object_component_ref idref="oc-20a"/>
      </symbol>
      <symbol id="sm-a5e">
         <name>_aName0x23FE</name>
         <value>0xbc317</value>
         <object_component_ref idref="oc-20f"/>
      </symbol>
      <symbol id="sm-a5f">
         <name>_aName0x23FD</name>
         <value>0xbc30e</value>
         <object_component_ref idref="oc-20d"/>
      </symbol>
      <symbol id="sm-a71">
         <name>_ESC_clearTimer</name>
         <value>0xbda7a</value>
         <object_component_ref idref="oc-217"/>
      </symbol>
      <symbol id="sm-a72">
         <name>_f2837xd_Init</name>
         <value>0xbda04</value>
         <object_component_ref idref="oc-217"/>
      </symbol>
      <symbol id="sm-a73">
         <name>_ESC_readWordNonISR</name>
         <value>0x8177</value>
         <object_component_ref idref="oc-214"/>
      </symbol>
      <symbol id="sm-a74">
         <name>_ESC_writeWordNonISR</name>
         <value>0x8191</value>
         <object_component_ref idref="oc-214"/>
      </symbol>
      <symbol id="sm-a75">
         <name>_ESC_getTimer</name>
         <value>0xbda71</value>
         <object_component_ref idref="oc-217"/>
      </symbol>
      <symbol id="sm-a76">
         <name>_ESC_timerIncPerMilliSec</name>
         <value>0xbda76</value>
         <object_component_ref idref="oc-217"/>
      </symbol>
      <symbol id="sm-a91">
         <name>_c_int00</name>
         <value>0xbdb3b</value>
         <object_component_ref idref="oc-77"/>
      </symbol>
      <symbol id="sm-a92">
         <name>__stack</name>
         <value>0x400</value>
         <object_component_ref idref="oc-149"/>
      </symbol>
      <symbol id="sm-a9e">
         <name>U$$MOD</name>
         <value>0xbdc68</value>
         <object_component_ref idref="oc-14f"/>
      </symbol>
      <symbol id="sm-a9f">
         <name>U$$DIV</name>
         <value>0xbdc63</value>
         <object_component_ref idref="oc-14f"/>
      </symbol>
      <symbol id="sm-aab">
         <name>UL$$MOD</name>
         <value>0xbbff9</value>
         <object_component_ref idref="oc-154"/>
      </symbol>
      <symbol id="sm-aac">
         <name>L$$MOD</name>
         <value>0xbbfe4</value>
         <object_component_ref idref="oc-154"/>
      </symbol>
      <symbol id="sm-aad">
         <name>L$$DIV</name>
         <value>0xbbfd5</value>
         <object_component_ref idref="oc-154"/>
      </symbol>
      <symbol id="sm-aae">
         <name>UL$$DIV</name>
         <value>0xbbff2</value>
         <object_component_ref idref="oc-154"/>
      </symbol>
      <symbol id="sm-abd">
         <name>_copy_in</name>
         <value>0xbdc08</value>
         <object_component_ref idref="oc-18c"/>
      </symbol>
      <symbol id="sm-ace">
         <name>_memcpy</name>
         <value>0xbdc2c</value>
         <object_component_ref idref="oc-210"/>
      </symbol>
      <symbol id="sm-ada">
         <name>__system_pre_init</name>
         <value>0xbdc7f</value>
         <object_component_ref idref="oc-18b"/>
      </symbol>
      <symbol id="sm-ae7">
         <name>__system_post_cinit</name>
         <value>0xbbfff</value>
         <object_component_ref idref="oc-18d"/>
      </symbol>
      <symbol id="sm-afb">
         <name>C$$EXIT</name>
         <value>0xbdb91</value>
         <object_component_ref idref="oc-18f"/>
      </symbol>
      <symbol id="sm-afc">
         <name>_exit</name>
         <value>0xbdb93</value>
         <object_component_ref idref="oc-18f"/>
      </symbol>
      <symbol id="sm-afd">
         <name>___TI_cleanup_ptr</name>
         <value>0xbeb4</value>
         <object_component_ref idref="oc-16f"/>
      </symbol>
      <symbol id="sm-afe">
         <name>___TI_enable_exit_profile_output</name>
         <value>0xbeb2</value>
         <object_component_ref idref="oc-16f"/>
      </symbol>
      <symbol id="sm-aff">
         <name>_abort</name>
         <value>0xbdb91</value>
         <object_component_ref idref="oc-18f"/>
      </symbol>
      <symbol id="sm-b00">
         <name>___TI_dtors_ptr</name>
         <value>0xbeb6</value>
         <object_component_ref idref="oc-16f"/>
      </symbol>
      <symbol id="sm-b47">
         <name>__sys_memory</name>
         <value>0xa800</value>
         <object_component_ref idref="oc-177"/>
      </symbol>
      <symbol id="sm-b48">
         <name>_chkheap</name>
         <value>0xbd5ec</value>
         <object_component_ref idref="oc-220"/>
      </symbol>
      <symbol id="sm-b49">
         <name>_realloc</name>
         <value>0xbd4fa</value>
         <object_component_ref idref="oc-220"/>
      </symbol>
      <symbol id="sm-b4a">
         <name>_free_memory</name>
         <value>0xbd5ce</value>
         <object_component_ref idref="oc-220"/>
      </symbol>
      <symbol id="sm-b4b">
         <name>_max_free</name>
         <value>0xbd5ac</value>
         <object_component_ref idref="oc-220"/>
      </symbol>
      <symbol id="sm-b4c">
         <name>_free</name>
         <value>0xbd433</value>
         <object_component_ref idref="oc-220"/>
      </symbol>
      <symbol id="sm-b4d">
         <name>_calloc</name>
         <value>0xbd5ee</value>
         <object_component_ref idref="oc-220"/>
      </symbol>
      <symbol id="sm-b4e">
         <name>_malloc</name>
         <value>0xbd49c</value>
         <object_component_ref idref="oc-220"/>
      </symbol>
      <symbol id="sm-b4f">
         <name>_minit</name>
         <value>0xbd477</value>
         <object_component_ref idref="oc-220"/>
      </symbol>
      <symbol id="sm-b63">
         <name>__unlock</name>
         <value>0xbeba</value>
         <object_component_ref idref="oc-225"/>
      </symbol>
      <symbol id="sm-b64">
         <name>__lock</name>
         <value>0xbeb8</value>
         <object_component_ref idref="oc-211"/>
      </symbol>
      <symbol id="sm-b65">
         <name>__register_lock</name>
         <value>0xbdc72</value>
         <object_component_ref idref="oc-21a"/>
      </symbol>
      <symbol id="sm-b66">
         <name>__nop</name>
         <value>0xbdc76</value>
         <object_component_ref idref="oc-21a"/>
      </symbol>
      <symbol id="sm-b67">
         <name>__register_unlock</name>
         <value>0xbdc6e</value>
         <object_component_ref idref="oc-21a"/>
      </symbol>
      <symbol id="sm-b76">
         <name>__args_main</name>
         <value>0xbdc4a</value>
         <object_component_ref idref="oc-18e"/>
      </symbol>
      <symbol id="sm-b83">
         <name>_strlen</name>
         <value>0xbdc77</value>
         <object_component_ref idref="oc-226"/>
      </symbol>
   </symbol_table>
   <title>Link successful</title>
</link_info>
