******************************************************************************
             TMS320C2000 Linker PC v18.1.1                     
******************************************************************************
>> Linked Fri Jul 27 08:58:05 2018

OUTPUT FILE NAME:   <ECT_CPU2.out>
ENTRY POINT SYMBOL: "_c_int00"  address: 000bb9ad


MEMORY CONFIGURATION

         name            origin    length      used     unused   attr    fill
----------------------  --------  ---------  --------  --------  ----  --------
PAGE 0:
  RAMM0                 00000080   00000380  00000000  00000380  RWIX
  RAMLS0                00008000   00000800  000002bf  00000541  RWIX
  RAMLS1                00008800   00000800  00000000  00000800  RWIX
  RAMLS2                00009000   00000800  00000000  00000800  RWIX
  RAMD0                 0000b000   00000800  00000000  00000800  RWIX
  RAMGS0                0000c000   00001000  00000000  00001000  RWIX
  RAMGS1                0000d000   00001000  00000000  00001000  RWIX
  BEGIN                 00080000   00000002  00000002  00000000  RWIX
  FLASHA                00080002   00001ffe  00000000  00001ffe  RWIX
  FLASHB                00082000   00002000  00000000  00002000  RWIX
  FLASHC                00084000   00002000  00000000  00002000  RWIX
  FLASHD                00086000   00002000  00000000  00002000  RWIX
  FLASHE                00088000   00008000  00000000  00008000  RWIX
  FLASHF                00090000   00008000  00000000  00008000  RWIX
  FLASHG                00098000   00008000  00000000  00008000  RWIX
  FLASHH                000a0000   00008000  00000000  00008000  RWIX
  FLASHI                000a8000   00008000  00000000  00008000  RWIX
  FLASHJ                000b0000   00008000  00000000  00008000  RWIX
  FLASHK                000b8000   00002000  00001ffd  00000003  RWIX
  FLASHL                000ba000   00002000  00001b1b  000004e5  RWIX
  FLASHM                000bc000   00002000  000005be  00001a42  RWIX
  FLASHN                000be000   00002000  000002bf  00001d41  RWIX
  RESET                 003fffc0   00000002  00000000  00000002  RWIX

PAGE 1:
  BOOT_RSVD             00000002   0000007e  00000000  0000007e  RWIX
  RAMM1                 00000400   00000400  00000400  00000000  RWIX
  ADCA_RESULT           00000b00   00000020  00000018  00000008  RWIX
  ADCB_RESULT           00000b20   00000020  00000018  00000008  RWIX
  ADCC_RESULT           00000b40   00000020  00000018  00000008  RWIX
  ADCD_RESULT           00000b60   00000020  00000018  00000008  RWIX
  CPU_TIMER0            00000c00   00000008  00000008  00000000  RWIX
  CPU_TIMER1            00000c08   00000008  00000008  00000000  RWIX
  CPU_TIMER2            00000c10   00000008  00000008  00000000  RWIX
  PIE_CTRL              00000ce0   00000020  0000001a  00000006  RWIX
  PIE_VECT              00000d00   00000200  000001c0  00000040  RWIX
  DMA                   00001000   00000200  000000e0  00000120  RWIX
  CLA1                  00001400   00000040  00000000  00000040  RWIX
  EPWM1                 00004000   00000100  00000100  00000000  RWIX
  EPWM2                 00004100   00000100  00000100  00000000  RWIX
  EPWM3                 00004200   00000100  00000100  00000000  RWIX
  EPWM4                 00004300   00000100  00000100  00000000  RWIX
  EPWM5                 00004400   00000100  00000100  00000000  RWIX
  EPWM6                 00004500   00000100  00000100  00000000  RWIX
  EPWM7                 00004600   00000100  00000100  00000000  RWIX
  EPWM8                 00004700   00000100  00000100  00000000  RWIX
  EPWM9                 00004800   00000100  00000100  00000000  RWIX
  EPWM10                00004900   00000100  00000100  00000000  RWIX
  EPWM11                00004a00   00000100  00000100  00000000  RWIX
  EPWM12                00004b00   00000100  00000100  00000000  RWIX
  ECAP1                 00005000   00000020  00000020  00000000  RWIX
  ECAP2                 00005020   00000020  00000020  00000000  RWIX
  ECAP3                 00005040   00000020  00000020  00000000  RWIX
  ECAP4                 00005060   00000020  00000020  00000000  RWIX
  ECAP5                 00005080   00000020  00000020  00000000  RWIX
  ECAP6                 000050a0   00000020  00000020  00000000  RWIX
  EQEP1                 00005100   00000040  00000022  0000001e  RWIX
  EQEP2                 00005140   00000040  00000022  0000001e  RWIX
  EQEP3                 00005180   00000040  00000022  0000001e  RWIX
  DACA                  00005c00   00000010  00000008  00000008  RWIX
  DACB                  00005c10   00000010  00000008  00000008  RWIX
  DACC                  00005c20   00000010  00000008  00000008  RWIX
  CMPSS1                00005c80   00000020  00000020  00000000  RWIX
  CMPSS2                00005ca0   00000020  00000020  00000000  RWIX
  CMPSS3                00005cc0   00000020  00000020  00000000  RWIX
  CMPSS4                00005ce0   00000020  00000020  00000000  RWIX
  CMPSS5                00005d00   00000020  00000020  00000000  RWIX
  CMPSS6                00005d20   00000020  00000020  00000000  RWIX
  CMPSS7                00005d40   00000020  00000020  00000000  RWIX
  CMPSS8                00005d60   00000020  00000020  00000000  RWIX
  SDFM1                 00005e00   00000080  00000080  00000000  RWIX
  SDFM2                 00005e80   00000080  00000080  00000000  RWIX
  MCBSPA                00006000   00000040  00000024  0000001c  RWIX
  MCBSPB                00006040   00000040  00000024  0000001c  RWIX
  SPIA                  00006100   00000010  00000010  00000000  RWIX
  SPIB                  00006110   00000010  00000010  00000000  RWIX
  SPIC                  00006120   00000010  00000010  00000000  RWIX
  SPID                  00006130   00000010  00000000  00000010  RWIX
  WD                    00007000   00000040  0000002b  00000015  RWIX
  NMIINTRUPT            00007060   00000010  00000007  00000009  RWIX
  XINT                  00007070   00000010  0000000b  00000005  RWIX
  SCIA                  00007200   00000010  00000010  00000000  RWIX
  SCIB                  00007210   00000010  00000010  00000000  RWIX
  SCIC                  00007220   00000010  00000010  00000000  RWIX
  SCID                  00007230   00000010  00000010  00000000  RWIX
  I2CA                  00007300   00000040  00000022  0000001e  RWIX
  I2CB                  00007340   00000040  00000022  0000001e  RWIX
  ADCA                  00007400   00000080  00000080  00000000  RWIX
  ADCB                  00007480   00000080  00000080  00000000  RWIX
  ADCC                  00007500   00000080  00000080  00000000  RWIX
  ADCD                  00007580   00000080  00000080  00000000  RWIX
  DMACLASRCSEL          00007980   00000040  0000001a  00000026  RWIX
  GPIOCTRL              00007c00   00000180  00000000  00000180  RWIX
  GPIODAT               00007f00   00000030  00000030  00000000  RWIX
  RAMLS3                00009800   00000800  0000068c  00000174  RWIX
  RAMLS4                0000a000   00000800  00000000  00000800  RWIX
  RAMLS5                0000a800   00000800  00000800  00000000  RWIX
  RAMD1                 0000b800   00000800  000007ea  00000016  RWIX
  RAMGS14               0001a000   00001000  00000014  00000fec  RWIX
  RAMGS15               0001b000   00001000  00000018  00000fe8  RWIX
  CPU2TOCPU1RAM         0003f800   00000400  00000000  00000400  RWIX
  CPU1TOCPU2RAM         0003fc00   00000400  00000000  00000400  RWIX
  EMIF1                 00047000   00000800  00000070  00000790  RWIX
  EMIF2                 00047800   00000800  00000070  00000790  RWIX
  CANA                  00048000   00000800  00000164  0000069c  RWIX
  CANB                  0004a000   00000800  00000164  0000069c  RWIX
  IPC                   00050000   00000024  00000024  00000000  RWIX
  FLASHPUMPSEMAPHORE    00050024   00000002  00000002  00000000  RWIX
  CLK_CFG               0005d200   00000100  00000032  000000ce  RWIX
  CPU_SYS               0005d300   00000100  00000082  0000007e  RWIX
  DCSM_Z1               0005f000   00000030  00000024  0000000c  RWIX
  DCSM_Z2               0005f040   00000030  00000024  0000000c  RWIX
  DCSM_COMMON           0005f070   00000010  00000008  00000008  RWIX
  MEMCFG                0005f400   00000080  00000080  00000000  RWIX
  EMIF1CONFIG           0005f480   00000020  00000020  00000000  RWIX
  ACCESSPROTECTION      0005f4c0   00000040  00000040  00000000  RWIX
  MEMORYERROR           0005f500   00000040  00000040  00000000  RWIX
  FLASH0_CTRL           0005f800   00000300  00000182  0000017e  RWIX
  FLASH0_ECC            0005fb00   00000040  00000028  00000018  RWIX
  DCSM_Z1_OTP           00078000   00000020  00000020  00000000  RWIX
  DCSM_Z2_OTP           00078200   00000020  00000020  00000000  RWIX


SECTION ALLOCATION MAP

 output                                  attributes/
section   page    origin      length       input sections
--------  ----  ----------  ----------   ----------------
.cinit     0    000ba000    0000081c     
                  000ba000    000004f7     cia402appl.obj (.cinit)
                  000ba4f7    000001ce     GDC_PV1_0.obj (.cinit)
                  000ba6c5    00000115     coeappl.obj (.cinit)
                  000ba7da    00000018     objdef.obj (.cinit)
                  000ba7f2    0000000e     rts2800_fpu32.lib : exit.c.obj (.cinit)
                  000ba800    00000005                       : _lock.c.obj (.cinit:__lock)
                  000ba805    00000005                       : _lock.c.obj (.cinit:__unlock)
                  000ba80a    00000004     ecatappl.obj (.cinit)
                  000ba80e    00000004     ecatslv.obj (.cinit)
                  000ba812    00000004     rts2800_fpu32.lib : memory.c.obj (.cinit)
                  000ba816    00000004     sdoserv.obj (.cinit)
                  000ba81a    00000002     --HOLE-- [fill = 0]

.pinit     0    000ba000    00000000     UNINITIALIZED

codestart 
*          0    00080000    00000002     
                  00080000    00000002     F2837xD_CodeStartBranch.obj (codestart)

.econst    0    000bc000    0000056a     
                  000bc000    000001c0     F2837xD_PieVect.obj (.econst:_PieVectTableInit)
                  000bc1c0    00000063     coeappl.obj (.econst:_asEntryDesc0x1C3x)
                  000bc223    00000001     --HOLE-- [fill = 0]
                  000bc224    0000003c     sdoserv.obj (.econst:_cAbortCode)
                  000bc260    00000030     coeappl.obj (.econst:.string:_aName0x1C32)
                  000bc290    00000030     coeappl.obj (.econst:.string:_aName0x1C33)
                  000bc2c0    00000018     cia402appl.obj (.econst:_asEntryDesc0x1A00)
                  000bc2d8    00000012     cia402appl.obj (.econst:_asEntryDesc0x1600)
                  000bc2ea    00000010     objdef.obj (.econst:_cBitMask)
                  000bc2fa    0000000f     coeappl.obj (.econst:_asEntryDesc0x1018)
                  000bc309    0000000c     coeappl.obj (.econst:.string:_aName0x1018)
                  000bc315    0000000c     cia402appl.obj (.econst:_asEntryDesc0x1A02)
                  000bc321    0000000c     cia402appl.obj (.econst:_asEntryDesc0x1A03)
                  000bc32d    0000000b     GDC_PV1_0.obj (.econst:.string:_aName0x2452)
                  000bc338    00000009     GDC_PV1_0.obj (.econst:.string:_aName0x23FD)
                  000bc341    00000009     GDC_PV1_0.obj (.econst:.string:_aName0x23FE)
                  000bc34a    00000009     cia402appl.obj (.econst:.string:_aName0x60C2)
                  000bc353    00000009     coeappl.obj (.econst:_asEntryDesc0x10F1)
                  000bc35c    00000009     cia402appl.obj (.econst:_asEntryDesc0x1601)
                  000bc365    00000009     cia402appl.obj (.econst:_asEntryDesc0x1602)
                  000bc36e    00000009     cia402appl.obj (.econst:_asEntryDesc0x1603)
                  000bc377    00000009     cia402appl.obj (.econst:_asEntryDesc0x1A01)
                  000bc380    00000009     cia402appl.obj (.econst:_asEntryDesc0x607D)
                  000bc389    00000009     cia402appl.obj (.econst:_asEntryDesc0x6099)
                  000bc392    00000009     cia402appl.obj (.econst:_asEntryDesc0x60C2)
                  000bc39b    00000009     cia402appl.obj (.econst:_asEntryDesc0x60FE)
                  000bc3a4    00000009     GDC_PV1_0.obj (.econst:_sEntryDesc0x2168)
                  000bc3ad    00000009     GDC_PV1_0.obj (.econst:_sEntryDesc0x2197)
                  000bc3b6    00000009     GDC_PV1_0.obj (.econst:_sEntryDesc0x219A)
                  000bc3bf    00000009     GDC_PV1_0.obj (.econst:_sEntryDesc0x21B9)
                  000bc3c8    00000008     coeappl.obj (.econst:.string:_aName0x10F1)
                  000bc3d0    00000008     GDC_PV1_0.obj (.econst:.string:_aName0x2168)
                  000bc3d8    00000008     GDC_PV1_0.obj (.econst:.string:_aName0x2197)
                  000bc3e0    00000008     GDC_PV1_0.obj (.econst:.string:_aName0x219A)
                  000bc3e8    00000008     GDC_PV1_0.obj (.econst:.string:_aName0x21B9)
                  000bc3f0    00000008     cia402appl.obj (.econst:.string:_aName0x607D)
                  000bc3f8    00000008     cia402appl.obj (.econst:.string:_aName0x6099)
                  000bc400    00000008     cia402appl.obj (.econst:.string:_aName0x60FE)
                  000bc408    00000006     coeappl.obj (.econst:_asEntryDesc0x1C00)
                  000bc40e    00000006     cia402appl.obj (.econst:_asPDOAssignEntryDesc)
                  000bc414    00000004     cia402appl.obj (.econst:.string:_aName0x1600)
                  000bc418    00000004     cia402appl.obj (.econst:.string:_aName0x1601)
                  000bc41c    00000004     cia402appl.obj (.econst:.string:_aName0x1602)
                  000bc420    00000004     cia402appl.obj (.econst:.string:_aName0x1603)
                  000bc424    00000004     cia402appl.obj (.econst:.string:_aName0x1A00)
                  000bc428    00000004     cia402appl.obj (.econst:.string:_aName0x1A01)
                  000bc42c    00000004     cia402appl.obj (.econst:.string:_aName0x1A02)
                  000bc430    00000004     cia402appl.obj (.econst:.string:_aName0x1A03)
                  000bc434    00000003     coeappl.obj (.econst:_sEntryDesc0x1000)
                  000bc437    00000003     coeappl.obj (.econst:_sEntryDesc0x1001)
                  000bc43a    00000003     coeappl.obj (.econst:_sEntryDesc0x1008)
                  000bc43d    00000003     coeappl.obj (.econst:_sEntryDesc0x1009)
                  000bc440    00000003     coeappl.obj (.econst:_sEntryDesc0x100A)
                  000bc443    00000003     GDC_PV1_0.obj (.econst:_sEntryDesc0x2004)
                  000bc446    00000003     GDC_PV1_0.obj (.econst:_sEntryDesc0x2005)
                  000bc449    00000003     GDC_PV1_0.obj (.econst:_sEntryDesc0x2007)
                  000bc44c    00000003     GDC_PV1_0.obj (.econst:_sEntryDesc0x2009)
                  000bc44f    00000003     GDC_PV1_0.obj (.econst:_sEntryDesc0x200B)
                  000bc452    00000003     GDC_PV1_0.obj (.econst:_sEntryDesc0x200C)
                  000bc455    00000003     GDC_PV1_0.obj (.econst:_sEntryDesc0x2018)
                  000bc458    00000003     GDC_PV1_0.obj (.econst:_sEntryDesc0x2034)
                  000bc45b    00000003     GDC_PV1_0.obj (.econst:_sEntryDesc0x217C)
                  000bc45e    00000003     GDC_PV1_0.obj (.econst:_sEntryDesc0x217E)
                  000bc461    00000003     GDC_PV1_0.obj (.econst:_sEntryDesc0x2180)
                  000bc464    00000003     GDC_PV1_0.obj (.econst:_sEntryDesc0x2181)
                  000bc467    00000003     GDC_PV1_0.obj (.econst:_sEntryDesc0x21A6)
                  000bc46a    00000003     GDC_PV1_0.obj (.econst:_sEntryDesc0x21A8)
                  000bc46d    00000003     GDC_PV1_0.obj (.econst:_sEntryDesc0x21A9)
                  000bc470    00000003     GDC_PV1_0.obj (.econst:_sEntryDesc0x23FD)
                  000bc473    00000003     GDC_PV1_0.obj (.econst:_sEntryDesc0x23FE)
                  000bc476    00000003     GDC_PV1_0.obj (.econst:_sEntryDesc0x2452)
                  000bc479    00000003     cia402appl.obj (.econst:_sEntryDesc0x603F)
                  000bc47c    00000003     cia402appl.obj (.econst:_sEntryDesc0x6040)
                  000bc47f    00000003     cia402appl.obj (.econst:_sEntryDesc0x6041)
                  000bc482    00000003     cia402appl.obj (.econst:_sEntryDesc0x6060)
                  000bc485    00000003     cia402appl.obj (.econst:_sEntryDesc0x6061)
                  000bc488    00000003     cia402appl.obj (.econst:_sEntryDesc0x6063)
                  000bc48b    00000003     cia402appl.obj (.econst:_sEntryDesc0x6064)
                  000bc48e    00000003     cia402appl.obj (.econst:_sEntryDesc0x6065)
                  000bc491    00000003     cia402appl.obj (.econst:_sEntryDesc0x606B)
                  000bc494    00000003     cia402appl.obj (.econst:_sEntryDesc0x606C)
                  000bc497    00000003     cia402appl.obj (.econst:_sEntryDesc0x606D)
                  000bc49a    00000003     cia402appl.obj (.econst:_sEntryDesc0x606E)
                  000bc49d    00000003     cia402appl.obj (.econst:_sEntryDesc0x6071)
                  000bc4a0    00000003     cia402appl.obj (.econst:_sEntryDesc0x6072)
                  000bc4a3    00000003     cia402appl.obj (.econst:_sEntryDesc0x6077)
                  000bc4a6    00000003     cia402appl.obj (.econst:_sEntryDesc0x607A)
                  000bc4a9    00000003     cia402appl.obj (.econst:_sEntryDesc0x607C)
                  000bc4ac    00000003     cia402appl.obj (.econst:_sEntryDesc0x6081)
                  000bc4af    00000003     cia402appl.obj (.econst:_sEntryDesc0x6083)
                  000bc4b2    00000003     cia402appl.obj (.econst:_sEntryDesc0x6084)
                  000bc4b5    00000003     cia402appl.obj (.econst:_sEntryDesc0x6087)
                  000bc4b8    00000003     cia402appl.obj (.econst:_sEntryDesc0x6098)
                  000bc4bb    00000003     cia402appl.obj (.econst:_sEntryDesc0x609A)
                  000bc4be    00000003     cia402appl.obj (.econst:_sEntryDesc0x60B1)
                  000bc4c1    00000003     cia402appl.obj (.econst:_sEntryDesc0x60B2)
                  000bc4c4    00000003     cia402appl.obj (.econst:_sEntryDesc0x60B8)
                  000bc4c7    00000003     cia402appl.obj (.econst:_sEntryDesc0x60B9)
                  000bc4ca    00000003     cia402appl.obj (.econst:_sEntryDesc0x60BA)
                  000bc4cd    00000003     cia402appl.obj (.econst:_sEntryDesc0x60BB)
                  000bc4d0    00000003     cia402appl.obj (.econst:_sEntryDesc0x60BC)
                  000bc4d3    00000003     cia402appl.obj (.econst:_sEntryDesc0x60BD)
                  000bc4d6    00000003     cia402appl.obj (.econst:_sEntryDesc0x60C0)
                  000bc4d9    00000003     cia402appl.obj (.econst:_sEntryDesc0x60E0)
                  000bc4dc    00000003     cia402appl.obj (.econst:_sEntryDesc0x60E1)
                  000bc4df    00000003     cia402appl.obj (.econst:_sEntryDesc0x60F4)
                  000bc4e2    00000003     cia402appl.obj (.econst:_sEntryDesc0x60FC)
                  000bc4e5    00000003     cia402appl.obj (.econst:_sEntryDesc0x60FD)
                  000bc4e8    00000003     cia402appl.obj (.econst:_sEntryDesc0x60FF)
                  000bc4eb    00000003     cia402appl.obj (.econst:_sEntryDesc0x6502)
                  000bc4ee    00000002     coeappl.obj (.econst:.string:_aName0x1000)
                  000bc4f0    00000002     coeappl.obj (.econst:.string:_aName0x1001)
                  000bc4f2    00000002     coeappl.obj (.econst:.string:_aName0x1008)
                  000bc4f4    00000002     coeappl.obj (.econst:.string:_aName0x1009)
                  000bc4f6    00000002     coeappl.obj (.econst:.string:_aName0x100A)
                  000bc4f8    00000002     coeappl.obj (.econst:.string:_aName0x1C00)
                  000bc4fa    00000002     cia402appl.obj (.econst:.string:_aName0x1C12)
                  000bc4fc    00000002     cia402appl.obj (.econst:.string:_aName0x1C13)
                  000bc4fe    00000002     GDC_PV1_0.obj (.econst:.string:_aName0x2004)
                  000bc500    00000002     GDC_PV1_0.obj (.econst:.string:_aName0x2005)
                  000bc502    00000002     GDC_PV1_0.obj (.econst:.string:_aName0x2007)
                  000bc504    00000002     GDC_PV1_0.obj (.econst:.string:_aName0x2009)
                  000bc506    00000002     GDC_PV1_0.obj (.econst:.string:_aName0x200B)
                  000bc508    00000002     GDC_PV1_0.obj (.econst:.string:_aName0x200C)
                  000bc50a    00000002     GDC_PV1_0.obj (.econst:.string:_aName0x2018)
                  000bc50c    00000002     GDC_PV1_0.obj (.econst:.string:_aName0x2034)
                  000bc50e    00000002     GDC_PV1_0.obj (.econst:.string:_aName0x217C)
                  000bc510    00000002     GDC_PV1_0.obj (.econst:.string:_aName0x217E)
                  000bc512    00000002     GDC_PV1_0.obj (.econst:.string:_aName0x2180)
                  000bc514    00000002     GDC_PV1_0.obj (.econst:.string:_aName0x2181)
                  000bc516    00000002     GDC_PV1_0.obj (.econst:.string:_aName0x21A6)
                  000bc518    00000002     GDC_PV1_0.obj (.econst:.string:_aName0x21A8)
                  000bc51a    00000002     GDC_PV1_0.obj (.econst:.string:_aName0x21A9)
                  000bc51c    00000002     cia402appl.obj (.econst:.string:_aName0x603F)
                  000bc51e    00000002     cia402appl.obj (.econst:.string:_aName0x6040)
                  000bc520    00000002     cia402appl.obj (.econst:.string:_aName0x6041)
                  000bc522    00000002     cia402appl.obj (.econst:.string:_aName0x6060)
                  000bc524    00000002     cia402appl.obj (.econst:.string:_aName0x6061)
                  000bc526    00000002     cia402appl.obj (.econst:.string:_aName0x6063)
                  000bc528    00000002     cia402appl.obj (.econst:.string:_aName0x6064)
                  000bc52a    00000002     cia402appl.obj (.econst:.string:_aName0x6065)
                  000bc52c    00000002     cia402appl.obj (.econst:.string:_aName0x606B)
                  000bc52e    00000002     cia402appl.obj (.econst:.string:_aName0x606C)
                  000bc530    00000002     cia402appl.obj (.econst:.string:_aName0x606D)
                  000bc532    00000002     cia402appl.obj (.econst:.string:_aName0x606E)
                  000bc534    00000002     cia402appl.obj (.econst:.string:_aName0x6071)
                  000bc536    00000002     cia402appl.obj (.econst:.string:_aName0x6072)
                  000bc538    00000002     cia402appl.obj (.econst:.string:_aName0x6077)
                  000bc53a    00000002     cia402appl.obj (.econst:.string:_aName0x607A)
                  000bc53c    00000002     cia402appl.obj (.econst:.string:_aName0x607C)
                  000bc53e    00000002     cia402appl.obj (.econst:.string:_aName0x6081)
                  000bc540    00000002     cia402appl.obj (.econst:.string:_aName0x6083)
                  000bc542    00000002     cia402appl.obj (.econst:.string:_aName0x6084)
                  000bc544    00000002     cia402appl.obj (.econst:.string:_aName0x6087)
                  000bc546    00000002     cia402appl.obj (.econst:.string:_aName0x6098)
                  000bc548    00000002     cia402appl.obj (.econst:.string:_aName0x609A)
                  000bc54a    00000002     cia402appl.obj (.econst:.string:_aName0x60B1)
                  000bc54c    00000002     cia402appl.obj (.econst:.string:_aName0x60B2)
                  000bc54e    00000002     cia402appl.obj (.econst:.string:_aName0x60B8)
                  000bc550    00000002     cia402appl.obj (.econst:.string:_aName0x60B9)
                  000bc552    00000002     cia402appl.obj (.econst:.string:_aName0x60BA)
                  000bc554    00000002     cia402appl.obj (.econst:.string:_aName0x60BB)
                  000bc556    00000002     cia402appl.obj (.econst:.string:_aName0x60BC)
                  000bc558    00000002     cia402appl.obj (.econst:.string:_aName0x60BD)
                  000bc55a    00000002     cia402appl.obj (.econst:.string:_aName0x60C0)
                  000bc55c    00000002     cia402appl.obj (.econst:.string:_aName0x60E0)
                  000bc55e    00000002     cia402appl.obj (.econst:.string:_aName0x60E1)
                  000bc560    00000002     cia402appl.obj (.econst:.string:_aName0x60F4)
                  000bc562    00000002     cia402appl.obj (.econst:.string:_aName0x60FC)
                  000bc564    00000002     cia402appl.obj (.econst:.string:_aName0x60FD)
                  000bc566    00000002     cia402appl.obj (.econst:.string:_aName0x60FF)
                  000bc568    00000002     cia402appl.obj (.econst:.string:_aName0x6502)

.switch    0    000bc56c    00000054     
                  000bc56c    00000024     objdef.obj (.switch:_OBJ_GetEntryOffset)
                  000bc590    00000018     objdef.obj (.switch:_OBJ_Read)
                  000bc5a8    00000018     objdef.obj (.switch:_OBJ_Write)

isrfuncs   0    000be000    000002bb     RUN ADDR = 00008000
                  000be000    0000012a     GDC16.obj (isrfuncs)
                  000be12a    000000e4     ecatappl.obj (isrfuncs)
                  000be20e    00000070     GDC16.obj (isrfuncs:retain)
                  000be27e    0000003d     mcihwf2837xd.obj (isrfuncs)

.TI.ramfunc 
*          0    000be2bc    00000004     RUN ADDR = 000082bc
                  000be2bc    00000004     F2837xD_usDelay.obj (.TI.ramfunc)

.stack     1    00000400    00000400     UNINITIALIZED
                  00000400    00000400     --HOLE--

.esysmem   1    0000a800    00000800     UNINITIALIZED
                  0000a800    00000001     rts2800_fpu32.lib : memory.c.obj (.esysmem)
                  0000a801    000007ff     --HOLE--

.reset     0    003fffc0    00000002     DSECT
                  003fffc0    00000002     rts2800_fpu32.lib : boot28.asm.obj (.reset)

AdcaResultFile 
*          1    00000b00    00000018     UNINITIALIZED
                  00000b00    00000018     F2837xD_GlobalVariableDefs.obj (AdcaResultFile)

AdcbResultFile 
*          1    00000b20    00000018     UNINITIALIZED
                  00000b20    00000018     F2837xD_GlobalVariableDefs.obj (AdcbResultFile)

AdccResultFile 
*          1    00000b40    00000018     UNINITIALIZED
                  00000b40    00000018     F2837xD_GlobalVariableDefs.obj (AdccResultFile)

AdcdResultFile 
*          1    00000b60    00000018     UNINITIALIZED
                  00000b60    00000018     F2837xD_GlobalVariableDefs.obj (AdcdResultFile)

CpuTimer0RegsFile 
*          1    00000c00    00000008     UNINITIALIZED
                  00000c00    00000008     F2837xD_GlobalVariableDefs.obj (CpuTimer0RegsFile)

CpuTimer1RegsFile 
*          1    00000c08    00000008     UNINITIALIZED
                  00000c08    00000008     F2837xD_GlobalVariableDefs.obj (CpuTimer1RegsFile)

CpuTimer2RegsFile 
*          1    00000c10    00000008     UNINITIALIZED
                  00000c10    00000008     F2837xD_GlobalVariableDefs.obj (CpuTimer2RegsFile)

PieCtrlRegsFile 
*          1    00000ce0    0000001a     UNINITIALIZED
                  00000ce0    0000001a     F2837xD_GlobalVariableDefs.obj (PieCtrlRegsFile)

DacaRegsFile 
*          1    00005c00    00000008     UNINITIALIZED
                  00005c00    00000008     F2837xD_GlobalVariableDefs.obj (DacaRegsFile)

DacbRegsFile 
*          1    00005c10    00000008     UNINITIALIZED
                  00005c10    00000008     F2837xD_GlobalVariableDefs.obj (DacbRegsFile)

DaccRegsFile 
*          1    00005c20    00000008     UNINITIALIZED
                  00005c20    00000008     F2837xD_GlobalVariableDefs.obj (DaccRegsFile)

SHARERAMGS14 
*          1    0001a000    00000014     UNINITIALIZED
                  0001a000    00000014     GDC16.obj (SHARERAMGS14)

SHARERAMGS15 
*          1    0001b000    00000018     UNINITIALIZED
                  0001b000    00000018     GDC16.obj (SHARERAMGS15)

GETBUFFER 
*          0    0003fc00    00000000     DSECT

GETWRITEIDX 
*          0    0003fc00    00000000     DSECT

PUTREADIDX 
*          0    0003fc00    00000000     DSECT

PieVectTableFile 
*          1    00000d00    000001c0     UNINITIALIZED
                  00000d00    000001c0     F2837xD_GlobalVariableDefs.obj (PieVectTableFile)

EmuKeyVar 
*          1    00000d00    00000001     UNINITIALIZED
                  00000d00    00000001     F2837xD_GlobalVariableDefs.obj (EmuKeyVar)

EmuBModeVar 
*          1    00000d01    00000001     UNINITIALIZED
                  00000d01    00000001     F2837xD_GlobalVariableDefs.obj (EmuBModeVar)

FlashCallbackVar 
*          1    00000d02    00000000     UNINITIALIZED

FlashScalingVar 
*          1    00000d02    00000000     UNINITIALIZED

DmaRegsFile 
*          1    00001000    000000e0     UNINITIALIZED
                  00001000    000000e0     F2837xD_GlobalVariableDefs.obj (DmaRegsFile)

EPwm1RegsFile 
*          1    00004000    00000100     UNINITIALIZED
                  00004000    00000100     F2837xD_GlobalVariableDefs.obj (EPwm1RegsFile)

EPwm2RegsFile 
*          1    00004100    00000100     UNINITIALIZED
                  00004100    00000100     F2837xD_GlobalVariableDefs.obj (EPwm2RegsFile)

EPwm3RegsFile 
*          1    00004200    00000100     UNINITIALIZED
                  00004200    00000100     F2837xD_GlobalVariableDefs.obj (EPwm3RegsFile)

EPwm4RegsFile 
*          1    00004300    00000100     UNINITIALIZED
                  00004300    00000100     F2837xD_GlobalVariableDefs.obj (EPwm4RegsFile)

EPwm5RegsFile 
*          1    00004400    00000100     UNINITIALIZED
                  00004400    00000100     F2837xD_GlobalVariableDefs.obj (EPwm5RegsFile)

EPwm6RegsFile 
*          1    00004500    00000100     UNINITIALIZED
                  00004500    00000100     F2837xD_GlobalVariableDefs.obj (EPwm6RegsFile)

EPwm7RegsFile 
*          1    00004600    00000100     UNINITIALIZED
                  00004600    00000100     F2837xD_GlobalVariableDefs.obj (EPwm7RegsFile)

EPwm8RegsFile 
*          1    00004700    00000100     UNINITIALIZED
                  00004700    00000100     F2837xD_GlobalVariableDefs.obj (EPwm8RegsFile)

EPwm9RegsFile 
*          1    00004800    00000100     UNINITIALIZED
                  00004800    00000100     F2837xD_GlobalVariableDefs.obj (EPwm9RegsFile)

EPwm10RegsFile 
*          1    00004900    00000100     UNINITIALIZED
                  00004900    00000100     F2837xD_GlobalVariableDefs.obj (EPwm10RegsFile)

EPwm11RegsFile 
*          1    00004a00    00000100     UNINITIALIZED
                  00004a00    00000100     F2837xD_GlobalVariableDefs.obj (EPwm11RegsFile)

EPwm12RegsFile 
*          1    00004b00    00000100     UNINITIALIZED
                  00004b00    00000100     F2837xD_GlobalVariableDefs.obj (EPwm12RegsFile)

ECap1RegsFile 
*          1    00005000    00000020     UNINITIALIZED
                  00005000    00000020     F2837xD_GlobalVariableDefs.obj (ECap1RegsFile)

ECap2RegsFile 
*          1    00005020    00000020     UNINITIALIZED
                  00005020    00000020     F2837xD_GlobalVariableDefs.obj (ECap2RegsFile)

ECap3RegsFile 
*          1    00005040    00000020     UNINITIALIZED
                  00005040    00000020     F2837xD_GlobalVariableDefs.obj (ECap3RegsFile)

ECap4RegsFile 
*          1    00005060    00000020     UNINITIALIZED
                  00005060    00000020     F2837xD_GlobalVariableDefs.obj (ECap4RegsFile)

ECap5RegsFile 
*          1    00005080    00000020     UNINITIALIZED
                  00005080    00000020     F2837xD_GlobalVariableDefs.obj (ECap5RegsFile)

ECap6RegsFile 
*          1    000050a0    00000020     UNINITIALIZED
                  000050a0    00000020     F2837xD_GlobalVariableDefs.obj (ECap6RegsFile)

EQep1RegsFile 
*          1    00005100    00000022     UNINITIALIZED
                  00005100    00000022     F2837xD_GlobalVariableDefs.obj (EQep1RegsFile)

EQep2RegsFile 
*          1    00005140    00000022     UNINITIALIZED
                  00005140    00000022     F2837xD_GlobalVariableDefs.obj (EQep2RegsFile)

EQep3RegsFile 
*          1    00005180    00000022     UNINITIALIZED
                  00005180    00000022     F2837xD_GlobalVariableDefs.obj (EQep3RegsFile)

Sdfm1RegsFile 
*          1    00005e00    00000080     UNINITIALIZED
                  00005e00    00000080     F2837xD_GlobalVariableDefs.obj (Sdfm1RegsFile)

Sdfm2RegsFile 
*          1    00005e80    00000080     UNINITIALIZED
                  00005e80    00000080     F2837xD_GlobalVariableDefs.obj (Sdfm2RegsFile)

McbspaRegsFile 
*          1    00006000    00000024     UNINITIALIZED
                  00006000    00000024     F2837xD_GlobalVariableDefs.obj (McbspaRegsFile)

McbspbRegsFile 
*          1    00006040    00000024     UNINITIALIZED
                  00006040    00000024     F2837xD_GlobalVariableDefs.obj (McbspbRegsFile)

SpiaRegsFile 
*          1    00006100    00000010     UNINITIALIZED
                  00006100    00000010     F2837xD_GlobalVariableDefs.obj (SpiaRegsFile)

SpibRegsFile 
*          1    00006110    00000010     UNINITIALIZED
                  00006110    00000010     F2837xD_GlobalVariableDefs.obj (SpibRegsFile)

SpicRegsFile 
*          1    00006120    00000010     UNINITIALIZED
                  00006120    00000010     F2837xD_GlobalVariableDefs.obj (SpicRegsFile)

WdRegsFile 
*          1    00007000    0000002b     UNINITIALIZED
                  00007000    0000002b     F2837xD_GlobalVariableDefs.obj (WdRegsFile)

NmiIntruptRegsFile 
*          1    00007060    00000007     UNINITIALIZED
                  00007060    00000007     F2837xD_GlobalVariableDefs.obj (NmiIntruptRegsFile)

XintRegsFile 
*          1    00007070    0000000b     UNINITIALIZED
                  00007070    0000000b     F2837xD_GlobalVariableDefs.obj (XintRegsFile)

SciaRegsFile 
*          1    00007200    00000010     UNINITIALIZED
                  00007200    00000010     F2837xD_GlobalVariableDefs.obj (SciaRegsFile)

ScibRegsFile 
*          1    00007210    00000010     UNINITIALIZED
                  00007210    00000010     F2837xD_GlobalVariableDefs.obj (ScibRegsFile)

ScicRegsFile 
*          1    00007220    00000010     UNINITIALIZED
                  00007220    00000010     F2837xD_GlobalVariableDefs.obj (ScicRegsFile)

ScidRegsFile 
*          1    00007230    00000010     UNINITIALIZED
                  00007230    00000010     F2837xD_GlobalVariableDefs.obj (ScidRegsFile)

I2caRegsFile 
*          1    00007300    00000022     UNINITIALIZED
                  00007300    00000022     F2837xD_GlobalVariableDefs.obj (I2caRegsFile)

I2cbRegsFile 
*          1    00007340    00000022     UNINITIALIZED
                  00007340    00000022     F2837xD_GlobalVariableDefs.obj (I2cbRegsFile)

AdcaRegsFile 
*          1    00007400    00000080     UNINITIALIZED
                  00007400    00000080     F2837xD_GlobalVariableDefs.obj (AdcaRegsFile)

AdcbRegsFile 
*          1    00007480    00000080     UNINITIALIZED
                  00007480    00000080     F2837xD_GlobalVariableDefs.obj (AdcbRegsFile)

AdccRegsFile 
*          1    00007500    00000080     UNINITIALIZED
                  00007500    00000080     F2837xD_GlobalVariableDefs.obj (AdccRegsFile)

AdcdRegsFile 
*          1    00007580    00000080     UNINITIALIZED
                  00007580    00000080     F2837xD_GlobalVariableDefs.obj (AdcdRegsFile)

DmaClaSrcSelRegsFile 
*          1    00007980    0000001a     UNINITIALIZED
                  00007980    0000001a     F2837xD_GlobalVariableDefs.obj (DmaClaSrcSelRegsFile)

Emif1RegsFile 
*          1    00047000    00000070     UNINITIALIZED
                  00047000    00000070     F2837xD_GlobalVariableDefs.obj (Emif1RegsFile)

Emif2RegsFile 
*          1    00047800    00000070     UNINITIALIZED
                  00047800    00000070     F2837xD_GlobalVariableDefs.obj (Emif2RegsFile)

CanaRegsFile 
*          1    00048000    00000164     UNINITIALIZED
                  00048000    00000164     F2837xD_GlobalVariableDefs.obj (CanaRegsFile)

CanbRegsFile 
*          1    0004a000    00000164     UNINITIALIZED
                  0004a000    00000164     F2837xD_GlobalVariableDefs.obj (CanbRegsFile)

Cla1SoftIntRegsFile 
*          1    00000ce0    00000000     DSECT

Cmpss1RegsFile 
*          1    00005c80    00000020     UNINITIALIZED
                  00005c80    00000020     F2837xD_GlobalVariableDefs.obj (Cmpss1RegsFile)

Cmpss2RegsFile 
*          1    00005ca0    00000020     UNINITIALIZED
                  00005ca0    00000020     F2837xD_GlobalVariableDefs.obj (Cmpss2RegsFile)

Cmpss3RegsFile 
*          1    00005cc0    00000020     UNINITIALIZED
                  00005cc0    00000020     F2837xD_GlobalVariableDefs.obj (Cmpss3RegsFile)

Cmpss4RegsFile 
*          1    00005ce0    00000020     UNINITIALIZED
                  00005ce0    00000020     F2837xD_GlobalVariableDefs.obj (Cmpss4RegsFile)

Cmpss5RegsFile 
*          1    00005d00    00000020     UNINITIALIZED
                  00005d00    00000020     F2837xD_GlobalVariableDefs.obj (Cmpss5RegsFile)

Cmpss6RegsFile 
*          1    00005d20    00000020     UNINITIALIZED
                  00005d20    00000020     F2837xD_GlobalVariableDefs.obj (Cmpss6RegsFile)

Cmpss7RegsFile 
*          1    00005d40    00000020     UNINITIALIZED
                  00005d40    00000020     F2837xD_GlobalVariableDefs.obj (Cmpss7RegsFile)

Cmpss8RegsFile 
*          1    00005d60    00000020     UNINITIALIZED
                  00005d60    00000020     F2837xD_GlobalVariableDefs.obj (Cmpss8RegsFile)

DcsmZ1RegsFile 
*          1    0005f000    00000024     UNINITIALIZED
                  0005f000    00000024     F2837xD_GlobalVariableDefs.obj (DcsmZ1RegsFile)

DcsmZ2RegsFile 
*          1    0005f040    00000024     UNINITIALIZED
                  0005f040    00000024     F2837xD_GlobalVariableDefs.obj (DcsmZ2RegsFile)

DcsmCommonRegsFile 
*          1    0005f070    00000008     UNINITIALIZED
                  0005f070    00000008     F2837xD_GlobalVariableDefs.obj (DcsmCommonRegsFile)

Flash0CtrlRegsFile 
*          1    0005f800    00000182     UNINITIALIZED
                  0005f800    00000182     F2837xD_GlobalVariableDefs.obj (Flash0CtrlRegsFile)

Flash0EccRegsFile 
*          1    0005fb00    00000028     UNINITIALIZED
                  0005fb00    00000028     F2837xD_GlobalVariableDefs.obj (Flash0EccRegsFile)

DcsmZ1OtpFile 
*          1    00078000    00000020     NOLOAD SECTION
                  00078000    00000020     F2837xD_GlobalVariableDefs.obj (DcsmZ1OtpFile)

DcsmZ2OtpFile 
*          1    00078200    00000020     NOLOAD SECTION
                  00078200    00000020     F2837xD_GlobalVariableDefs.obj (DcsmZ2OtpFile)

GpioDataRegsFile 
*          1    00007f00    00000030     UNINITIALIZED
                  00007f00    00000030     F2837xD_GlobalVariableDefs.obj (GpioDataRegsFile)

IpcRegsFile 
*          1    00050000    00000024     UNINITIALIZED
                  00050000    00000024     F2837xD_GlobalVariableDefs.obj (IpcRegsFile)

FlashPumpSemaphoreRegsFile 
*          1    00050024    00000002     UNINITIALIZED
                  00050024    00000002     F2837xD_GlobalVariableDefs.obj (FlashPumpSemaphoreRegsFile)

MemCfgRegsFile 
*          1    0005f400    00000080     UNINITIALIZED
                  0005f400    00000080     F2837xD_GlobalVariableDefs.obj (MemCfgRegsFile)

Emif1ConfigRegsFile 
*          1    0005f480    00000020     UNINITIALIZED
                  0005f480    00000020     F2837xD_GlobalVariableDefs.obj (Emif1ConfigRegsFile)

AccessProtectionRegsFile 
*          1    0005f4c0    00000040     UNINITIALIZED
                  0005f4c0    00000040     F2837xD_GlobalVariableDefs.obj (AccessProtectionRegsFile)

MemoryErrorRegsFile 
*          1    0005f500    00000040     UNINITIALIZED
                  0005f500    00000040     F2837xD_GlobalVariableDefs.obj (MemoryErrorRegsFile)

ClkCfgRegsFile 
*          1    0005d200    00000032     UNINITIALIZED
                  0005d200    00000032     F2837xD_GlobalVariableDefs.obj (ClkCfgRegsFile)

CpuSysRegsFile 
*          1    0005d300    00000082     UNINITIALIZED
                  0005d300    00000082     F2837xD_GlobalVariableDefs.obj (CpuSysRegsFile)

.text.1    0    000b8000    00001ffd     
                  000b8000    000009b8     ecatslv.obj (.text)
                  000b89b8    00000998     objdef.obj (.text)
                  000b9350    000006a9     cia402appl.obj (.text)
                  000b99f9    00000585     F2837xD_DefaultISR.obj (.text:retain)
                  000b9f7e    0000007c     F2837xD_CpuTimers.obj (.text)
                  000b9ffa    00000002     rts2800_fpu32.lib : pre_init.c.obj (.text)
                  000b9ffc    00000001                       : startup.c.obj (.text)

.text.2    0    000ba81c    000012ff     
                  000ba81c    0000065a     sdoserv.obj (.text)
                  000bae76    00000354     mailbox.obj (.text)
                  000bb1ca    000001d2     rts2800_fpu32.lib : memory.c.obj (.text)
                  000bb39c    000001c4     GDC_PV1_0.obj (.text)
                  000bb560    000001b1     coeappl.obj (.text)
                  000bb711    00000147     ecatappl.obj (.text)
                  000bb858    0000007b     mcihwf2837xd.obj (.text)
                  000bb8d3    00000074     GDC16.obj (.text)
                  000bb947    00000066     ecatcoe.obj (.text)
                  000bb9ad    00000056     rts2800_fpu32.lib : boot28.asm.obj (.text)
                  000bba03    0000002a                       : l_div28.asm.obj (.text)
                  000bba2d    00000029                       : exit.c.obj (.text)
                  000bba56    00000028     F2837xD_PieCtrl.obj (.text)
                  000bba7e    00000026     F2837xD_PieVect.obj (.text)
                  000bbaa4    00000024     rts2800_fpu32.lib : cpy_tbl.c.obj (.text)
                  000bbac8    0000001e                       : memcpy.c.obj (.text)
                  000bbae6    00000019                       : args_main.c.obj (.text)
                  000bbaff    0000000b                       : u_div28.asm.obj (.text)
                  000bbb0a    00000009                       : _lock.c.obj (.text)
                  000bbb13    00000008                       : strlen.c.obj (.text)

.ebss.1    1    00009800    0000068c     UNINITIALIZED
                  00009800    00000480     mailbox.obj (.ebss)
                  00009c80    0000020c     GDC_PV1_0.obj (.ebss)

.ebss.2    1    0000b800    000007bc     UNINITIALIZED
                  0000b800    000005d0     cia402appl.obj (.ebss)
                  0000bdd0    0000002a     ecatslv.obj (.ebss)
                  0000bdfa    00000006     rts2800_fpu32.lib : exit.c.obj (.ebss)
                  0000be00    0000011c     coeappl.obj (.ebss)
                  0000bf1c    00000018     F2837xD_CpuTimers.obj (.ebss)
                  0000bf34    00000008     rts2800_fpu32.lib : memory.c.obj (.ebss)
                  0000bf3c    00000002                       : _lock.c.obj (.ebss:__lock)
                  0000bf3e    00000002                       : _lock.c.obj (.ebss:__unlock)
                  0000bf40    00000062     objdef.obj (.ebss)
                  0000bfa2    00000018     ecatappl.obj (.ebss)
                  0000bfba    00000002     ecatcoe.obj (.ebss)

.ebss.3    1    0000bfc0    0000002e     UNINITIALIZED
                  0000bfc0    00000027     sdoserv.obj (.ebss)
                  0000bfe7    00000007     GDC16.obj (.ebss)

MODULE SUMMARY

       Module                           code    initialized data   uninitialized data
       ------                           ----    ----------------   ------------------
    .\F2837xD_common\source\
       F2837xD_DefaultISR.obj           1413    0                  0                 
       F2837xD_PieVect.obj              38      448                0                 
       F2837xD_CpuTimers.obj            124     0                  24                
       F2837xD_PieCtrl.obj              40      0                  0                 
       F2837xD_usDelay.obj              8       0                  0                 
       F2837xD_CodeStartBranch.obj      2       0                  0                 
    +--+--------------------------------+-------+------------------+--------------------+
       Total:                           1625    448                24                
                                                                                     
    .\F2837xD_headers\source\
       F2837xD_GlobalVariableDefs.obj   0       0                  7633              
    +--+--------------------------------+-------+------------------+--------------------+
       Total:                           0       0                  7633              
                                                                                     
    .\SSC\Src\
       cia402appl.obj                   1705    1679               1488              
       objdef.obj                       2456    124                98                
       ecatslv.obj                      2488    4                  42                
       mailbox.obj                      852     0                  1152              
       sdoserv.obj                      1626    64                 39                
       coeappl.obj                      433     549                284               
       ecatappl.obj                     783     4                  24                
       ecatcoe.obj                      102     0                  2                 
    +--+--------------------------------+-------+------------------+--------------------+
       Total:                           10445   2424               3129              
                                                                                     
    .\user\
       GDC_PV1_0.obj                    452     643                524               
       GDC16.obj                        936     0                  51                
       mcihwf2837xd.obj                 245     0                  0                 
    +--+--------------------------------+-------+------------------+--------------------+
       Total:                           1633    643                575               
                                                                                     
    D:\CCS8\ccsv8\tools\compiler\ti-cgt-c2000_18.1.1.LTS\lib\rts2800_fpu32.lib
       memory.c.obj                     466     4                  8                 
       boot28.asm.obj                   86      0                  0                 
       exit.c.obj                       41      14                 6                 
       l_div28.asm.obj                  42      0                  0                 
       cpy_tbl.c.obj                    36      0                  0                 
       memcpy.c.obj                     30      0                  0                 
       args_main.c.obj                  25      0                  0                 
       _lock.c.obj                      9       10                 4                 
       u_div28.asm.obj                  11      0                  0                 
       strlen.c.obj                     8       0                  0                 
       pre_init.c.obj                   2       0                  0                 
       startup.c.obj                    1       0                  0                 
    +--+--------------------------------+-------+------------------+--------------------+
       Total:                           757     28                 18                
                                                                                     
       Heap:                            0       0                  2048              
       Stack:                           0       0                  1024              
    +--+--------------------------------+-------+------------------+--------------------+
       Grand Total:                     14460   3543               14451             


GLOBAL DATA SYMBOLS: SORTED BY DATA PAGE

address     data page           name
--------    ----------------    ----
00000400      10 (00000400)     __stack

00000b00      2c (00000b00)     _AdcaResultRegs
00000b20      2c (00000b00)     _AdcbResultRegs

00000b40      2d (00000b40)     _AdccResultRegs
00000b60      2d (00000b40)     _AdcdResultRegs

00000c00      30 (00000c00)     _CpuTimer0Regs
00000c08      30 (00000c00)     _CpuTimer1Regs
00000c10      30 (00000c00)     _CpuTimer2Regs

00000ce0      33 (00000cc0)     _PieCtrlRegs

00000d00      34 (00000d00)     _EmuKey
00000d00      34 (00000d00)     _PieVectTable
00000d01      34 (00000d00)     _EmuBMode

00001000      40 (00001000)     _DmaRegs

00004000     100 (00004000)     _EPwm1Regs

00004100     104 (00004100)     _EPwm2Regs

00004200     108 (00004200)     _EPwm3Regs

00004300     10c (00004300)     _EPwm4Regs

00004400     110 (00004400)     _EPwm5Regs

00004500     114 (00004500)     _EPwm6Regs

00004600     118 (00004600)     _EPwm7Regs

00004700     11c (00004700)     _EPwm8Regs

00004800     120 (00004800)     _EPwm9Regs

00004900     124 (00004900)     _EPwm10Regs

00004a00     128 (00004a00)     _EPwm11Regs

00004b00     12c (00004b00)     _EPwm12Regs

00005000     140 (00005000)     _ECap1Regs
00005020     140 (00005000)     _ECap2Regs

00005040     141 (00005040)     _ECap3Regs
00005060     141 (00005040)     _ECap4Regs

00005080     142 (00005080)     _ECap5Regs
000050a0     142 (00005080)     _ECap6Regs

00005100     144 (00005100)     _EQep1Regs

00005140     145 (00005140)     _EQep2Regs

00005180     146 (00005180)     _EQep3Regs

00005c00     170 (00005c00)     _DacaRegs
00005c10     170 (00005c00)     _DacbRegs
00005c20     170 (00005c00)     _DaccRegs

00005c80     172 (00005c80)     _Cmpss1Regs
00005ca0     172 (00005c80)     _Cmpss2Regs

00005cc0     173 (00005cc0)     _Cmpss3Regs
00005ce0     173 (00005cc0)     _Cmpss4Regs

00005d00     174 (00005d00)     _Cmpss5Regs
00005d20     174 (00005d00)     _Cmpss6Regs

00005d40     175 (00005d40)     _Cmpss7Regs
00005d60     175 (00005d40)     _Cmpss8Regs

00005e00     178 (00005e00)     _Sdfm1Regs

00005e80     17a (00005e80)     _Sdfm2Regs

00006000     180 (00006000)     _McbspaRegs

00006040     181 (00006040)     _McbspbRegs

00006100     184 (00006100)     _SpiaRegs
00006110     184 (00006100)     _SpibRegs
00006120     184 (00006100)     _SpicRegs

00007000     1c0 (00007000)     _WdRegs

00007060     1c1 (00007040)     _NmiIntruptRegs
00007070     1c1 (00007040)     _XintRegs

00007200     1c8 (00007200)     _SciaRegs
00007210     1c8 (00007200)     _ScibRegs
00007220     1c8 (00007200)     _ScicRegs
00007230     1c8 (00007200)     _ScidRegs

00007300     1cc (00007300)     _I2caRegs

00007340     1cd (00007340)     _I2cbRegs

00007400     1d0 (00007400)     _AdcaRegs

00007480     1d2 (00007480)     _AdcbRegs

00007500     1d4 (00007500)     _AdccRegs

00007580     1d6 (00007580)     _AdcdRegs

00007980     1e6 (00007980)     _DmaClaSrcSelRegs

00007f00     1fc (00007f00)     _GpioDataRegs

00009800     260 (00009800)     _u8MbxReadCounter
00009801     260 (00009800)     _u8MailboxSendReqStored
00009802     260 (00009800)     _u16EscAddrSendMbx
00009803     260 (00009800)     _u8MbxWriteCounter
00009804     260 (00009800)     _u16EscAddrReceiveMbx
00009805     260 (00009800)     _bNoMbxMemoryAvailable
00009806     260 (00009800)     _bSendMbxIsFull
00009807     260 (00009800)     _bReceiveMbxIsLocked
00009808     260 (00009800)     _u16SendMbxSize
00009809     260 (00009800)     _u16ReceiveMbxSize
0000980a     260 (00009800)     _bMbxRepeatToggle
0000980b     260 (00009800)     _bMbxRunning
0000980c     260 (00009800)     _psReadMbx
0000980e     260 (00009800)     _psStoreMbx
00009810     260 (00009800)     _psRepeatMbx
00009812     260 (00009800)     _psWriteMbx
00009814     260 (00009800)     _sMbxReceiveQueue

00009840     261 (00009840)     _sMbxSendQueue

00009880     262 (00009880)     _asMbx

00009c80     272 (00009c80)     _Gdc_Para

00009cc0     273 (00009cc0)     _DefGDC_PV1_0ObjDic

0000a800     2a0 (0000a800)     __sys_memory

0000b800     2e0 (0000b800)     _sTxPDOassign
0000b802     2e0 (0000b800)     _sRxPDOassign
0000b804     2e0 (0000b800)     _ApplicationObjDic

0000b840     2e1 (0000b840)     _DefCiA402ObjectValues

0000b900     2e4 (0000b900)     _LocalAxes

0000b9c0     2e7 (0000b9c0)     _DefCiA402AxisObjDic

0000bdd0     2f7 (0000bdc0)     _EcatWdValue
0000bdd1     2f7 (0000bdc0)     _nEscAddrOutputData
0000bdd2     2f7 (0000bdc0)     _nMaxEscAddress
0000bdd3     2f7 (0000bdc0)     _nAlStatus
0000bdd4     2f7 (0000bdc0)     _nMaxSyncMan
0000bdd5     2f7 (0000bdc0)     _bEcatWaitForAlControlRes
0000bdd6     2f7 (0000bdc0)     _nEcatStateTrans
0000bdd7     2f7 (0000bdc0)     _u16LocalErrorCode
0000bdd8     2f7 (0000bdc0)     _bApplEsmPending
0000bdd9     2f7 (0000bdc0)     _nPdInputSize
0000bdda     2f7 (0000bdc0)     _nPdOutputSize
0000bddb     2f7 (0000bdc0)     _u8EcatErrorLed
0000bddc     2f7 (0000bdc0)     _u8EcatRunLed
0000bddd     2f7 (0000bdc0)     _u16dummy
0000bdde     2f7 (0000bdc0)     _SMActivate
0000bddf     2f7 (0000bdc0)     _nEscAddrInputData
0000bde0     2f7 (0000bdc0)     _u16ALEventMask
0000bde1     2f7 (0000bdc0)     _bEcatOutputUpdateRunning
0000bde2     2f7 (0000bdc0)     _bWdTrigger
0000bde3     2f7 (0000bdc0)     _bDcSyncActive
0000bde4     2f7 (0000bdc0)     _bEcatInputUpdateRunning
0000bde5     2f7 (0000bdc0)     _bEcatFirstOutputsReceived
0000bde6     2f7 (0000bdc0)     _Sync1WdCounter
0000bde7     2f7 (0000bdc0)     _Sync1WdValue
0000bde8     2f7 (0000bdc0)     _Sync0WdValue
0000bde9     2f7 (0000bdc0)     _i16WaitForPllRunningCnt
0000bdea     2f7 (0000bdc0)     _Sync0WdCounter
0000bdeb     2f7 (0000bdc0)     _b3BufferMode
0000bdec     2f7 (0000bdc0)     _bLocalErrorFlag
0000bded     2f7 (0000bdc0)     _bEscIntEnabled
0000bdee     2f7 (0000bdc0)     _LatchInputSync0Value
0000bdef     2f7 (0000bdc0)     _LatchInputSync0Counter
0000bdf0     2f7 (0000bdc0)     _i16WaitForPllRunningTimeout
0000bdf1     2f7 (0000bdc0)     _u16SmSync0Value
0000bdf2     2f7 (0000bdc0)     _bSmSyncSequenceValid
0000bdf3     2f7 (0000bdc0)     _bDcRunning
0000bdf4     2f7 (0000bdc0)     _u16SmSync0Counter
0000bdf5     2f7 (0000bdc0)     _EsmTimeoutCounter
0000bdf6     2f7 (0000bdc0)     _SyncManInfo
0000bdfa     2f7 (0000bdc0)     ___TI_enable_exit_profile_output
0000bdfc     2f7 (0000bdc0)     ___TI_cleanup_ptr
0000bdfe     2f7 (0000bdc0)     ___TI_dtors_ptr

0000be00     2f8 (0000be00)     _u16ErrorRegister
0000be01     2f8 (0000be00)     _acHardwareversion
0000be04     2f8 (0000be00)     _ObjDicList
0000be06     2f8 (0000be00)     _u32Devicetype
0000be08     2f8 (0000be00)     _sSyncmanagertype
0000be0b     2f8 (0000be00)     _acSoftwareversion
0000be10     2f8 (0000be00)     _acDevicename
0000be16     2f8 (0000be00)     _sIdentity

0000be40     2f9 (0000be40)     _GenObjDic

0000bf1c     2fc (0000bf00)     _CpuTimer1
0000bf24     2fc (0000bf00)     _CpuTimer2
0000bf2c     2fc (0000bf00)     _CpuTimer0
0000bf3c     2fc (0000bf00)     __lock
0000bf3e     2fc (0000bf00)     __unlock

0000bf40     2fd (0000bf40)     _Count6060
0000bf41     2fd (0000bf40)     _Count6061
0000bf42     2fd (0000bf40)     _bSyncSetByUser
0000bf43     2fd (0000bf40)     _sCycleDiag
0000bf44     2fd (0000bf40)     _Count1C13
0000bf45     2fd (0000bf40)     _Count1C12
0000bf46     2fd (0000bf40)     _CountGdub
0000bf48     2fd (0000bf40)     _sErrorSettings
0000bf4e     2fd (0000bf40)     _aSubindexDesc
0000bf5c     2fd (0000bf40)     _sSyncManOutPar

0000bf80     2fe (0000bf80)     _sSyncManInPar
0000bfa2     2fe (0000bf80)     _bRunApplication
0000bfa3     2fe (0000bf80)     _bEtherCATRunLed
0000bfa4     2fe (0000bf80)     _bEcatWaitForInputUpdate
0000bfa5     2fe (0000bf80)     _bInitFinished
0000bfa6     2fe (0000bf80)     _bEtherCATErrorLed
0000bfa7     2fe (0000bf80)     _aPdOutputData
0000bfae     2fe (0000bf80)     _aPdInputData
0000bfba     2fe (0000bf80)     _pCoeSendStored

0000bfc0     2ff (0000bfc0)     _bSdoInWork
0000bfc1     2ff (0000bfc0)     _nSdoInfoIndex
0000bfc2     2ff (0000bfc0)     _nSdoSegSubindex
0000bfc3     2ff (0000bfc0)     _nSdoSegIndex
0000bfc4     2ff (0000bfc0)     _bSdoSegLastToggle
0000bfc5     2ff (0000bfc0)     _nSdoSegService
0000bfc6     2ff (0000bfc0)     _nSdoInfoFragmentsLeft
0000bfc7     2ff (0000bfc0)     _bSdoSegAccess
0000bfc8     2ff (0000bfc0)     _u8PendingSdo
0000bfc9     2ff (0000bfc0)     _u16StoreIndex
0000bfca     2ff (0000bfc0)     _bSdoSegFollows
0000bfcb     2ff (0000bfc0)     _u8StoreSubindex
0000bfcc     2ff (0000bfc0)     _bStoreCompleteAccess
0000bfce     2ff (0000bfc0)     _pSdoSegObjEntry
0000bfd0     2ff (0000bfc0)     _pSdoPendFunc
0000bfd2     2ff (0000bfc0)     _pSdoSegData
0000bfd4     2ff (0000bfc0)     _u32StoreDataSize
0000bfd6     2ff (0000bfc0)     _pStoreData
0000bfd8     2ff (0000bfc0)     _nSdoSegBytesToHandle
0000bfda     2ff (0000bfc0)     _nSdoSegCompleteSize
0000bfdc     2ff (0000bfc0)     _pSdoResStored
0000bfde     2ff (0000bfc0)     _pSdoInfoObjEntry
0000bfe0     2ff (0000bfc0)     _aSdoInfoHeader
0000bfe7     2ff (0000bfc0)     _Data_input1
0000bfe8     2ff (0000bfc0)     _Data_input2
0000bfe9     2ff (0000bfc0)     _Data_input3
0000bfea     2ff (0000bfc0)     _CountRest
0000bfeb     2ff (0000bfc0)     _Data_input4
0000bfec     2ff (0000bfc0)     _count
0000bfed     2ff (0000bfc0)     _CountFault

0001a000     680 (0001a000)     _CPU1_CPU2

0001b000     6c0 (0001b000)     _CPU2_CPU1

00047000    11c0 (00047000)     _Emif1Regs

00047800    11e0 (00047800)     _Emif2Regs

00048000    1200 (00048000)     _CanaRegs

0004a000    1280 (0004a000)     _CanbRegs

00050000    1400 (00050000)     _IpcRegs
00050024    1400 (00050000)     _FlashPumpSemaphoreRegs

0005d200    1748 (0005d200)     _ClkCfgRegs

0005d300    174c (0005d300)     _CpuSysRegs

0005f000    17c0 (0005f000)     _DcsmZ1Regs

0005f040    17c1 (0005f040)     _DcsmZ2Regs
0005f070    17c1 (0005f040)     _DcsmCommonRegs

0005f400    17d0 (0005f400)     _MemCfgRegs

0005f480    17d2 (0005f480)     _Emif1ConfigRegs

0005f4c0    17d3 (0005f4c0)     _AccessProtectionRegs

0005f500    17d4 (0005f500)     _MemoryErrorRegs

0005f800    17e0 (0005f800)     _Flash0CtrlRegs

0005fb00    17ec (0005fb00)     _Flash0EccRegs

00078000    1e00 (00078000)     _DcsmZ1Otp

00078200    1e08 (00078200)     _DcsmZ2Otp

000bc000    2f00 (000bc000)     _PieVectTableInit

000bc1c0    2f07 (000bc1c0)     _asEntryDesc0x1C3x

000bc224    2f08 (000bc200)     _cAbortCode

000bc260    2f09 (000bc240)     _aName0x1C32

000bc290    2f0a (000bc280)     _aName0x1C33

000bc2c0    2f0b (000bc2c0)     _asEntryDesc0x1A00
000bc2d8    2f0b (000bc2c0)     _asEntryDesc0x1600
000bc2ea    2f0b (000bc2c0)     _cBitMask
000bc2fa    2f0b (000bc2c0)     _asEntryDesc0x1018

000bc309    2f0c (000bc300)     _aName0x1018
000bc315    2f0c (000bc300)     _asEntryDesc0x1A02
000bc321    2f0c (000bc300)     _asEntryDesc0x1A03
000bc32d    2f0c (000bc300)     _aName0x2452
000bc338    2f0c (000bc300)     _aName0x23FD

000bc341    2f0d (000bc340)     _aName0x23FE
000bc34a    2f0d (000bc340)     _aName0x60C2
000bc353    2f0d (000bc340)     _asEntryDesc0x10F1
000bc35c    2f0d (000bc340)     _asEntryDesc0x1601
000bc365    2f0d (000bc340)     _asEntryDesc0x1602
000bc36e    2f0d (000bc340)     _asEntryDesc0x1603
000bc377    2f0d (000bc340)     _asEntryDesc0x1A01

000bc380    2f0e (000bc380)     _asEntryDesc0x607D
000bc389    2f0e (000bc380)     _asEntryDesc0x6099
000bc392    2f0e (000bc380)     _asEntryDesc0x60C2
000bc39b    2f0e (000bc380)     _asEntryDesc0x60FE
000bc3a4    2f0e (000bc380)     _sEntryDesc0x2168
000bc3ad    2f0e (000bc380)     _sEntryDesc0x2197
000bc3b6    2f0e (000bc380)     _sEntryDesc0x219A
000bc3bf    2f0e (000bc380)     _sEntryDesc0x21B9

000bc3c8    2f0f (000bc3c0)     _aName0x10F1
000bc3d0    2f0f (000bc3c0)     _aName0x2168
000bc3d8    2f0f (000bc3c0)     _aName0x2197
000bc3e0    2f0f (000bc3c0)     _aName0x219A
000bc3e8    2f0f (000bc3c0)     _aName0x21B9
000bc3f0    2f0f (000bc3c0)     _aName0x607D
000bc3f8    2f0f (000bc3c0)     _aName0x6099

000bc400    2f10 (000bc400)     _aName0x60FE
000bc408    2f10 (000bc400)     _asEntryDesc0x1C00
000bc40e    2f10 (000bc400)     _asPDOAssignEntryDesc
000bc414    2f10 (000bc400)     _aName0x1600
000bc418    2f10 (000bc400)     _aName0x1601
000bc41c    2f10 (000bc400)     _aName0x1602
000bc420    2f10 (000bc400)     _aName0x1603
000bc424    2f10 (000bc400)     _aName0x1A00
000bc428    2f10 (000bc400)     _aName0x1A01
000bc42c    2f10 (000bc400)     _aName0x1A02
000bc430    2f10 (000bc400)     _aName0x1A03
000bc434    2f10 (000bc400)     _sEntryDesc0x1000
000bc437    2f10 (000bc400)     _sEntryDesc0x1001
000bc43a    2f10 (000bc400)     _sEntryDesc0x1008
000bc43d    2f10 (000bc400)     _sEntryDesc0x1009

000bc440    2f11 (000bc440)     _sEntryDesc0x100A
000bc443    2f11 (000bc440)     _sEntryDesc0x2004
000bc446    2f11 (000bc440)     _sEntryDesc0x2005
000bc449    2f11 (000bc440)     _sEntryDesc0x2007
000bc44c    2f11 (000bc440)     _sEntryDesc0x2009
000bc44f    2f11 (000bc440)     _sEntryDesc0x200B
000bc452    2f11 (000bc440)     _sEntryDesc0x200C
000bc455    2f11 (000bc440)     _sEntryDesc0x2018
000bc458    2f11 (000bc440)     _sEntryDesc0x2034
000bc45b    2f11 (000bc440)     _sEntryDesc0x217C
000bc45e    2f11 (000bc440)     _sEntryDesc0x217E
000bc461    2f11 (000bc440)     _sEntryDesc0x2180
000bc464    2f11 (000bc440)     _sEntryDesc0x2181
000bc467    2f11 (000bc440)     _sEntryDesc0x21A6
000bc46a    2f11 (000bc440)     _sEntryDesc0x21A8
000bc46d    2f11 (000bc440)     _sEntryDesc0x21A9
000bc470    2f11 (000bc440)     _sEntryDesc0x23FD
000bc473    2f11 (000bc440)     _sEntryDesc0x23FE
000bc476    2f11 (000bc440)     _sEntryDesc0x2452
000bc479    2f11 (000bc440)     _sEntryDesc0x603F
000bc47c    2f11 (000bc440)     _sEntryDesc0x6040
000bc47f    2f11 (000bc440)     _sEntryDesc0x6041

000bc482    2f12 (000bc480)     _sEntryDesc0x6060
000bc485    2f12 (000bc480)     _sEntryDesc0x6061
000bc488    2f12 (000bc480)     _sEntryDesc0x6063
000bc48b    2f12 (000bc480)     _sEntryDesc0x6064
000bc48e    2f12 (000bc480)     _sEntryDesc0x6065
000bc491    2f12 (000bc480)     _sEntryDesc0x606B
000bc494    2f12 (000bc480)     _sEntryDesc0x606C
000bc497    2f12 (000bc480)     _sEntryDesc0x606D
000bc49a    2f12 (000bc480)     _sEntryDesc0x606E
000bc49d    2f12 (000bc480)     _sEntryDesc0x6071
000bc4a0    2f12 (000bc480)     _sEntryDesc0x6072
000bc4a3    2f12 (000bc480)     _sEntryDesc0x6077
000bc4a6    2f12 (000bc480)     _sEntryDesc0x607A
000bc4a9    2f12 (000bc480)     _sEntryDesc0x607C
000bc4ac    2f12 (000bc480)     _sEntryDesc0x6081
000bc4af    2f12 (000bc480)     _sEntryDesc0x6083
000bc4b2    2f12 (000bc480)     _sEntryDesc0x6084
000bc4b5    2f12 (000bc480)     _sEntryDesc0x6087
000bc4b8    2f12 (000bc480)     _sEntryDesc0x6098
000bc4bb    2f12 (000bc480)     _sEntryDesc0x609A
000bc4be    2f12 (000bc480)     _sEntryDesc0x60B1

000bc4c1    2f13 (000bc4c0)     _sEntryDesc0x60B2
000bc4c4    2f13 (000bc4c0)     _sEntryDesc0x60B8
000bc4c7    2f13 (000bc4c0)     _sEntryDesc0x60B9
000bc4ca    2f13 (000bc4c0)     _sEntryDesc0x60BA
000bc4cd    2f13 (000bc4c0)     _sEntryDesc0x60BB
000bc4d0    2f13 (000bc4c0)     _sEntryDesc0x60BC
000bc4d3    2f13 (000bc4c0)     _sEntryDesc0x60BD
000bc4d6    2f13 (000bc4c0)     _sEntryDesc0x60C0
000bc4d9    2f13 (000bc4c0)     _sEntryDesc0x60E0
000bc4dc    2f13 (000bc4c0)     _sEntryDesc0x60E1
000bc4df    2f13 (000bc4c0)     _sEntryDesc0x60F4
000bc4e2    2f13 (000bc4c0)     _sEntryDesc0x60FC
000bc4e5    2f13 (000bc4c0)     _sEntryDesc0x60FD
000bc4e8    2f13 (000bc4c0)     _sEntryDesc0x60FF
000bc4eb    2f13 (000bc4c0)     _sEntryDesc0x6502
000bc4ee    2f13 (000bc4c0)     _aName0x1000
000bc4f0    2f13 (000bc4c0)     _aName0x1001
000bc4f2    2f13 (000bc4c0)     _aName0x1008
000bc4f4    2f13 (000bc4c0)     _aName0x1009
000bc4f6    2f13 (000bc4c0)     _aName0x100A
000bc4f8    2f13 (000bc4c0)     _aName0x1C00
000bc4fa    2f13 (000bc4c0)     _aName0x1C12
000bc4fc    2f13 (000bc4c0)     _aName0x1C13
000bc4fe    2f13 (000bc4c0)     _aName0x2004

000bc500    2f14 (000bc500)     _aName0x2005
000bc502    2f14 (000bc500)     _aName0x2007
000bc504    2f14 (000bc500)     _aName0x2009
000bc506    2f14 (000bc500)     _aName0x200B
000bc508    2f14 (000bc500)     _aName0x200C
000bc50a    2f14 (000bc500)     _aName0x2018
000bc50c    2f14 (000bc500)     _aName0x2034
000bc50e    2f14 (000bc500)     _aName0x217C
000bc510    2f14 (000bc500)     _aName0x217E
000bc512    2f14 (000bc500)     _aName0x2180
000bc514    2f14 (000bc500)     _aName0x2181
000bc516    2f14 (000bc500)     _aName0x21A6
000bc518    2f14 (000bc500)     _aName0x21A8
000bc51a    2f14 (000bc500)     _aName0x21A9
000bc51c    2f14 (000bc500)     _aName0x603F
000bc51e    2f14 (000bc500)     _aName0x6040
000bc520    2f14 (000bc500)     _aName0x6041
000bc522    2f14 (000bc500)     _aName0x6060
000bc524    2f14 (000bc500)     _aName0x6061
000bc526    2f14 (000bc500)     _aName0x6063
000bc528    2f14 (000bc500)     _aName0x6064
000bc52a    2f14 (000bc500)     _aName0x6065
000bc52c    2f14 (000bc500)     _aName0x606B
000bc52e    2f14 (000bc500)     _aName0x606C
000bc530    2f14 (000bc500)     _aName0x606D
000bc532    2f14 (000bc500)     _aName0x606E
000bc534    2f14 (000bc500)     _aName0x6071
000bc536    2f14 (000bc500)     _aName0x6072
000bc538    2f14 (000bc500)     _aName0x6077
000bc53a    2f14 (000bc500)     _aName0x607A
000bc53c    2f14 (000bc500)     _aName0x607C
000bc53e    2f14 (000bc500)     _aName0x6081

000bc540    2f15 (000bc540)     _aName0x6083
000bc542    2f15 (000bc540)     _aName0x6084
000bc544    2f15 (000bc540)     _aName0x6087
000bc546    2f15 (000bc540)     _aName0x6098
000bc548    2f15 (000bc540)     _aName0x609A
000bc54a    2f15 (000bc540)     _aName0x60B1
000bc54c    2f15 (000bc540)     _aName0x60B2
000bc54e    2f15 (000bc540)     _aName0x60B8
000bc550    2f15 (000bc540)     _aName0x60B9
000bc552    2f15 (000bc540)     _aName0x60BA
000bc554    2f15 (000bc540)     _aName0x60BB
000bc556    2f15 (000bc540)     _aName0x60BC
000bc558    2f15 (000bc540)     _aName0x60BD
000bc55a    2f15 (000bc540)     _aName0x60C0
000bc55c    2f15 (000bc540)     _aName0x60E0
000bc55e    2f15 (000bc540)     _aName0x60E1
000bc560    2f15 (000bc540)     _aName0x60F4
000bc562    2f15 (000bc540)     _aName0x60FC
000bc564    2f15 (000bc540)     _aName0x60FD
000bc566    2f15 (000bc540)     _aName0x60FF
000bc568    2f15 (000bc540)     _aName0x6502


GLOBAL SYMBOLS: SORTED ALPHABETICALLY BY Name 

page  address   name                            
----  -------   ----                            
abs   ffffffff  .text                           
0     000bba2d  C$$EXIT                         
0     000bba03  L$$DIV                          
0     000bba12  L$$MOD                          
0     000bbaff  U$$DIV                          
0     000bbb04  U$$MOD                          
0     000bba20  UL$$DIV                         
0     000bba27  UL$$MOD                         
0     000b9ab7  _ADCA1_ISR                      
0     000b9d37  _ADCA2_ISR                      
0     000b9d41  _ADCA3_ISR                      
0     000b9d4b  _ADCA4_ISR                      
0     000b9d2d  _ADCA_EVT_ISR                   
0     000b9ac1  _ADCB1_ISR                      
0     000b9d5f  _ADCB2_ISR                      
0     000b9d69  _ADCB3_ISR                      
0     000b9d73  _ADCB4_ISR                      
0     000b9d55  _ADCB_EVT_ISR                   
0     000b9acb  _ADCC1_ISR                      
0     000b9ec7  _ADCC2_ISR                      
0     000b9ed1  _ADCC3_ISR                      
0     000b9edb  _ADCC4_ISR                      
0     000b9ebd  _ADCC_EVT_ISR                   
0     000b9ae9  _ADCD1_ISR                      
0     000b9eef  _ADCD2_ISR                      
0     000b9ef9  _ADCD3_ISR                      
0     000b9f03  _ADCD4_ISR                      
0     000b9ee5  _ADCD_EVT_ISR                   
0     000b8511  _AL_ControlInd                  
0     000b871c  _AL_ControlRes                  
0     000b98e7  _APPL_AckErrorInd               
0     000b98d0  _APPL_Application               
0     000b98f5  _APPL_GenerateMapping           
0     000b99f7  _APPL_StartInputHandler         
0     000b98eb  _APPL_StartMailboxHandler       
0     000b98f1  _APPL_StartOutputHandler        
0     000b98ef  _APPL_StopInputHandler          
0     000b98ed  _APPL_StopMailboxHandler        
0     000b98f3  _APPL_StopOutputHandler         
0     000b9f3f  _AUX_PLL_SLIP_ISR               
1     0005f4c0  _AccessProtectionRegs           
1     00007400  _AdcaRegs                       
1     00000b00  _AdcaResultRegs                 
1     00007480  _AdcbRegs                       
1     00000b20  _AdcbResultRegs                 
1     00007500  _AdccRegs                       
1     00000b40  _AdccResultRegs                 
1     00007580  _AdcdRegs                       
1     00000b60  _AdcdResultRegs                 
0     000bb675  _AddObjectsToObjDictionary      
1     0000b804  _ApplicationObjDic              
0     000b849e  _BackToInitTransition           
0     000b9d05  _CANA0_ISR                      
0     000b9d0f  _CANA1_ISR                      
0     000b9d19  _CANB0_ISR                      
0     000b9d23  _CANB1_ISR                      
0     000b9d7d  _CLA1_1_ISR                     
0     000b9d87  _CLA1_2_ISR                     
0     000b9d91  _CLA1_3_ISR                     
0     000b9d9b  _CLA1_4_ISR                     
0     000b9da5  _CLA1_5_ISR                     
0     000b9daf  _CLA1_6_ISR                     
0     000b9db9  _CLA1_7_ISR                     
0     000b9dc3  _CLA1_8_ISR                     
0     000b9f49  _CLA_OVERFLOW_ISR               
0     000b9f53  _CLA_UNDERFLOW_ISR              
0     000bb5d7  _COE_AddObjectToDic             
0     000bb65d  _COE_ClearObjDictionary         
0     000bb977  _COE_ContinueInd                
0     000bb560  _COE_GetObjectDictionary        
0     000bb947  _COE_Init                       
0     000bb6a5  _COE_Main                       
0     000bb68e  _COE_ObjDictionaryInit          
0     000bb583  _COE_ObjInit                    
0     000bb62c  _COE_RemoveDicEntry             
0     000bb94f  _COE_ServiceInd                 
0     000bb564  _COE_UpdateSyncErrorStatus      
1     0001a000  _CPU1_CPU2                      
1     0001b000  _CPU2_CPU1                      
1     00048000  _CanaRegs                       
1     0004a000  _CanbRegs                       
0     000b883b  _CheckIfEcatError               
0     000b80c3  _CheckSmSettings                
0     000b8cec  _CheckSyncTypeValue             
0     000b989a  _CiA402_Application             
0     000b96ae  _CiA402_DeallocateAxis          
0     000b97ef  _CiA402_DummyMotionControl      
0     000b9350  _CiA402_Init                    
0     000b98d9  _CiA402_LocalError              
0     000b96d1  _CiA402_StateMachine            
1     0005d200  _ClkCfgRegs                     
1     00005c80  _Cmpss1Regs                     
1     00005ca0  _Cmpss2Regs                     
1     00005cc0  _Cmpss3Regs                     
1     00005ce0  _Cmpss4Regs                     
1     00005d00  _Cmpss5Regs                     
1     00005d20  _Cmpss6Regs                     
1     00005d40  _Cmpss7Regs                     
1     00005d60  _Cmpss8Regs                     
0     000b9fbf  _ConfigCpuTimer                 
1     0000bf45  _Count1C12                      
1     0000bf44  _Count1C13                      
1     0000bf40  _Count6060                      
1     0000bf41  _Count6061                      
1     0000bfed  _CountFault                     
1     0000bf46  _CountGdub                      
1     0000bfea  _CountRest                      
1     0005d300  _CpuSysRegs                     
1     0000bf2c  _CpuTimer0                      
1     00000c00  _CpuTimer0Regs                  
1     0000bf1c  _CpuTimer1                      
1     00000c08  _CpuTimer1Regs                  
1     0000bf24  _CpuTimer2                      
1     00000c10  _CpuTimer2Regs                  
0     000b9a0d  _DATALOG_ISR                    
0     000b87fa  _DC_CheckWatchdog               
0     000b9c51  _DMA_CH1_ISR                    
0     000b9c5b  _DMA_CH2_ISR                    
0     000b9c65  _DMA_CH3_ISR                    
0     000b9c6f  _DMA_CH4_ISR                    
0     000b9c79  _DMA_CH5_ISR                    
0     000b9c83  _DMA_CH6_ISR                    
1     00005c00  _DacaRegs                       
1     00005c10  _DacbRegs                       
1     00005c20  _DaccRegs                       
1     0000bfe7  _Data_input1                    
1     0000bfe8  _Data_input2                    
1     0000bfe9  _Data_input3                    
1     0000bfeb  _Data_input4                    
1     0005f070  _DcsmCommonRegs                 
1     00078000  _DcsmZ1Otp                      
1     0005f000  _DcsmZ1Regs                     
1     00078200  _DcsmZ2Otp                      
1     0005f040  _DcsmZ2Regs                     
1     0000b9c0  _DefCiA402AxisObjDic            
1     0000b840  _DefCiA402ObjectValues          
1     00009cc0  _DefGDC_PV1_0ObjDic             
0     000b80a6  _DisableSyncManChannel          
1     00007980  _DmaClaSrcSelRegs               
1     00001000  _DmaRegs                        
0     000b9ba7  _ECAP1_ISR                      
0     000b9bb1  _ECAP2_ISR                      
0     000b9bbb  _ECAP3_ISR                      
0     000b9bc5  _ECAP4_ISR                      
0     000b9bcf  _ECAP5_ISR                      
0     000b9bd9  _ECAP6_ISR                      
0     000bb851  _ECAT_Application               
0     000bb711  _ECAT_CheckTimer                
0     000b88ee  _ECAT_Init                      
0     000b8932  _ECAT_Main                      
0     000b886a  _ECAT_StateChange               
1     00005000  _ECap1Regs                      
1     00005020  _ECap2Regs                      
1     00005040  _ECap3Regs                      
1     00005060  _ECap4Regs                      
1     00005080  _ECap5Regs                      
1     000050a0  _ECap6Regs                      
0     000b9f0d  _EMIF_ERROR_ISR                 
0     000b9f67  _EMPTY_ISR                      
0     000b9a21  _EMU_ISR                        
0     000b9e63  _EPWM10_ISR                     
0     000b9e3b  _EPWM10_TZ_ISR                  
0     000b9e6d  _EPWM11_ISR                     
0     000b9e45  _EPWM11_TZ_ISR                  
0     000b9e77  _EPWM12_ISR                     
0     000b9e4f  _EPWM12_TZ_ISR                  
0     000b9b57  _EPWM1_ISR                      
0     000b9b07  _EPWM1_TZ_ISR                   
0     000b9b61  _EPWM2_ISR                      
0     000b9b11  _EPWM2_TZ_ISR                   
0     000b9b6b  _EPWM3_ISR                      
0     000b9b1b  _EPWM3_TZ_ISR                   
0     000b9b75  _EPWM4_ISR                      
0     000b9b25  _EPWM4_TZ_ISR                   
0     000b9b7f  _EPWM5_ISR                      
0     000b9b2f  _EPWM5_TZ_ISR                   
0     000b9b89  _EPWM6_ISR                      
0     000b9b39  _EPWM6_TZ_ISR                   
0     000b9b93  _EPWM7_ISR                      
0     000b9b43  _EPWM7_TZ_ISR                   
0     000b9b9d  _EPWM8_ISR                      
0     000b9b4d  _EPWM8_TZ_ISR                   
0     000b9e59  _EPWM9_ISR                      
0     000b9e31  _EPWM9_TZ_ISR                   
1     00004900  _EPwm10Regs                     
1     00004a00  _EPwm11Regs                     
1     00004b00  _EPwm12Regs                     
1     00004000  _EPwm1Regs                      
1     00004100  _EPwm2Regs                      
1     00004200  _EPwm3Regs                      
1     00004300  _EPwm4Regs                      
1     00004400  _EPwm5Regs                      
1     00004500  _EPwm6Regs                      
1     00004600  _EPwm7Regs                      
1     00004700  _EPwm8Regs                      
1     00004800  _EPwm9Regs                      
0     000b9be3  _EQEP1_ISR                      
0     000b9bed  _EQEP2_ISR                      
0     000b9bf7  _EQEP3_ISR                      
1     00005100  _EQep1Regs                      
1     00005140  _EQep2Regs                      
1     00005180  _EQep3Regs                      
0     000bb8ce  _ESC_clearTimer                 
0     000bb8c5  _ESC_getTimer                   
0     0000827e  _ESC_readWordNonISR             
0     000bb8ca  _ESC_timerIncPerMilliSec        
0     00008298  _ESC_writeWordNonISR            
1     0000bdd0  _EcatWdValue                    
1     0005f480  _Emif1ConfigRegs                
1     00047000  _Emif1Regs                      
1     00047800  _Emif2Regs                      
1     00000d01  _EmuBMode                       
1     00000d00  _EmuKey                         
0     000bba75  _EnableInterrupts               
0     000b80b5  _EnableSyncManChannel           
1     0000bdf5  _EsmTimeoutCounter              
0     000082bc  _F28x_usDelay                   
0     000b9f21  _FLASH_CORRECTABLE_ERROR_ISR    
0     000b9df5  _FPU_OVERFLOW_ISR               
0     000b9dff  _FPU_UNDERFLOW_ISR              
1     0005f800  _Flash0CtrlRegs                 
1     0005fb00  _Flash0EccRegs                  
1     00050024  _FlashPumpSemaphoreRegs         
0     000bb39c  _GDC_PV1_0_Init                 
1     00009c80  _Gdc_Para                       
0     000bb544  _Gdc_Para_AddObject             
0     000bb527  _Gdc_Para_RemObject             
1     0000be40  _GenObjDic                      
0     000bae95  _GetOutOfMbxQueue               
0     000b8020  _GetSyncMan                     
1     00007f00  _GpioDataRegs                   
0     000b9c97  _I2CA_FIFO_ISR                  
0     000b9c8d  _I2CA_ISR                       
0     000b9cab  _I2CB_FIFO_ISR                  
0     000b9ca1  _I2CB_ISR                       
1     00007300  _I2caRegs                       
1     00007340  _I2cbRegs                       
0     000b9a35  _ILLEGAL_ISR                    
0     000b9e09  _IPC0_ISR                       
0     000b9e13  _IPC1_ISR                       
0     000b9e1d  _IPC2_ISR                       
0     000b9e27  _IPC3_ISR                       
0     000b9f7e  _InitCpuTimers                  
0     000bba56  _InitPieCtrl                    
0     000bba7e  _InitPieVectTable               
0     000bb914  _InitRAM                        
0     000080c1  _Input_GDCmapping               
1     00050000  _IpcRegs                        
1     0000bdef  _LatchInputSync0Counter         
1     0000bdee  _LatchInputSync0Value           
1     0000b900  _LocalAxes                      
0     000bb08d  _MBX_CheckAndCopyMailbox        
0     000bb11f  _MBX_CopyToSendMailbox          
0     000baeb6  _MBX_Init                       
[...]
0     000bc2ea  _cBitMask                       
0     000bc2fa  _asEntryDesc0x1018              
0     000bc309  _aName0x1018                    
0     000bc315  _asEntryDesc0x1A02              
0     000bc321  _asEntryDesc0x1A03              
0     000bc32d  _aName0x2452                    
0     000bc338  _aName0x23FD                    
0     000bc341  _aName0x23FE                    
0     000bc34a  _aName0x60C2                    
0     000bc353  _asEntryDesc0x10F1              
0     000bc35c  _asEntryDesc0x1601              
0     000bc365  _asEntryDesc0x1602              
0     000bc36e  _asEntryDesc0x1603              
0     000bc377  _asEntryDesc0x1A01              
0     000bc380  _asEntryDesc0x607D              
0     000bc389  _asEntryDesc0x6099              
0     000bc392  _asEntryDesc0x60C2              
0     000bc39b  _asEntryDesc0x60FE              
0     000bc3a4  _sEntryDesc0x2168               
0     000bc3ad  _sEntryDesc0x2197               
0     000bc3b6  _sEntryDesc0x219A               
0     000bc3bf  _sEntryDesc0x21B9               
0     000bc3c8  _aName0x10F1                    
0     000bc3d0  _aName0x2168                    
0     000bc3d8  _aName0x2197                    
0     000bc3e0  _aName0x219A                    
0     000bc3e8  _aName0x21B9                    
0     000bc3f0  _aName0x607D                    
0     000bc3f8  _aName0x6099                    
0     000bc400  _aName0x60FE                    
0     000bc408  _asEntryDesc0x1C00              
0     000bc40e  _asPDOAssignEntryDesc           
0     000bc414  _aName0x1600                    
0     000bc418  _aName0x1601                    
0     000bc41c  _aName0x1602                    
0     000bc420  _aName0x1603                    
0     000bc424  _aName0x1A00                    
0     000bc428  _aName0x1A01                    
0     000bc42c  _aName0x1A02                    
0     000bc430  _aName0x1A03                    
0     000bc434  _sEntryDesc0x1000               
0     000bc437  _sEntryDesc0x1001               
0     000bc43a  _sEntryDesc0x1008               
0     000bc43d  _sEntryDesc0x1009               
0     000bc440  _sEntryDesc0x100A               
0     000bc443  _sEntryDesc0x2004               
0     000bc446  _sEntryDesc0x2005               
0     000bc449  _sEntryDesc0x2007               
0     000bc44c  _sEntryDesc0x2009               
0     000bc44f  _sEntryDesc0x200B               
0     000bc452  _sEntryDesc0x200C               
0     000bc455  _sEntryDesc0x2018               
0     000bc458  _sEntryDesc0x2034               
0     000bc45b  _sEntryDesc0x217C               
0     000bc45e  _sEntryDesc0x217E               
0     000bc461  _sEntryDesc0x2180               
0     000bc464  _sEntryDesc0x2181               
0     000bc467  _sEntryDesc0x21A6               
0     000bc46a  _sEntryDesc0x21A8               
0     000bc46d  _sEntryDesc0x21A9               
0     000bc470  _sEntryDesc0x23FD               
0     000bc473  _sEntryDesc0x23FE               
0     000bc476  _sEntryDesc0x2452               
0     000bc479  _sEntryDesc0x603F               
0     000bc47c  _sEntryDesc0x6040               
0     000bc47f  _sEntryDesc0x6041               
0     000bc482  _sEntryDesc0x6060               
0     000bc485  _sEntryDesc0x6061               
0     000bc488  _sEntryDesc0x6063               
0     000bc48b  _sEntryDesc0x6064               
0     000bc48e  _sEntryDesc0x6065               
0     000bc491  _sEntryDesc0x606B               
0     000bc494  _sEntryDesc0x606C               
0     000bc497  _sEntryDesc0x606D               
0     000bc49a  _sEntryDesc0x606E               
0     000bc49d  _sEntryDesc0x6071               
0     000bc4a0  _sEntryDesc0x6072               
0     000bc4a3  _sEntryDesc0x6077               
0     000bc4a6  _sEntryDesc0x607A               
0     000bc4a9  _sEntryDesc0x607C               
0     000bc4ac  _sEntryDesc0x6081               
0     000bc4af  _sEntryDesc0x6083               
0     000bc4b2  _sEntryDesc0x6084               
0     000bc4b5  _sEntryDesc0x6087               
0     000bc4b8  _sEntryDesc0x6098               
0     000bc4bb  _sEntryDesc0x609A               
0     000bc4be  _sEntryDesc0x60B1               
0     000bc4c1  _sEntryDesc0x60B2               
0     000bc4c4  _sEntryDesc0x60B8               
0     000bc4c7  _sEntryDesc0x60B9               
0     000bc4ca  _sEntryDesc0x60BA               
0     000bc4cd  _sEntryDesc0x60BB               
0     000bc4d0  _sEntryDesc0x60BC               
0     000bc4d3  _sEntryDesc0x60BD               
0     000bc4d6  _sEntryDesc0x60C0               
0     000bc4d9  _sEntryDesc0x60E0               
0     000bc4dc  _sEntryDesc0x60E1               
0     000bc4df  _sEntryDesc0x60F4               
0     000bc4e2  _sEntryDesc0x60FC               
0     000bc4e5  _sEntryDesc0x60FD               
0     000bc4e8  _sEntryDesc0x60FF               
0     000bc4eb  _sEntryDesc0x6502               
0     000bc4ee  _aName0x1000                    
0     000bc4f0  _aName0x1001                    
0     000bc4f2  _aName0x1008                    
0     000bc4f4  _aName0x1009                    
0     000bc4f6  _aName0x100A                    
0     000bc4f8  _aName0x1C00                    
0     000bc4fa  _aName0x1C12                    
0     000bc4fc  _aName0x1C13                    
0     000bc4fe  _aName0x2004                    
0     000bc500  _aName0x2005                    
0     000bc502  _aName0x2007                    
0     000bc504  _aName0x2009                    
0     000bc506  _aName0x200B                    
0     000bc508  _aName0x200C                    
0     000bc50a  _aName0x2018                    
0     000bc50c  _aName0x2034                    
0     000bc50e  _aName0x217C                    
0     000bc510  _aName0x217E                    
0     000bc512  _aName0x2180                    
0     000bc514  _aName0x2181                    
0     000bc516  _aName0x21A6                    
0     000bc518  _aName0x21A8                    
0     000bc51a  _aName0x21A9                    
0     000bc51c  _aName0x603F                    
0     000bc51e  _aName0x6040                    
0     000bc520  _aName0x6041                    
0     000bc522  _aName0x6060                    
0     000bc524  _aName0x6061                    
0     000bc526  _aName0x6063                    
0     000bc528  _aName0x6064                    
0     000bc52a  _aName0x6065                    
0     000bc52c  _aName0x606B                    
0     000bc52e  _aName0x606C                    
0     000bc530  _aName0x606D                    
0     000bc532  _aName0x606E                    
0     000bc534  _aName0x6071                    
0     000bc536  _aName0x6072                    
0     000bc538  _aName0x6077                    
0     000bc53a  _aName0x607A                    
0     000bc53c  _aName0x607C                    
0     000bc53e  _aName0x6081                    
0     000bc540  _aName0x6083                    
0     000bc542  _aName0x6084                    
0     000bc544  _aName0x6087                    
0     000bc546  _aName0x6098                    
0     000bc548  _aName0x609A                    
0     000bc54a  _aName0x60B1                    
0     000bc54c  _aName0x60B2                    
0     000bc54e  _aName0x60B8                    
0     000bc550  _aName0x60B9                    
0     000bc552  _aName0x60BA                    
0     000bc554  _aName0x60BB                    
0     000bc556  _aName0x60BC                    
0     000bc558  _aName0x60BD                    
0     000bc55a  _aName0x60C0                    
0     000bc55c  _aName0x60E0                    
0     000bc55e  _aName0x60E1                    
0     000bc560  _aName0x60F4                    
0     000bc562  _aName0x60FC                    
0     000bc564  _aName0x60FD                    
0     000bc566  _aName0x60FF                    
0     000bc568  _aName0x6502                    
0     000be000  _isrfuncLoadStart               
0     000be2bb  _isrfuncLoadEnd                 
0     000be2bc  _RamfuncsLoadStart              
0     000be2c0  _RamfuncsLoadEnd                
1     00000400  __stack                         
1     00000800  __STACK_END                     
1     00000b00  _AdcaResultRegs                 
1     00000b20  _AdcbResultRegs                 
1     00000b40  _AdccResultRegs                 
1     00000b60  _AdcdResultRegs                 
1     00000c00  _CpuTimer0Regs                  
1     00000c08  _CpuTimer1Regs                  
1     00000c10  _CpuTimer2Regs                  
1     00000ce0  _PieCtrlRegs                    
1     00000d00  _EmuKey                         
1     00000d00  _PieVectTable                   
1     00000d01  _EmuBMode                       
1     00001000  _DmaRegs                        
1     00004000  _EPwm1Regs                      
1     00004100  _EPwm2Regs                      
1     00004200  _EPwm3Regs                      
1     00004300  _EPwm4Regs                      
1     00004400  _EPwm5Regs                      
1     00004500  _EPwm6Regs                      
1     00004600  _EPwm7Regs                      
1     00004700  _EPwm8Regs                      
1     00004800  _EPwm9Regs                      
1     00004900  _EPwm10Regs                     
1     00004a00  _EPwm11Regs                     
1     00004b00  _EPwm12Regs                     
1     00005000  _ECap1Regs                      
1     00005020  _ECap2Regs                      
1     00005040  _ECap3Regs                      
1     00005060  _ECap4Regs                      
1     00005080  _ECap5Regs                      
1     000050a0  _ECap6Regs                      
1     00005100  _EQep1Regs                      
1     00005140  _EQep2Regs                      
1     00005180  _EQep3Regs                      
1     00005c00  _DacaRegs                       
1     00005c10  _DacbRegs                       
1     00005c20  _DaccRegs                       
1     00005c80  _Cmpss1Regs                     
1     00005ca0  _Cmpss2Regs                     
1     00005cc0  _Cmpss3Regs                     
1     00005ce0  _Cmpss4Regs                     
1     00005d00  _Cmpss5Regs                     
1     00005d20  _Cmpss6Regs                     
1     00005d40  _Cmpss7Regs                     
1     00005d60  _Cmpss8Regs                     
1     00005e00  _Sdfm1Regs                      
1     00005e80  _Sdfm2Regs                      
1     00006000  _McbspaRegs                     
1     00006040  _McbspbRegs                     
1     00006100  _SpiaRegs                       
1     00006110  _SpibRegs                       
1     00006120  _SpicRegs                       
1     00007000  _WdRegs                         
1     00007060  _NmiIntruptRegs                 
1     00007070  _XintRegs                       
1     00007200  _SciaRegs                       
1     00007210  _ScibRegs                       
1     00007220  _ScicRegs                       
1     00007230  _ScidRegs                       
1     00007300  _I2caRegs                       
1     00007340  _I2cbRegs                       
1     00007400  _AdcaRegs                       
1     00007480  _AdcbRegs                       
1     00007500  _AdccRegs                       
1     00007580  _AdcdRegs                       
1     00007980  _DmaClaSrcSelRegs               
1     00007f00  _GpioDataRegs                   
1     00009800  _u8MbxReadCounter               
1     00009801  _u8MailboxSendReqStored         
1     00009802  _u16EscAddrSendMbx              
1     00009803  _u8MbxWriteCounter              
1     00009804  _u16EscAddrReceiveMbx           
1     00009805  _bNoMbxMemoryAvailable          
1     00009806  _bSendMbxIsFull                 
1     00009807  _bReceiveMbxIsLocked            
1     00009808  _u16SendMbxSize                 
1     00009809  _u16ReceiveMbxSize              
1     0000980a  _bMbxRepeatToggle               
1     0000980b  _bMbxRunning                    
1     0000980c  _psReadMbx                      
1     0000980e  _psStoreMbx                     
1     00009810  _psRepeatMbx                    
1     00009812  _psWriteMbx                     
1     00009814  _sMbxReceiveQueue               
1     00009840  _sMbxSendQueue                  
1     00009880  _asMbx                          
1     00009c80  _Gdc_Para                       
1     00009cc0  _DefGDC_PV1_0ObjDic             
1     0000a800  __sys_memory                    
1     0000b800  _sTxPDOassign                   
1     0000b802  _sRxPDOassign                   
1     0000b804  _ApplicationObjDic              
1     0000b840  _DefCiA402ObjectValues          
1     0000b900  _LocalAxes                      
1     0000b9c0  _DefCiA402AxisObjDic            
1     0000bdd0  _EcatWdValue                    
1     0000bdd1  _nEscAddrOutputData             
1     0000bdd2  _nMaxEscAddress                 
1     0000bdd3  _nAlStatus                      
1     0000bdd4  _nMaxSyncMan                    
1     0000bdd5  _bEcatWaitForAlControlRes       
1     0000bdd6  _nEcatStateTrans                
1     0000bdd7  _u16LocalErrorCode              
1     0000bdd8  _bApplEsmPending                
1     0000bdd9  _nPdInputSize                   
1     0000bdda  _nPdOutputSize                  
1     0000bddb  _u8EcatErrorLed                 
1     0000bddc  _u8EcatRunLed                   
1     0000bddd  _u16dummy                       
1     0000bdde  _SMActivate                     
1     0000bddf  _nEscAddrInputData              
1     0000bde0  _u16ALEventMask                 
1     0000bde1  _bEcatOutputUpdateRunning       
1     0000bde2  _bWdTrigger                     
1     0000bde3  _bDcSyncActive                  
1     0000bde4  _bEcatInputUpdateRunning        
1     0000bde5  _bEcatFirstOutputsReceived      
1     0000bde6  _Sync1WdCounter                 
1     0000bde7  _Sync1WdValue                   
1     0000bde8  _Sync0WdValue                   
1     0000bde9  _i16WaitForPllRunningCnt        
1     0000bdea  _Sync0WdCounter                 
1     0000bdeb  _b3BufferMode                   
1     0000bdec  _bLocalErrorFlag                
1     0000bded  _bEscIntEnabled                 
1     0000bdee  _LatchInputSync0Value           
1     0000bdef  _LatchInputSync0Counter         
1     0000bdf0  _i16WaitForPllRunningTimeout    
1     0000bdf1  _u16SmSync0Value                
1     0000bdf2  _bSmSyncSequenceValid           
1     0000bdf3  _bDcRunning                     
1     0000bdf4  _u16SmSync0Counter              
1     0000bdf5  _EsmTimeoutCounter              
1     0000bdf6  _SyncManInfo                    
1     0000bdfa  ___TI_enable_exit_profile_output
1     0000bdfc  ___TI_cleanup_ptr               
1     0000bdfe  ___TI_dtors_ptr                 
1     0000be00  _u16ErrorRegister               
1     0000be01  _acHardwareversion              
1     0000be04  _ObjDicList                     
1     0000be06  _u32Devicetype                  
1     0000be08  _sSyncmanagertype               
1     0000be0b  _acSoftwareversion              
1     0000be10  _acDevicename                   
1     0000be16  _sIdentity                      
1     0000be40  _GenObjDic                      
1     0000bf1c  _CpuTimer1                      
1     0000bf24  _CpuTimer2                      
1     0000bf2c  _CpuTimer0                      
1     0000bf3c  __lock                          
1     0000bf3e  __unlock                        
1     0000bf40  _Count6060                      
1     0000bf41  _Count6061                      
1     0000bf42  _bSyncSetByUser                 
1     0000bf43  _sCycleDiag                     
1     0000bf44  _Count1C13                      
1     0000bf45  _Count1C12                      
1     0000bf46  _CountGdub                      
1     0000bf48  _sErrorSettings                 
1     0000bf4e  _aSubindexDesc                  
1     0000bf5c  _sSyncManOutPar                 
1     0000bf80  _sSyncManInPar                  
1     0000bfa2  _bRunApplication                
1     0000bfa3  _bEtherCATRunLed                
1     0000bfa4  _bEcatWaitForInputUpdate        
1     0000bfa5  _bInitFinished                  
1     0000bfa6  _bEtherCATErrorLed              
1     0000bfa7  _aPdOutputData                  
1     0000bfae  _aPdInputData                   
1     0000bfba  _pCoeSendStored                 
1     0000bfc0  _bSdoInWork                     
1     0000bfc1  _nSdoInfoIndex                  
1     0000bfc2  _nSdoSegSubindex                
1     0000bfc3  _nSdoSegIndex                   
1     0000bfc4  _bSdoSegLastToggle              
1     0000bfc5  _nSdoSegService                 
1     0000bfc6  _nSdoInfoFragmentsLeft          
1     0000bfc7  _bSdoSegAccess                  
1     0000bfc8  _u8PendingSdo                   
1     0000bfc9  _u16StoreIndex                  
1     0000bfca  _bSdoSegFollows                 
1     0000bfcb  _u8StoreSubindex                
1     0000bfcc  _bStoreCompleteAccess           
1     0000bfce  _pSdoSegObjEntry                
1     0000bfd0  _pSdoPendFunc                   
1     0000bfd2  _pSdoSegData                    
1     0000bfd4  _u32StoreDataSize               
1     0000bfd6  _pStoreData                     
1     0000bfd8  _nSdoSegBytesToHandle           
1     0000bfda  _nSdoSegCompleteSize            
1     0000bfdc  _pSdoResStored                  
1     0000bfde  _pSdoInfoObjEntry               
1     0000bfe0  _aSdoInfoHeader                 
1     0000bfe7  _Data_input1                    
1     0000bfe8  _Data_input2                    
1     0000bfe9  _Data_input3                    
1     0000bfea  _CountRest                      
1     0000bfeb  _Data_input4                    
1     0000bfec  _count                          
1     0000bfed  _CountFault                     
1     0001a000  _CPU1_CPU2                      
1     0001b000  _CPU2_CPU1                      
1     00047000  _Emif1Regs                      
1     00047800  _Emif2Regs                      
1     00048000  _CanaRegs                       
1     0004a000  _CanbRegs                       
1     00050000  _IpcRegs                        
1     00050024  _FlashPumpSemaphoreRegs         
1     0005d200  _ClkCfgRegs                     
1     0005d300  _CpuSysRegs                     
1     0005f000  _DcsmZ1Regs                     
1     0005f040  _DcsmZ2Regs                     
1     0005f070  _DcsmCommonRegs                 
1     0005f400  _MemCfgRegs                     
1     0005f480  _Emif1ConfigRegs                
1     0005f4c0  _AccessProtectionRegs           
1     0005f500  _MemoryErrorRegs                
1     0005f800  _Flash0CtrlRegs                 
1     0005fb00  _Flash0EccRegs                  
1     00078000  _DcsmZ1Otp                      
1     00078200  _DcsmZ2Otp                      
abs   00000004  _RamfuncsLoadSize               
abs   00000004  _RamfuncsRunSize                
abs   000002bb  _isrfuncLoadSize                
abs   00000400  __STACK_SIZE                    
abs   00000800  __SYSMEM_SIZE                   
abs   ffffffff  .text                           
abs   ffffffff  ___TI_pprof_out_hndl            
abs   ffffffff  ___TI_prof_data_size            
abs   ffffffff  ___TI_prof_data_start           
abs   ffffffff  ___binit__                      
abs   ffffffff  ___c_args__                     
abs   ffffffff  ___etext__                      
abs   ffffffff  ___pinit__                      
abs   ffffffff  ___text__                       
abs   ffffffff  binit                           
abs   ffffffff  etext                           
abs   ffffffff  pinit                           

[693 symbols]
