<?xml version="1.0" encoding="ISO-8859-1" ?>
<link_info>
   <banner>TMS320C2000 Linker PC v18.1.1.LTS</banner>
   <copyright>Copyright (c) 1996-2017 Texas Instruments Incorporated</copyright>
   <link_time>0x5b5a6e1d</link_time>
   <link_errors>0x0</link_errors>
   <output_file>ECT_CPU2.out</output_file>
   <entry_point>
      <name>_c_int00</name>
      <address>0xbb9ad</address>
   </entry_point>
   <input_file_list>
      <input_file id="fl-2">
         <path>.\F2837xD_common\source\</path>
         <kind>object</kind>
         <file>F2837xD_CodeStartBranch.obj</file>
         <name>F2837xD_CodeStartBranch.obj</name>
      </input_file>
      <input_file id="fl-3">
         <path>.\F2837xD_common\source\</path>
         <kind>object</kind>
         <file>F2837xD_CpuTimers.obj</file>
         <name>F2837xD_CpuTimers.obj</name>
      </input_file>
      <input_file id="fl-4">
         <path>.\F2837xD_common\source\</path>
         <kind>object</kind>
         <file>F2837xD_DefaultISR.obj</file>
         <name>F2837xD_DefaultISR.obj</name>
      </input_file>
      <input_file id="fl-5">
         <path>.\F2837xD_common\source\</path>
         <kind>object</kind>
         <file>F2837xD_Emif.obj</file>
         <name>F2837xD_Emif.obj</name>
      </input_file>
      <input_file id="fl-6">
         <path>.\F2837xD_common\source\</path>
         <kind>object</kind>
         <file>F2837xD_Gpio.obj</file>
         <name>F2837xD_Gpio.obj</name>
      </input_file>
      <input_file id="fl-7">
         <path>.\F2837xD_common\source\</path>
         <kind>object</kind>
         <file>F2837xD_PieCtrl.obj</file>
         <name>F2837xD_PieCtrl.obj</name>
      </input_file>
      <input_file id="fl-8">
         <path>.\F2837xD_common\source\</path>
         <kind>object</kind>
         <file>F2837xD_PieVect.obj</file>
         <name>F2837xD_PieVect.obj</name>
      </input_file>
      <input_file id="fl-9">
         <path>.\F2837xD_common\source\</path>
         <kind>object</kind>
         <file>F2837xD_SysCtrl.obj</file>
         <name>F2837xD_SysCtrl.obj</name>
      </input_file>
      <input_file id="fl-a">
         <path>.\F2837xD_common\source\</path>
         <kind>object</kind>
         <file>F2837xD_usDelay.obj</file>
         <name>F2837xD_usDelay.obj</name>
      </input_file>
      <input_file id="fl-b">
         <path>.\F2837xD_headers\source\</path>
         <kind>object</kind>
         <file>F2837xD_GlobalVariableDefs.obj</file>
         <name>F2837xD_GlobalVariableDefs.obj</name>
      </input_file>
      <input_file id="fl-c">
         <path>.\SSC\Src\</path>
         <kind>object</kind>
         <file>cia402appl.obj</file>
         <name>cia402appl.obj</name>
      </input_file>
      <input_file id="fl-d">
         <path>.\SSC\Src\</path>
         <kind>object</kind>
         <file>coeappl.obj</file>
         <name>coeappl.obj</name>
      </input_file>
      <input_file id="fl-e">
         <path>.\SSC\Src\</path>
         <kind>object</kind>
         <file>ecatappl.obj</file>
         <name>ecatappl.obj</name>
      </input_file>
      <input_file id="fl-f">
         <path>.\SSC\Src\</path>
         <kind>object</kind>
         <file>ecatcoe.obj</file>
         <name>ecatcoe.obj</name>
      </input_file>
      <input_file id="fl-10">
         <path>.\SSC\Src\</path>
         <kind>object</kind>
         <file>ecatslv.obj</file>
         <name>ecatslv.obj</name>
      </input_file>
      <input_file id="fl-11">
         <path>.\SSC\Src\</path>
         <kind>object</kind>
         <file>mailbox.obj</file>
         <name>mailbox.obj</name>
      </input_file>
      <input_file id="fl-12">
         <path>.\SSC\Src\</path>
         <kind>object</kind>
         <file>objdef.obj</file>
         <name>objdef.obj</name>
      </input_file>
      <input_file id="fl-13">
         <path>.\SSC\Src\</path>
         <kind>object</kind>
         <file>sdoserv.obj</file>
         <name>sdoserv.obj</name>
      </input_file>
      <input_file id="fl-14">
         <path>.\user\</path>
         <kind>object</kind>
         <file>GDC16.obj</file>
         <name>GDC16.obj</name>
      </input_file>
      <input_file id="fl-15">
         <path>.\user\</path>
         <kind>object</kind>
         <file>GDC_PV1_0.obj</file>
         <name>GDC_PV1_0.obj</name>
      </input_file>
      <input_file id="fl-16">
         <path>.\user\</path>
         <kind>object</kind>
         <file>mcihwf2837xd.obj</file>
         <name>mcihwf2837xd.obj</name>
      </input_file>
      <input_file id="fl-1b">
         <kind>object</kind>
         <file>&lt;internal&gt;</file>
         <name>&lt;internal&gt;</name>
      </input_file>
      <input_file id="fl-27">
         <path>D:\CCS8\ccsv8\tools\compiler\ti-cgt-c2000_18.1.1.LTS\lib\</path>
         <kind>archive</kind>
         <file>rts2800_fpu32.lib</file>
         <name>boot28.asm.obj</name>
      </input_file>
      <input_file id="fl-28">
         <path>D:\CCS8\ccsv8\tools\compiler\ti-cgt-c2000_18.1.1.LTS\lib\</path>
         <kind>archive</kind>
         <file>rts2800_fpu32.lib</file>
         <name>u_div28.asm.obj</name>
      </input_file>
      <input_file id="fl-29">
         <path>D:\CCS8\ccsv8\tools\compiler\ti-cgt-c2000_18.1.1.LTS\lib\</path>
         <kind>archive</kind>
         <file>rts2800_fpu32.lib</file>
         <name>l_div28.asm.obj</name>
      </input_file>
      <input_file id="fl-2a">
         <path>D:\CCS8\ccsv8\tools\compiler\ti-cgt-c2000_18.1.1.LTS\lib\</path>
         <kind>archive</kind>
         <file>rts2800_fpu32.lib</file>
         <name>cpy_tbl.c.obj</name>
      </input_file>
      <input_file id="fl-2b">
         <path>D:\CCS8\ccsv8\tools\compiler\ti-cgt-c2000_18.1.1.LTS\lib\</path>
         <kind>archive</kind>
         <file>rts2800_fpu32.lib</file>
         <name>memcpy.c.obj</name>
      </input_file>
      <input_file id="fl-2c">
         <path>D:\CCS8\ccsv8\tools\compiler\ti-cgt-c2000_18.1.1.LTS\lib\</path>
         <kind>archive</kind>
         <file>rts2800_fpu32.lib</file>
         <name>pre_init.c.obj</name>
      </input_file>
      <input_file id="fl-2d">
         <path>D:\CCS8\ccsv8\tools\compiler\ti-cgt-c2000_18.1.1.LTS\lib\</path>
         <kind>archive</kind>
         <file>rts2800_fpu32.lib</file>
         <name>startup.c.obj</name>
      </input_file>
      <input_file id="fl-2e">
         <path>D:\CCS8\ccsv8\tools\compiler\ti-cgt-c2000_18.1.1.LTS\lib\</path>
         <kind>archive</kind>
         <file>rts2800_fpu32.lib</file>
         <name>exit.c.obj</name>
      </input_file>
      <input_file id="fl-2f">
         <path>D:\CCS8\ccsv8\tools\compiler\ti-cgt-c2000_18.1.1.LTS\lib\</path>
         <kind>archive</kind>
         <file>rts2800_fpu32.lib</file>
         <name>memory.c.obj</name>
      </input_file>
      <input_file id="fl-30">
         <path>D:\CCS8\ccsv8\tools\compiler\ti-cgt-c2000_18.1.1.LTS\lib\</path>
         <kind>archive</kind>
         <file>rts2800_fpu32.lib</file>
         <name>_lock.c.obj</name>
      </input_file>
      <input_file id="fl-31">
         <path>D:\CCS8\ccsv8\tools\compiler\ti-cgt-c2000_18.1.1.LTS\lib\</path>
         <kind>archive</kind>
         <file>rts2800_fpu32.lib</file>
         <name>args_main.c.obj</name>
      </input_file>
      <input_file id="fl-32">
         <path>D:\CCS8\ccsv8\tools\compiler\ti-cgt-c2000_18.1.1.LTS\lib\</path>
         <kind>archive</kind>
         <file>rts2800_fpu32.lib</file>
         <name>strlen.c.obj</name>
      </input_file>
   </input_file_list>
   <object_component_list>
      <object_component id="oc-ff">
         <name>.cinit</name>
         <load_address>0xba000</load_address>
         <run_address>0xba000</run_address>
         <size>0x4f7</size>
         <input_file_ref idref="fl-c"/>
      </object_component>
      <object_component id="oc-13e">
         <name>.cinit</name>
         <load_address>0xba4f7</load_address>
         <run_address>0xba4f7</run_address>
         <size>0x1ce</size>
         <input_file_ref idref="fl-15"/>
      </object_component>
      <object_component id="oc-106">
         <name>.cinit</name>
         <load_address>0xba6c5</load_address>
         <run_address>0xba6c5</run_address>
         <size>0x115</size>
         <input_file_ref idref="fl-d"/>
      </object_component>
      <object_component id="oc-127">
         <name>.cinit</name>
         <load_address>0xba7da</load_address>
         <run_address>0xba7da</run_address>
         <size>0x18</size>
         <input_file_ref idref="fl-12"/>
      </object_component>
      <object_component id="oc-16e">
         <name>.cinit</name>
         <load_address>0xba7f2</load_address>
         <run_address>0xba7f2</run_address>
         <size>0xe</size>
         <input_file_ref idref="fl-2e"/>
      </object_component>
      <object_component id="oc-23c">
         <name>.cinit:__lock</name>
         <load_address>0xba800</load_address>
         <run_address>0xba800</run_address>
         <size>0x5</size>
         <input_file_ref idref="fl-30"/>
      </object_component>
      <object_component id="oc-245">
         <name>.cinit:__unlock</name>
         <load_address>0xba805</load_address>
         <run_address>0xba805</run_address>
         <size>0x5</size>
         <input_file_ref idref="fl-30"/>
      </object_component>
      <object_component id="oc-10d">
         <name>.cinit</name>
         <load_address>0xba80a</load_address>
         <run_address>0xba80a</run_address>
         <size>0x4</size>
         <input_file_ref idref="fl-e"/>
      </object_component>
      <object_component id="oc-11a">
         <name>.cinit</name>
         <load_address>0xba80e</load_address>
         <run_address>0xba80e</run_address>
         <size>0x4</size>
         <input_file_ref idref="fl-10"/>
      </object_component>
      <object_component id="oc-175">
         <name>.cinit</name>
         <load_address>0xba812</load_address>
         <run_address>0xba812</run_address>
         <size>0x4</size>
         <input_file_ref idref="fl-2f"/>
      </object_component>
      <object_component id="oc-12e">
         <name>.cinit</name>
         <load_address>0xba816</load_address>
         <run_address>0xba816</run_address>
         <size>0x4</size>
         <input_file_ref idref="fl-13"/>
      </object_component>
      <object_component id="oc-23d">
         <name>.text</name>
         <load_address>0xb8000</load_address>
         <run_address>0xb8000</run_address>
         <size>0x9b8</size>
         <input_file_ref idref="fl-10"/>
      </object_component>
      <object_component id="oc-249">
         <name>.text</name>
         <load_address>0xb89b8</load_address>
         <run_address>0xb89b8</run_address>
         <size>0x998</size>
         <input_file_ref idref="fl-12"/>
      </object_component>
      <object_component id="oc-242">
         <name>.text</name>
         <load_address>0xb9350</load_address>
         <run_address>0xb9350</run_address>
         <size>0x6a9</size>
         <input_file_ref idref="fl-c"/>
      </object_component>
      <object_component id="oc-84">
         <name>.text:retain</name>
         <load_address>0xb99f9</load_address>
         <run_address>0xb99f9</run_address>
         <size>0x585</size>
         <input_file_ref idref="fl-4"/>
      </object_component>
      <object_component id="oc-24e">
         <name>.text</name>
         <load_address>0xb9f7e</load_address>
         <run_address>0xb9f7e</run_address>
         <size>0x7c</size>
         <input_file_ref idref="fl-3"/>
      </object_component>
      <object_component id="oc-18b">
         <name>.text</name>
         <load_address>0xb9ffa</load_address>
         <run_address>0xb9ffa</run_address>
         <size>0x2</size>
         <input_file_ref idref="fl-2c"/>
      </object_component>
      <object_component id="oc-18d">
         <name>.text</name>
         <load_address>0xb9ffc</load_address>
         <run_address>0xb9ffc</run_address>
         <size>0x1</size>
         <input_file_ref idref="fl-2d"/>
      </object_component>
      <object_component id="oc-24b">
         <name>.text</name>
         <load_address>0xba81c</load_address>
         <run_address>0xba81c</run_address>
         <size>0x65a</size>
         <input_file_ref idref="fl-13"/>
      </object_component>
      <object_component id="oc-246">
         <name>.text</name>
         <load_address>0xbae76</load_address>
         <run_address>0xbae76</run_address>
         <size>0x354</size>
         <input_file_ref idref="fl-11"/>
      </object_component>
      <object_component id="oc-24a">
         <name>.text</name>
         <load_address>0xbb1ca</load_address>
         <run_address>0xbb1ca</run_address>
         <size>0x1d2</size>
         <input_file_ref idref="fl-2f"/>
      </object_component>
      <object_component id="oc-243">
         <name>.text</name>
         <load_address>0xbb39c</load_address>
         <run_address>0xbb39c</run_address>
         <size>0x1c4</size>
         <input_file_ref idref="fl-15"/>
      </object_component>
      <object_component id="oc-240">
         <name>.text</name>
         <load_address>0xbb560</load_address>
         <run_address>0xbb560</run_address>
         <size>0x1b1</size>
         <input_file_ref idref="fl-d"/>
      </object_component>
      <object_component id="oc-20c">
         <name>.text</name>
         <load_address>0xbb711</load_address>
         <run_address>0xbb711</run_address>
         <size>0x147</size>
         <input_file_ref idref="fl-e"/>
      </object_component>
      <object_component id="oc-241">
         <name>.text</name>
         <load_address>0xbb858</load_address>
         <run_address>0xbb858</run_address>
         <size>0x7b</size>
         <input_file_ref idref="fl-16"/>
      </object_component>
      <object_component id="oc-20d">
         <name>.text</name>
         <load_address>0xbb8d3</load_address>
         <run_address>0xbb8d3</run_address>
         <size>0x74</size>
         <input_file_ref idref="fl-14"/>
      </object_component>
      <object_component id="oc-247">
         <name>.text</name>
         <load_address>0xbb947</load_address>
         <run_address>0xbb947</run_address>
         <size>0x66</size>
         <input_file_ref idref="fl-f"/>
      </object_component>
      <object_component id="oc-77">
         <name>.text</name>
         <load_address>0xbb9ad</load_address>
         <run_address>0xbb9ad</run_address>
         <size>0x56</size>
         <input_file_ref idref="fl-27"/>
      </object_component>
      <object_component id="oc-154">
         <name>.text</name>
         <load_address>0xbba03</load_address>
         <run_address>0xbba03</run_address>
         <size>0x2a</size>
         <input_file_ref idref="fl-29"/>
      </object_component>
      <object_component id="oc-18f">
         <name>.text</name>
         <load_address>0xbba2d</load_address>
         <run_address>0xbba2d</run_address>
         <size>0x29</size>
         <input_file_ref idref="fl-2e"/>
      </object_component>
      <object_component id="oc-24c">
         <name>.text</name>
         <load_address>0xbba56</load_address>
         <run_address>0xbba56</run_address>
         <size>0x28</size>
         <input_file_ref idref="fl-7"/>
      </object_component>
      <object_component id="oc-24d">
         <name>.text</name>
         <load_address>0xbba7e</load_address>
         <run_address>0xbba7e</run_address>
         <size>0x26</size>
         <input_file_ref idref="fl-8"/>
      </object_component>
      <object_component id="oc-18c">
         <name>.text</name>
         <load_address>0xbbaa4</load_address>
         <run_address>0xbbaa4</run_address>
         <size>0x24</size>
         <input_file_ref idref="fl-2a"/>
      </object_component>
      <object_component id="oc-23a">
         <name>.text</name>
         <load_address>0xbbac8</load_address>
         <run_address>0xbbac8</run_address>
         <size>0x1e</size>
         <input_file_ref idref="fl-2b"/>
      </object_component>
      <object_component id="oc-18e">
         <name>.text</name>
         <load_address>0xbbae6</load_address>
         <run_address>0xbbae6</run_address>
         <size>0x19</size>
         <input_file_ref idref="fl-31"/>
      </object_component>
      <object_component id="oc-14f">
         <name>.text</name>
         <load_address>0xbbaff</load_address>
         <run_address>0xbbaff</run_address>
         <size>0xb</size>
         <input_file_ref idref="fl-28"/>
      </object_component>
      <object_component id="oc-244">
         <name>.text</name>
         <load_address>0xbbb0a</load_address>
         <run_address>0xbbb0a</run_address>
         <size>0x9</size>
         <input_file_ref idref="fl-30"/>
      </object_component>
      <object_component id="oc-250">
         <name>.text</name>
         <load_address>0xbbb13</load_address>
         <run_address>0xbbb13</run_address>
         <size>0x8</size>
         <input_file_ref idref="fl-32"/>
      </object_component>
      <object_component id="oc-78">
         <name>codestart</name>
         <load_address>0x80000</load_address>
         <run_address>0x80000</run_address>
         <size>0x2</size>
         <input_file_ref idref="fl-2"/>
      </object_component>
      <object_component id="oc-149">
         <name>.stack</name>
         <uninitialized>true</uninitialized>
         <run_address>0x400</run_address>
         <size>0x0</size>
         <input_file_ref idref="fl-27"/>
      </object_component>
      <object_component id="oc-2d3">
         <name>.stack</name>
         <uninitialized>true</uninitialized>
         <run_address>0x400</run_address>
         <size>0x0</size>
      </object_component>
      <object_component id="oc-121">
         <name>.ebss</name>
         <uninitialized>true</uninitialized>
         <run_address>0x9800</run_address>
         <size>0x480</size>
         <input_file_ref idref="fl-11"/>
      </object_component>
      <object_component id="oc-13f">
         <name>.ebss</name>
         <uninitialized>true</uninitialized>
         <run_address>0x9c80</run_address>
         <size>0x20c</size>
         <input_file_ref idref="fl-15"/>
      </object_component>
      <object_component id="oc-100">
         <name>.ebss</name>
         <uninitialized>true</uninitialized>
         <run_address>0xb800</run_address>
         <size>0x5d0</size>
         <input_file_ref idref="fl-c"/>
      </object_component>
      <object_component id="oc-11b">
         <name>.ebss</name>
         <uninitialized>true</uninitialized>
         <run_address>0xbdd0</run_address>
         <size>0x2a</size>
         <input_file_ref idref="fl-10"/>
      </object_component>
      <object_component id="oc-16f">
         <name>.ebss</name>
         <uninitialized>true</uninitialized>
         <run_address>0xbdfa</run_address>
         <size>0x6</size>
         <input_file_ref idref="fl-2e"/>
      </object_component>
      <object_component id="oc-107">
         <name>.ebss</name>
         <uninitialized>true</uninitialized>
         <run_address>0xbe00</run_address>
         <size>0x11c</size>
         <input_file_ref idref="fl-d"/>
      </object_component>
      <object_component id="oc-7e">
         <name>.ebss</name>
         <uninitialized>true</uninitialized>
         <run_address>0xbf1c</run_address>
         <size>0x18</size>
         <input_file_ref idref="fl-3"/>
      </object_component>
      <object_component id="oc-176">
         <name>.ebss</name>
         <uninitialized>true</uninitialized>
         <run_address>0xbf34</run_address>
         <size>0x8</size>
         <input_file_ref idref="fl-2f"/>
      </object_component>
      <object_component id="oc-23b">
         <name>.ebss:__lock</name>
         <uninitialized>true</uninitialized>
         <run_address>0xbf3c</run_address>
         <size>0x2</size>
         <input_file_ref idref="fl-30"/>
      </object_component>
      <object_component id="oc-24f">
         <name>.ebss:__unlock</name>
         <uninitialized>true</uninitialized>
         <run_address>0xbf3e</run_address>
         <size>0x2</size>
         <input_file_ref idref="fl-30"/>
      </object_component>
      <object_component id="oc-128">
         <name>.ebss</name>
         <uninitialized>true</uninitialized>
         <run_address>0xbf40</run_address>
         <size>0x62</size>
         <input_file_ref idref="fl-12"/>
      </object_component>
      <object_component id="oc-10e">
         <name>.ebss</name>
         <uninitialized>true</uninitialized>
         <run_address>0xbfa2</run_address>
         <size>0x18</size>
         <input_file_ref idref="fl-e"/>
      </object_component>
      <object_component id="oc-114">
         <name>.ebss</name>
         <uninitialized>true</uninitialized>
         <run_address>0xbfba</run_address>
         <size>0x2</size>
         <input_file_ref idref="fl-f"/>
      </object_component>
      <object_component id="oc-12f">
         <name>.ebss</name>
         <uninitialized>true</uninitialized>
         <run_address>0xbfc0</run_address>
         <size>0x27</size>
         <input_file_ref idref="fl-13"/>
      </object_component>
      <object_component id="oc-135">
         <name>.ebss</name>
         <uninitialized>true</uninitialized>
         <run_address>0xbfe7</run_address>
         <size>0x7</size>
         <input_file_ref idref="fl-14"/>
      </object_component>
      <object_component id="oc-177">
         <name>.esysmem</name>
         <uninitialized>true</uninitialized>
         <run_address>0xa800</run_address>
         <size>0x1</size>
         <input_file_ref idref="fl-2f"/>
      </object_component>
      <object_component id="oc-2d4">
         <name>.esysmem</name>
         <uninitialized>true</uninitialized>
         <run_address>0xa800</run_address>
         <size>0x0</size>
      </object_component>
      <object_component id="oc-256">
         <name>.econst:_PieVectTableInit</name>
         <load_address>0xbc000</load_address>
         <run_address>0xbc000</run_address>
         <size>0x1c0</size>
         <input_file_ref idref="fl-8"/>
      </object_component>
      <object_component id="oc-209">
         <name>.econst:_asEntryDesc0x1C3x</name>
         <load_address>0xbc1c0</load_address>
         <run_address>0xbc1c0</run_address>
         <size>0x63</size>
         <input_file_ref idref="fl-d"/>
      </object_component>
      <object_component id="oc-255">
         <name>.econst:_cAbortCode</name>
         <load_address>0xbc224</load_address>
         <run_address>0xbc224</run_address>
         <size>0x3c</size>
         <input_file_ref idref="fl-13"/>
      </object_component>
      <object_component id="oc-20a">
         <name>.econst:.string:_aName0x1C32</name>
         <load_address>0xbc260</load_address>
         <run_address>0xbc260</run_address>
         <size>0x30</size>
         <input_file_ref idref="fl-d"/>
      </object_component>
      <object_component id="oc-20b">
         <name>.econst:.string:_aName0x1C33</name>
         <load_address>0xbc290</load_address>
         <run_address>0xbc290</run_address>
         <size>0x30</size>
         <input_file_ref idref="fl-d"/>
      </object_component>
      <object_component id="oc-19b">
         <name>.econst:_asEntryDesc0x1A00</name>
         <load_address>0xbc2c0</load_address>
         <run_address>0xbc2c0</run_address>
         <size>0x18</size>
         <input_file_ref idref="fl-c"/>
      </object_component>
      <object_component id="oc-193">
         <name>.econst:_asEntryDesc0x1600</name>
         <load_address>0xbc2d8</load_address>
         <run_address>0xbc2d8</run_address>
         <size>0x12</size>
         <input_file_ref idref="fl-c"/>
      </object_component>
      <object_component id="oc-252">
         <name>.econst:_cBitMask</name>
         <load_address>0xbc2ea</load_address>
         <run_address>0xbc2ea</run_address>
         <size>0x10</size>
         <input_file_ref idref="fl-12"/>
      </object_component>
      <object_component id="oc-203">
         <name>.econst:_asEntryDesc0x1018</name>
         <load_address>0xbc2fa</load_address>
         <run_address>0xbc2fa</run_address>
         <size>0xf</size>
         <input_file_ref idref="fl-d"/>
      </object_component>
      <object_component id="oc-204">
         <name>.econst:.string:_aName0x1018</name>
         <load_address>0xbc309</load_address>
         <run_address>0xbc309</run_address>
         <size>0xc</size>
         <input_file_ref idref="fl-d"/>
      </object_component>
      <object_component id="oc-19f">
         <name>.econst:_asEntryDesc0x1A02</name>
         <load_address>0xbc315</load_address>
         <run_address>0xbc315</run_address>
         <size>0xc</size>
         <input_file_ref idref="fl-c"/>
      </object_component>
      <object_component id="oc-1a1">
         <name>.econst:_asEntryDesc0x1A03</name>
         <load_address>0xbc321</load_address>
         <run_address>0xbc321</run_address>
         <size>0xc</size>
         <input_file_ref idref="fl-c"/>
      </object_component>
      <object_component id="oc-239">
         <name>.econst:.string:_aName0x2452</name>
         <load_address>0xbc32d</load_address>
         <run_address>0xbc32d</run_address>
         <size>0xb</size>
         <input_file_ref idref="fl-15"/>
      </object_component>
      <object_component id="oc-235">
         <name>.econst:.string:_aName0x23FD</name>
         <load_address>0xbc338</load_address>
         <run_address>0xbc338</run_address>
         <size>0x9</size>
         <input_file_ref idref="fl-15"/>
      </object_component>
      <object_component id="oc-237">
         <name>.econst:.string:_aName0x23FE</name>
         <load_address>0xbc341</load_address>
         <run_address>0xbc341</run_address>
         <size>0x9</size>
         <input_file_ref idref="fl-15"/>
      </object_component>
      <object_component id="oc-1e8">
         <name>.econst:.string:_aName0x60C2</name>
         <load_address>0xbc34a</load_address>
         <run_address>0xbc34a</run_address>
         <size>0x9</size>
         <input_file_ref idref="fl-c"/>
      </object_component>
      <object_component id="oc-205">
         <name>.econst:_asEntryDesc0x10F1</name>
         <load_address>0xbc353</load_address>
         <run_address>0xbc353</run_address>
         <size>0x9</size>
         <input_file_ref idref="fl-d"/>
      </object_component>
      <object_component id="oc-195">
         <name>.econst:_asEntryDesc0x1601</name>
         <load_address>0xbc35c</load_address>
         <run_address>0xbc35c</run_address>
         <size>0x9</size>
         <input_file_ref idref="fl-c"/>
      </object_component>
      <object_component id="oc-197">
         <name>.econst:_asEntryDesc0x1602</name>
         <load_address>0xbc365</load_address>
         <run_address>0xbc365</run_address>
         <size>0x9</size>
         <input_file_ref idref="fl-c"/>
      </object_component>
      <object_component id="oc-199">
         <name>.econst:_asEntryDesc0x1603</name>
         <load_address>0xbc36e</load_address>
         <run_address>0xbc36e</run_address>
         <size>0x9</size>
         <input_file_ref idref="fl-c"/>
      </object_component>
      <object_component id="oc-19d">
         <name>.econst:_asEntryDesc0x1A01</name>
         <load_address>0xbc377</load_address>
         <run_address>0xbc377</run_address>
         <size>0x9</size>
         <input_file_ref idref="fl-c"/>
      </object_component>
      <object_component id="oc-1c5">
         <name>.econst:_asEntryDesc0x607D</name>
         <load_address>0xbc380</load_address>
         <run_address>0xbc380</run_address>
         <size>0x9</size>
         <input_file_ref idref="fl-c"/>
      </object_component>
      <object_component id="oc-1d1">
         <name>.econst:_asEntryDesc0x6099</name>
         <load_address>0xbc389</load_address>
         <run_address>0xbc389</run_address>
         <size>0x9</size>
         <input_file_ref idref="fl-c"/>
      </object_component>
      <object_component id="oc-1e7">
         <name>.econst:_asEntryDesc0x60C2</name>
         <load_address>0xbc392</load_address>
         <run_address>0xbc392</run_address>
         <size>0x9</size>
         <input_file_ref idref="fl-c"/>
      </object_component>
      <object_component id="oc-1f3">
         <name>.econst:_asEntryDesc0x60FE</name>
         <load_address>0xbc39b</load_address>
         <run_address>0xbc39b</run_address>
         <size>0x9</size>
         <input_file_ref idref="fl-c"/>
      </object_component>
      <object_component id="oc-21e">
         <name>.econst:_sEntryDesc0x2168</name>
         <load_address>0xbc3a4</load_address>
         <run_address>0xbc3a4</run_address>
         <size>0x9</size>
         <input_file_ref idref="fl-15"/>
      </object_component>
      <object_component id="oc-228">
         <name>.econst:_sEntryDesc0x2197</name>
         <load_address>0xbc3ad</load_address>
         <run_address>0xbc3ad</run_address>
         <size>0x9</size>
         <input_file_ref idref="fl-15"/>
      </object_component>
      <object_component id="oc-22a">
         <name>.econst:_sEntryDesc0x219A</name>
         <load_address>0xbc3b6</load_address>
         <run_address>0xbc3b6</run_address>
         <size>0x9</size>
         <input_file_ref idref="fl-15"/>
      </object_component>
      <object_component id="oc-232">
         <name>.econst:_sEntryDesc0x21B9</name>
         <load_address>0xbc3bf</load_address>
         <run_address>0xbc3bf</run_address>
         <size>0x9</size>
         <input_file_ref idref="fl-15"/>
      </object_component>
      <object_component id="oc-206">
         <name>.econst:.string:_aName0x10F1</name>
         <load_address>0xbc3c8</load_address>
         <run_address>0xbc3c8</run_address>
         <size>0x8</size>
         <input_file_ref idref="fl-d"/>
      </object_component>
      <object_component id="oc-21f">
         <name>.econst:.string:_aName0x2168</name>
         <load_address>0xbc3d0</load_address>
         <run_address>0xbc3d0</run_address>
         <size>0x8</size>
         <input_file_ref idref="fl-15"/>
      </object_component>
      <object_component id="oc-229">
         <name>.econst:.string:_aName0x2197</name>
         <load_address>0xbc3d8</load_address>
         <run_address>0xbc3d8</run_address>
         <size>0x8</size>
         <input_file_ref idref="fl-15"/>
      </object_component>
      <object_component id="oc-22b">
         <name>.econst:.string:_aName0x219A</name>
         <load_address>0xbc3e0</load_address>
         <run_address>0xbc3e0</run_address>
         <size>0x8</size>
         <input_file_ref idref="fl-15"/>
      </object_component>
      <object_component id="oc-233">
         <name>.econst:.string:_aName0x21B9</name>
         <load_address>0xbc3e8</load_address>
         <run_address>0xbc3e8</run_address>
         <size>0x8</size>
         <input_file_ref idref="fl-15"/>
      </object_component>
      <object_component id="oc-1c6">
         <name>.econst:.string:_aName0x607D</name>
         <load_address>0xbc3f0</load_address>
         <run_address>0xbc3f0</run_address>
         <size>0x8</size>
         <input_file_ref idref="fl-c"/>
      </object_component>
      <object_component id="oc-1d2">
         <name>.econst:.string:_aName0x6099</name>
         <load_address>0xbc3f8</load_address>
         <run_address>0xbc3f8</run_address>
         <size>0x8</size>
         <input_file_ref idref="fl-c"/>
      </object_component>
      <object_component id="oc-1f4">
         <name>.econst:.string:_aName0x60FE</name>
         <load_address>0xbc400</load_address>
         <run_address>0xbc400</run_address>
         <size>0x8</size>
         <input_file_ref idref="fl-c"/>
      </object_component>
      <object_component id="oc-207">
         <name>.econst:_asEntryDesc0x1C00</name>
         <load_address>0xbc408</load_address>
         <run_address>0xbc408</run_address>
         <size>0x6</size>
         <input_file_ref idref="fl-d"/>
      </object_component>
      <object_component id="oc-190">
         <name>.econst:_asPDOAssignEntryDesc</name>
         <load_address>0xbc40e</load_address>
         <run_address>0xbc40e</run_address>
         <size>0x6</size>
         <input_file_ref idref="fl-c"/>
      </object_component>
      <object_component id="oc-194">
         <name>.econst:.string:_aName0x1600</name>
         <load_address>0xbc414</load_address>
         <run_address>0xbc414</run_address>
         <size>0x4</size>
         <input_file_ref idref="fl-c"/>
      </object_component>
      <object_component id="oc-196">
         <name>.econst:.string:_aName0x1601</name>
         <load_address>0xbc418</load_address>
         <run_address>0xbc418</run_address>
         <size>0x4</size>
         <input_file_ref idref="fl-c"/>
      </object_component>
      <object_component id="oc-198">
         <name>.econst:.string:_aName0x1602</name>
         <load_address>0xbc41c</load_address>
         <run_address>0xbc41c</run_address>
         <size>0x4</size>
         <input_file_ref idref="fl-c"/>
      </object_component>
      <object_component id="oc-19a">
         <name>.econst:.string:_aName0x1603</name>
         <load_address>0xbc420</load_address>
         <run_address>0xbc420</run_address>
         <size>0x4</size>
         <input_file_ref idref="fl-c"/>
      </object_component>
      <object_component id="oc-19c">
         <name>.econst:.string:_aName0x1A00</name>
         <load_address>0xbc424</load_address>
         <run_address>0xbc424</run_address>
         <size>0x4</size>
         <input_file_ref idref="fl-c"/>
      </object_component>
      <object_component id="oc-19e">
         <name>.econst:.string:_aName0x1A01</name>
         <load_address>0xbc428</load_address>
         <run_address>0xbc428</run_address>
         <size>0x4</size>
         <input_file_ref idref="fl-c"/>
      </object_component>
      <object_component id="oc-1a0">
         <name>.econst:.string:_aName0x1A02</name>
         <load_address>0xbc42c</load_address>
         <run_address>0xbc42c</run_address>
         <size>0x4</size>
         <input_file_ref idref="fl-c"/>
      </object_component>
      <object_component id="oc-1a2">
         <name>.econst:.string:_aName0x1A03</name>
         <load_address>0xbc430</load_address>
         <run_address>0xbc430</run_address>
         <size>0x4</size>
         <input_file_ref idref="fl-c"/>
      </object_component>
      <object_component id="oc-1f9">
         <name>.econst:_sEntryDesc0x1000</name>
         <load_address>0xbc434</load_address>
         <run_address>0xbc434</run_address>
         <size>0x3</size>
         <input_file_ref idref="fl-d"/>
      </object_component>
      <object_component id="oc-1fb">
         <name>.econst:_sEntryDesc0x1001</name>
         <load_address>0xbc437</load_address>
         <run_address>0xbc437</run_address>
         <size>0x3</size>
         <input_file_ref idref="fl-d"/>
      </object_component>
      <object_component id="oc-1fd">
         <name>.econst:_sEntryDesc0x1008</name>
         <load_address>0xbc43a</load_address>
         <run_address>0xbc43a</run_address>
         <size>0x3</size>
         <input_file_ref idref="fl-d"/>
      </object_component>
      <object_component id="oc-1ff">
         <name>.econst:_sEntryDesc0x1009</name>
         <load_address>0xbc43d</load_address>
         <run_address>0xbc43d</run_address>
         <size>0x3</size>
         <input_file_ref idref="fl-d"/>
      </object_component>
      <object_component id="oc-201">
         <name>.econst:_sEntryDesc0x100A</name>
         <load_address>0xbc440</load_address>
         <run_address>0xbc440</run_address>
         <size>0x3</size>
         <input_file_ref idref="fl-d"/>
      </object_component>
      <object_component id="oc-20e">
         <name>.econst:_sEntryDesc0x2004</name>
         <load_address>0xbc443</load_address>
         <run_address>0xbc443</run_address>
         <size>0x3</size>
         <input_file_ref idref="fl-15"/>
      </object_component>
      <object_component id="oc-210">
         <name>.econst:_sEntryDesc0x2005</name>
         <load_address>0xbc446</load_address>
         <run_address>0xbc446</run_address>
         <size>0x3</size>
         <input_file_ref idref="fl-15"/>
      </object_component>
      <object_component id="oc-212">
         <name>.econst:_sEntryDesc0x2007</name>
         <load_address>0xbc449</load_address>
         <run_address>0xbc449</run_address>
         <size>0x3</size>
         <input_file_ref idref="fl-15"/>
      </object_component>
      <object_component id="oc-214">
         <name>.econst:_sEntryDesc0x2009</name>
         <load_address>0xbc44c</load_address>
         <run_address>0xbc44c</run_address>
         <size>0x3</size>
         <input_file_ref idref="fl-15"/>
      </object_component>
      <object_component id="oc-216">
         <name>.econst:_sEntryDesc0x200B</name>
         <load_address>0xbc44f</load_address>
         <run_address>0xbc44f</run_address>
         <size>0x3</size>
         <input_file_ref idref="fl-15"/>
      </object_component>
      <object_component id="oc-218">
         <name>.econst:_sEntryDesc0x200C</name>
         <load_address>0xbc452</load_address>
         <run_address>0xbc452</run_address>
         <size>0x3</size>
         <input_file_ref idref="fl-15"/>
      </object_component>
      <object_component id="oc-21a">
         <name>.econst:_sEntryDesc0x2018</name>
         <load_address>0xbc455</load_address>
         <run_address>0xbc455</run_address>
         <size>0x3</size>
         <input_file_ref idref="fl-15"/>
      </object_component>
      <object_component id="oc-21c">
         <name>.econst:_sEntryDesc0x2034</name>
         <load_address>0xbc458</load_address>
         <run_address>0xbc458</run_address>
         <size>0x3</size>
         <input_file_ref idref="fl-15"/>
      </object_component>
      <object_component id="oc-220">
         <name>.econst:_sEntryDesc0x217C</name>
         <load_address>0xbc45b</load_address>
         <run_address>0xbc45b</run_address>
         <size>0x3</size>
         <input_file_ref idref="fl-15"/>
      </object_component>
      <object_component id="oc-222">
         <name>.econst:_sEntryDesc0x217E</name>
         <load_address>0xbc45e</load_address>
         <run_address>0xbc45e</run_address>
         <size>0x3</size>
         <input_file_ref idref="fl-15"/>
      </object_component>
      <object_component id="oc-224">
         <name>.econst:_sEntryDesc0x2180</name>
         <load_address>0xbc461</load_address>
         <run_address>0xbc461</run_address>
         <size>0x3</size>
         <input_file_ref idref="fl-15"/>
      </object_component>
      <object_component id="oc-226">
         <name>.econst:_sEntryDesc0x2181</name>
         <load_address>0xbc464</load_address>
         <run_address>0xbc464</run_address>
         <size>0x3</size>
         <input_file_ref idref="fl-15"/>
      </object_component>
      <object_component id="oc-22c">
         <name>.econst:_sEntryDesc0x21A6</name>
         <load_address>0xbc467</load_address>
         <run_address>0xbc467</run_address>
         <size>0x3</size>
         <input_file_ref idref="fl-15"/>
      </object_component>
      <object_component id="oc-22e">
         <name>.econst:_sEntryDesc0x21A8</name>
         <load_address>0xbc46a</load_address>
         <run_address>0xbc46a</run_address>
         <size>0x3</size>
         <input_file_ref idref="fl-15"/>
      </object_component>
      <object_component id="oc-230">
         <name>.econst:_sEntryDesc0x21A9</name>
         <load_address>0xbc46d</load_address>
         <run_address>0xbc46d</run_address>
         <size>0x3</size>
         <input_file_ref idref="fl-15"/>
      </object_component>
      <object_component id="oc-234">
         <name>.econst:_sEntryDesc0x23FD</name>
         <load_address>0xbc470</load_address>
         <run_address>0xbc470</run_address>
         <size>0x3</size>
         <input_file_ref idref="fl-15"/>
      </object_component>
      <object_component id="oc-236">
         <name>.econst:_sEntryDesc0x23FE</name>
         <load_address>0xbc473</load_address>
         <run_address>0xbc473</run_address>
         <size>0x3</size>
         <input_file_ref idref="fl-15"/>
      </object_component>
      <object_component id="oc-238">
         <name>.econst:_sEntryDesc0x2452</name>
         <load_address>0xbc476</load_address>
         <run_address>0xbc476</run_address>
         <size>0x3</size>
         <input_file_ref idref="fl-15"/>
      </object_component>
      <object_component id="oc-1a3">
         <name>.econst:_sEntryDesc0x603F</name>
         <load_address>0xbc479</load_address>
         <run_address>0xbc479</run_address>
         <size>0x3</size>
         <input_file_ref idref="fl-c"/>
      </object_component>
      <object_component id="oc-1a5">
         <name>.econst:_sEntryDesc0x6040</name>
         <load_address>0xbc47c</load_address>
         <run_address>0xbc47c</run_address>
         <size>0x3</size>
         <input_file_ref idref="fl-c"/>
      </object_component>
      <object_component id="oc-1a7">
         <name>.econst:_sEntryDesc0x6041</name>
         <load_address>0xbc47f</load_address>
         <run_address>0xbc47f</run_address>
         <size>0x3</size>
         <input_file_ref idref="fl-c"/>
      </object_component>
      <object_component id="oc-1a9">
         <name>.econst:_sEntryDesc0x6060</name>
         <load_address>0xbc482</load_address>
         <run_address>0xbc482</run_address>
         <size>0x3</size>
         <input_file_ref idref="fl-c"/>
      </object_component>
      <object_component id="oc-1ab">
         <name>.econst:_sEntryDesc0x6061</name>
         <load_address>0xbc485</load_address>
         <run_address>0xbc485</run_address>
         <size>0x3</size>
         <input_file_ref idref="fl-c"/>
      </object_component>
      <object_component id="oc-1ad">
         <name>.econst:_sEntryDesc0x6063</name>
         <load_address>0xbc488</load_address>
         <run_address>0xbc488</run_address>
         <size>0x3</size>
         <input_file_ref idref="fl-c"/>
      </object_component>
      <object_component id="oc-1af">
         <name>.econst:_sEntryDesc0x6064</name>
         <load_address>0xbc48b</load_address>
         <run_address>0xbc48b</run_address>
         <size>0x3</size>
         <input_file_ref idref="fl-c"/>
      </object_component>
      <object_component id="oc-1b1">
         <name>.econst:_sEntryDesc0x6065</name>
         <load_address>0xbc48e</load_address>
         <run_address>0xbc48e</run_address>
         <size>0x3</size>
         <input_file_ref idref="fl-c"/>
      </object_component>
      <object_component id="oc-1b3">
         <name>.econst:_sEntryDesc0x606B</name>
         <load_address>0xbc491</load_address>
         <run_address>0xbc491</run_address>
         <size>0x3</size>
         <input_file_ref idref="fl-c"/>
      </object_component>
      <object_component id="oc-1b5">
         <name>.econst:_sEntryDesc0x606C</name>
         <load_address>0xbc494</load_address>
         <run_address>0xbc494</run_address>
         <size>0x3</size>
         <input_file_ref idref="fl-c"/>
      </object_component>
      <object_component id="oc-1b7">
         <name>.econst:_sEntryDesc0x606D</name>
         <load_address>0xbc497</load_address>
         <run_address>0xbc497</run_address>
         <size>0x3</size>
         <input_file_ref idref="fl-c"/>
      </object_component>
      <object_component id="oc-1b9">
         <name>.econst:_sEntryDesc0x606E</name>
         <load_address>0xbc49a</load_address>
         <run_address>0xbc49a</run_address>
         <size>0x3</size>
         <input_file_ref idref="fl-c"/>
      </object_component>
      <object_component id="oc-1bb">
         <name>.econst:_sEntryDesc0x6071</name>
         <load_address>0xbc49d</load_address>
         <run_address>0xbc49d</run_address>
         <size>0x3</size>
         <input_file_ref idref="fl-c"/>
      </object_component>
      <object_component id="oc-1bd">
         <name>.econst:_sEntryDesc0x6072</name>
         <load_address>0xbc4a0</load_address>
         <run_address>0xbc4a0</run_address>
         <size>0x3</size>
         <input_file_ref idref="fl-c"/>
      </object_component>
      <object_component id="oc-1bf">
         <name>.econst:_sEntryDesc0x6077</name>
         <load_address>0xbc4a3</load_address>
         <run_address>0xbc4a3</run_address>
         <size>0x3</size>
         <input_file_ref idref="fl-c"/>
      </object_component>
      <object_component id="oc-1c1">
         <name>.econst:_sEntryDesc0x607A</name>
         <load_address>0xbc4a6</load_address>
         <run_address>0xbc4a6</run_address>
         <size>0x3</size>
         <input_file_ref idref="fl-c"/>
      </object_component>
      <object_component id="oc-1c3">
         <name>.econst:_sEntryDesc0x607C</name>
         <load_address>0xbc4a9</load_address>
         <run_address>0xbc4a9</run_address>
         <size>0x3</size>
         <input_file_ref idref="fl-c"/>
      </object_component>
      <object_component id="oc-1c7">
         <name>.econst:_sEntryDesc0x6081</name>
         <load_address>0xbc4ac</load_address>
         <run_address>0xbc4ac</run_address>
         <size>0x3</size>
         <input_file_ref idref="fl-c"/>
      </object_component>
      <object_component id="oc-1c9">
         <name>.econst:_sEntryDesc0x6083</name>
         <load_address>0xbc4af</load_address>
         <run_address>0xbc4af</run_address>
         <size>0x3</size>
         <input_file_ref idref="fl-c"/>
      </object_component>
      <object_component id="oc-1cb">
         <name>.econst:_sEntryDesc0x6084</name>
         <load_address>0xbc4b2</load_address>
         <run_address>0xbc4b2</run_address>
         <size>0x3</size>
         <input_file_ref idref="fl-c"/>
      </object_component>
      <object_component id="oc-1cd">
         <name>.econst:_sEntryDesc0x6087</name>
         <load_address>0xbc4b5</load_address>
         <run_address>0xbc4b5</run_address>
         <size>0x3</size>
         <input_file_ref idref="fl-c"/>
      </object_component>
      <object_component id="oc-1cf">
         <name>.econst:_sEntryDesc0x6098</name>
         <load_address>0xbc4b8</load_address>
         <run_address>0xbc4b8</run_address>
         <size>0x3</size>
         <input_file_ref idref="fl-c"/>
      </object_component>
      <object_component id="oc-1d3">
         <name>.econst:_sEntryDesc0x609A</name>
         <load_address>0xbc4bb</load_address>
         <run_address>0xbc4bb</run_address>
         <size>0x3</size>
         <input_file_ref idref="fl-c"/>
      </object_component>
      <object_component id="oc-1d5">
         <name>.econst:_sEntryDesc0x60B1</name>
         <load_address>0xbc4be</load_address>
         <run_address>0xbc4be</run_address>
         <size>0x3</size>
         <input_file_ref idref="fl-c"/>
      </object_component>
      <object_component id="oc-1d7">
         <name>.econst:_sEntryDesc0x60B2</name>
         <load_address>0xbc4c1</load_address>
         <run_address>0xbc4c1</run_address>
         <size>0x3</size>
         <input_file_ref idref="fl-c"/>
      </object_component>
      <object_component id="oc-1d9">
         <name>.econst:_sEntryDesc0x60B8</name>
         <load_address>0xbc4c4</load_address>
         <run_address>0xbc4c4</run_address>
         <size>0x3</size>
         <input_file_ref idref="fl-c"/>
      </object_component>
      <object_component id="oc-1db">
         <name>.econst:_sEntryDesc0x60B9</name>
         <load_address>0xbc4c7</load_address>
         <run_address>0xbc4c7</run_address>
         <size>0x3</size>
         <input_file_ref idref="fl-c"/>
      </object_component>
      <object_component id="oc-1dd">
         <name>.econst:_sEntryDesc0x60BA</name>
         <load_address>0xbc4ca</load_address>
         <run_address>0xbc4ca</run_address>
         <size>0x3</size>
         <input_file_ref idref="fl-c"/>
      </object_component>
      <object_component id="oc-1df">
         <name>.econst:_sEntryDesc0x60BB</name>
         <load_address>0xbc4cd</load_address>
         <run_address>0xbc4cd</run_address>
         <size>0x3</size>
         <input_file_ref idref="fl-c"/>
      </object_component>
      <object_component id="oc-1e1">
         <name>.econst:_sEntryDesc0x60BC</name>
         <load_address>0xbc4d0</load_address>
         <run_address>0xbc4d0</run_address>
         <size>0x3</size>
         <input_file_ref idref="fl-c"/>
      </object_component>
      <object_component id="oc-1e3">
         <name>.econst:_sEntryDesc0x60BD</name>
         <load_address>0xbc4d3</load_address>
         <run_address>0xbc4d3</run_address>
         <size>0x3</size>
         <input_file_ref idref="fl-c"/>
      </object_component>
      <object_component id="oc-1e5">
         <name>.econst:_sEntryDesc0x60C0</name>
         <load_address>0xbc4d6</load_address>
         <run_address>0xbc4d6</run_address>
         <size>0x3</size>
         <input_file_ref idref="fl-c"/>
      </object_component>
      <object_component id="oc-1e9">
         <name>.econst:_sEntryDesc0x60E0</name>
         <load_address>0xbc4d9</load_address>
         <run_address>0xbc4d9</run_address>
         <size>0x3</size>
         <input_file_ref idref="fl-c"/>
      </object_component>
      <object_component id="oc-1eb">
         <name>.econst:_sEntryDesc0x60E1</name>
         <load_address>0xbc4dc</load_address>
         <run_address>0xbc4dc</run_address>
         <size>0x3</size>
         <input_file_ref idref="fl-c"/>
      </object_component>
      <object_component id="oc-1ed">
         <name>.econst:_sEntryDesc0x60F4</name>
         <load_address>0xbc4df</load_address>
         <run_address>0xbc4df</run_address>
         <size>0x3</size>
         <input_file_ref idref="fl-c"/>
      </object_component>
      <object_component id="oc-1ef">
         <name>.econst:_sEntryDesc0x60FC</name>
         <load_address>0xbc4e2</load_address>
         <run_address>0xbc4e2</run_address>
         <size>0x3</size>
         <input_file_ref idref="fl-c"/>
      </object_component>
      <object_component id="oc-1f1">
         <name>.econst:_sEntryDesc0x60FD</name>
         <load_address>0xbc4e5</load_address>
         <run_address>0xbc4e5</run_address>
         <size>0x3</size>
         <input_file_ref idref="fl-c"/>
      </object_component>
      <object_component id="oc-1f5">
         <name>.econst:_sEntryDesc0x60FF</name>
         <load_address>0xbc4e8</load_address>
         <run_address>0xbc4e8</run_address>
         <size>0x3</size>
         <input_file_ref idref="fl-c"/>
      </object_component>
      <object_component id="oc-1f7">
         <name>.econst:_sEntryDesc0x6502</name>
         <load_address>0xbc4eb</load_address>
         <run_address>0xbc4eb</run_address>
         <size>0x3</size>
         <input_file_ref idref="fl-c"/>
      </object_component>
      <object_component id="oc-1fa">
         <name>.econst:.string:_aName0x1000</name>
         <load_address>0xbc4ee</load_address>
         <run_address>0xbc4ee</run_address>
         <size>0x2</size>
         <input_file_ref idref="fl-d"/>
      </object_component>
      <object_component id="oc-1fc">
         <name>.econst:.string:_aName0x1001</name>
         <load_address>0xbc4f0</load_address>
         <run_address>0xbc4f0</run_address>
         <size>0x2</size>
         <input_file_ref idref="fl-d"/>
      </object_component>
      <object_component id="oc-1fe">
         <name>.econst:.string:_aName0x1008</name>
         <load_address>0xbc4f2</load_address>
         <run_address>0xbc4f2</run_address>
         <size>0x2</size>
         <input_file_ref idref="fl-d"/>
      </object_component>
      <object_component id="oc-200">
         <name>.econst:.string:_aName0x1009</name>
         <load_address>0xbc4f4</load_address>
         <run_address>0xbc4f4</run_address>
         <size>0x2</size>
         <input_file_ref idref="fl-d"/>
      </object_component>
      <object_component id="oc-202">
         <name>.econst:.string:_aName0x100A</name>
         <load_address>0xbc4f6</load_address>
         <run_address>0xbc4f6</run_address>
         <size>0x2</size>
         <input_file_ref idref="fl-d"/>
      </object_component>
      <object_component id="oc-208">
         <name>.econst:.string:_aName0x1C00</name>
         <load_address>0xbc4f8</load_address>
         <run_address>0xbc4f8</run_address>
         <size>0x2</size>
         <input_file_ref idref="fl-d"/>
      </object_component>
      <object_component id="oc-191">
         <name>.econst:.string:_aName0x1C12</name>
         <load_address>0xbc4fa</load_address>
         <run_address>0xbc4fa</run_address>
         <size>0x2</size>
         <input_file_ref idref="fl-c"/>
      </object_component>
      <object_component id="oc-192">
         <name>.econst:.string:_aName0x1C13</name>
         <load_address>0xbc4fc</load_address>
         <run_address>0xbc4fc</run_address>
         <size>0x2</size>
         <input_file_ref idref="fl-c"/>
      </object_component>
      <object_component id="oc-20f">
         <name>.econst:.string:_aName0x2004</name>
         <load_address>0xbc4fe</load_address>
         <run_address>0xbc4fe</run_address>
         <size>0x2</size>
         <input_file_ref idref="fl-15"/>
      </object_component>
      <object_component id="oc-211">
         <name>.econst:.string:_aName0x2005</name>
         <load_address>0xbc500</load_address>
         <run_address>0xbc500</run_address>
         <size>0x2</size>
         <input_file_ref idref="fl-15"/>
      </object_component>
      <object_component id="oc-213">
         <name>.econst:.string:_aName0x2007</name>
         <load_address>0xbc502</load_address>
         <run_address>0xbc502</run_address>
         <size>0x2</size>
         <input_file_ref idref="fl-15"/>
      </object_component>
      <object_component id="oc-215">
         <name>.econst:.string:_aName0x2009</name>
         <load_address>0xbc504</load_address>
         <run_address>0xbc504</run_address>
         <size>0x2</size>
         <input_file_ref idref="fl-15"/>
      </object_component>
      <object_component id="oc-217">
         <name>.econst:.string:_aName0x200B</name>
         <load_address>0xbc506</load_address>
         <run_address>0xbc506</run_address>
         <size>0x2</size>
         <input_file_ref idref="fl-15"/>
      </object_component>
      <object_component id="oc-219">
         <name>.econst:.string:_aName0x200C</name>
         <load_address>0xbc508</load_address>
         <run_address>0xbc508</run_address>
         <size>0x2</size>
         <input_file_ref idref="fl-15"/>
      </object_component>
      <object_component id="oc-21b">
         <name>.econst:.string:_aName0x2018</name>
         <load_address>0xbc50a</load_address>
         <run_address>0xbc50a</run_address>
         <size>0x2</size>
         <input_file_ref idref="fl-15"/>
      </object_component>
      <object_component id="oc-21d">
         <name>.econst:.string:_aName0x2034</name>
         <load_address>0xbc50c</load_address>
         <run_address>0xbc50c</run_address>
         <size>0x2</size>
         <input_file_ref idref="fl-15"/>
      </object_component>
      <object_component id="oc-221">
         <name>.econst:.string:_aName0x217C</name>
         <load_address>0xbc50e</load_address>
         <run_address>0xbc50e</run_address>
         <size>0x2</size>
         <input_file_ref idref="fl-15"/>
      </object_component>
      <object_component id="oc-223">
         <name>.econst:.string:_aName0x217E</name>
         <load_address>0xbc510</load_address>
         <run_address>0xbc510</run_address>
         <size>0x2</size>
         <input_file_ref idref="fl-15"/>
      </object_component>
      <object_component id="oc-225">
         <name>.econst:.string:_aName0x2180</name>
         <load_address>0xbc512</load_address>
         <run_address>0xbc512</run_address>
         <size>0x2</size>
         <input_file_ref idref="fl-15"/>
      </object_component>
      <object_component id="oc-227">
         <name>.econst:.string:_aName0x2181</name>
         <load_address>0xbc514</load_address>
         <run_address>0xbc514</run_address>
         <size>0x2</size>
         <input_file_ref idref="fl-15"/>
      </object_component>
      <object_component id="oc-22d">
         <name>.econst:.string:_aName0x21A6</name>
         <load_address>0xbc516</load_address>
         <run_address>0xbc516</run_address>
         <size>0x2</size>
         <input_file_ref idref="fl-15"/>
      </object_component>
      <object_component id="oc-22f">
         <name>.econst:.string:_aName0x21A8</name>
         <load_address>0xbc518</load_address>
         <run_address>0xbc518</run_address>
         <size>0x2</size>
         <input_file_ref idref="fl-15"/>
      </object_component>
      <object_component id="oc-231">
         <name>.econst:.string:_aName0x21A9</name>
         <load_address>0xbc51a</load_address>
         <run_address>0xbc51a</run_address>
         <size>0x2</size>
         <input_file_ref idref="fl-15"/>
      </object_component>
      <object_component id="oc-1a4">
         <name>.econst:.string:_aName0x603F</name>
         <load_address>0xbc51c</load_address>
         <run_address>0xbc51c</run_address>
         <size>0x2</size>
         <input_file_ref idref="fl-c"/>
      </object_component>
      <object_component id="oc-1a6">
         <name>.econst:.string:_aName0x6040</name>
         <load_address>0xbc51e</load_address>
         <run_address>0xbc51e</run_address>
         <size>0x2</size>
         <input_file_ref idref="fl-c"/>
      </object_component>
      <object_component id="oc-1a8">
         <name>.econst:.string:_aName0x6041</name>
         <load_address>0xbc520</load_address>
         <run_address>0xbc520</run_address>
         <size>0x2</size>
         <input_file_ref idref="fl-c"/>
      </object_component>
      <object_component id="oc-1aa">
         <name>.econst:.string:_aName0x6060</name>
         <load_address>0xbc522</load_address>
         <run_address>0xbc522</run_address>
         <size>0x2</size>
         <input_file_ref idref="fl-c"/>
      </object_component>
      <object_component id="oc-1ac">
         <name>.econst:.string:_aName0x6061</name>
         <load_address>0xbc524</load_address>
         <run_address>0xbc524</run_address>
         <size>0x2</size>
         <input_file_ref idref="fl-c"/>
      </object_component>
      <object_component id="oc-1ae">
         <name>.econst:.string:_aName0x6063</name>
         <load_address>0xbc526</load_address>
         <run_address>0xbc526</run_address>
         <size>0x2</size>
         <input_file_ref idref="fl-c"/>
      </object_component>
      <object_component id="oc-1b0">
         <name>.econst:.string:_aName0x6064</name>
         <load_address>0xbc528</load_address>
         <run_address>0xbc528</run_address>
         <size>0x2</size>
         <input_file_ref idref="fl-c"/>
      </object_component>
      <object_component id="oc-1b2">
         <name>.econst:.string:_aName0x6065</name>
         <load_address>0xbc52a</load_address>
         <run_address>0xbc52a</run_address>
         <size>0x2</size>
         <input_file_ref idref="fl-c"/>
      </object_component>
      <object_component id="oc-1b4">
         <name>.econst:.string:_aName0x606B</name>
         <load_address>0xbc52c</load_address>
         <run_address>0xbc52c</run_address>
         <size>0x2</size>
         <input_file_ref idref="fl-c"/>
      </object_component>
      <object_component id="oc-1b6">
         <name>.econst:.string:_aName0x606C</name>
         <load_address>0xbc52e</load_address>
         <run_address>0xbc52e</run_address>
         <size>0x2</size>
         <input_file_ref idref="fl-c"/>
      </object_component>
      <object_component id="oc-1b8">
         <name>.econst:.string:_aName0x606D</name>
         <load_address>0xbc530</load_address>
         <run_address>0xbc530</run_address>
         <size>0x2</size>
         <input_file_ref idref="fl-c"/>
      </object_component>
      <object_component id="oc-1ba">
         <name>.econst:.string:_aName0x606E</name>
         <load_address>0xbc532</load_address>
         <run_address>0xbc532</run_address>
         <size>0x2</size>
         <input_file_ref idref="fl-c"/>
      </object_component>
      <object_component id="oc-1bc">
         <name>.econst:.string:_aName0x6071</name>
         <load_address>0xbc534</load_address>
         <run_address>0xbc534</run_address>
         <size>0x2</size>
         <input_file_ref idref="fl-c"/>
      </object_component>
      <object_component id="oc-1be">
         <name>.econst:.string:_aName0x6072</name>
         <load_address>0xbc536</load_address>
         <run_address>0xbc536</run_address>
         <size>0x2</size>
         <input_file_ref idref="fl-c"/>
      </object_component>
      <object_component id="oc-1c0">
         <name>.econst:.string:_aName0x6077</name>
         <load_address>0xbc538</load_address>
         <run_address>0xbc538</run_address>
         <size>0x2</size>
         <input_file_ref idref="fl-c"/>
      </object_component>
      <object_component id="oc-1c2">
         <name>.econst:.string:_aName0x607A</name>
         <load_address>0xbc53a</load_address>
         <run_address>0xbc53a</run_address>
         <size>0x2</size>
         <input_file_ref idref="fl-c"/>
      </object_component>
      <object_component id="oc-1c4">
         <name>.econst:.string:_aName0x607C</name>
         <load_address>0xbc53c</load_address>
         <run_address>0xbc53c</run_address>
         <size>0x2</size>
         <input_file_ref idref="fl-c"/>
      </object_component>
      <object_component id="oc-1c8">
         <name>.econst:.string:_aName0x6081</name>
         <load_address>0xbc53e</load_address>
         <run_address>0xbc53e</run_address>
         <size>0x2</size>
         <input_file_ref idref="fl-c"/>
      </object_component>
      <object_component id="oc-1ca">
         <name>.econst:.string:_aName0x6083</name>
         <load_address>0xbc540</load_address>
         <run_address>0xbc540</run_address>
         <size>0x2</size>
         <input_file_ref idref="fl-c"/>
      </object_component>
      <object_component id="oc-1cc">
         <name>.econst:.string:_aName0x6084</name>
         <load_address>0xbc542</load_address>
         <run_address>0xbc542</run_address>
         <size>0x2</size>
         <input_file_ref idref="fl-c"/>
      </object_component>
      <object_component id="oc-1ce">
         <name>.econst:.string:_aName0x6087</name>
         <load_address>0xbc544</load_address>
         <run_address>0xbc544</run_address>
         <size>0x2</size>
         <input_file_ref idref="fl-c"/>
      </object_component>
      <object_component id="oc-1d0">
         <name>.econst:.string:_aName0x6098</name>
         <load_address>0xbc546</load_address>
         <run_address>0xbc546</run_address>
         <size>0x2</size>
         <input_file_ref idref="fl-c"/>
      </object_component>
      <object_component id="oc-1d4">
         <name>.econst:.string:_aName0x609A</name>
         <load_address>0xbc548</load_address>
         <run_address>0xbc548</run_address>
         <size>0x2</size>
         <input_file_ref idref="fl-c"/>
      </object_component>
      <object_component id="oc-1d6">
         <name>.econst:.string:_aName0x60B1</name>
         <load_address>0xbc54a</load_address>
         <run_address>0xbc54a</run_address>
         <size>0x2</size>
         <input_file_ref idref="fl-c"/>
      </object_component>
      <object_component id="oc-1d8">
         <name>.econst:.string:_aName0x60B2</name>
         <load_address>0xbc54c</load_address>
         <run_address>0xbc54c</run_address>
         <size>0x2</size>
         <input_file_ref idref="fl-c"/>
      </object_component>
      <object_component id="oc-1da">
         <name>.econst:.string:_aName0x60B8</name>
         <load_address>0xbc54e</load_address>
         <run_address>0xbc54e</run_address>
         <size>0x2</size>
         <input_file_ref idref="fl-c"/>
      </object_component>
      <object_component id="oc-1dc">
         <name>.econst:.string:_aName0x60B9</name>
         <load_address>0xbc550</load_address>
         <run_address>0xbc550</run_address>
         <size>0x2</size>
         <input_file_ref idref="fl-c"/>
      </object_component>
      <object_component id="oc-1de">
         <name>.econst:.string:_aName0x60BA</name>
         <load_address>0xbc552</load_address>
         <run_address>0xbc552</run_address>
         <size>0x2</size>
         <input_file_ref idref="fl-c"/>
      </object_component>
      <object_component id="oc-1e0">
         <name>.econst:.string:_aName0x60BB</name>
         <load_address>0xbc554</load_address>
         <run_address>0xbc554</run_address>
         <size>0x2</size>
         <input_file_ref idref="fl-c"/>
      </object_component>
      <object_component id="oc-1e2">
         <name>.econst:.string:_aName0x60BC</name>
         <load_address>0xbc556</load_address>
         <run_address>0xbc556</run_address>
         <size>0x2</size>
         <input_file_ref idref="fl-c"/>
      </object_component>
      <object_component id="oc-1e4">
         <name>.econst:.string:_aName0x60BD</name>
         <load_address>0xbc558</load_address>
         <run_address>0xbc558</run_address>
         <size>0x2</size>
         <input_file_ref idref="fl-c"/>
      </object_component>
      <object_component id="oc-1e6">
         <name>.econst:.string:_aName0x60C0</name>
         <load_address>0xbc55a</load_address>
         <run_address>0xbc55a</run_address>
         <size>0x2</size>
         <input_file_ref idref="fl-c"/>
      </object_component>
      <object_component id="oc-1ea">
         <name>.econst:.string:_aName0x60E0</name>
         <load_address>0xbc55c</load_address>
         <run_address>0xbc55c</run_address>
         <size>0x2</size>
         <input_file_ref idref="fl-c"/>
      </object_component>
      <object_component id="oc-1ec">
         <name>.econst:.string:_aName0x60E1</name>
         <load_address>0xbc55e</load_address>
         <run_address>0xbc55e</run_address>
         <size>0x2</size>
         <input_file_ref idref="fl-c"/>
      </object_component>
      <object_component id="oc-1ee">
         <name>.econst:.string:_aName0x60F4</name>
         <load_address>0xbc560</load_address>
         <run_address>0xbc560</run_address>
         <size>0x2</size>
         <input_file_ref idref="fl-c"/>
      </object_component>
      <object_component id="oc-1f0">
         <name>.econst:.string:_aName0x60FC</name>
         <load_address>0xbc562</load_address>
         <run_address>0xbc562</run_address>
         <size>0x2</size>
         <input_file_ref idref="fl-c"/>
      </object_component>
      <object_component id="oc-1f2">
         <name>.econst:.string:_aName0x60FD</name>
         <load_address>0xbc564</load_address>
         <run_address>0xbc564</run_address>
         <size>0x2</size>
         <input_file_ref idref="fl-c"/>
      </object_component>
      <object_component id="oc-1f6">
         <name>.econst:.string:_aName0x60FF</name>
         <load_address>0xbc566</load_address>
         <run_address>0xbc566</run_address>
         <size>0x2</size>
         <input_file_ref idref="fl-c"/>
      </object_component>
      <object_component id="oc-1f8">
         <name>.econst:.string:_aName0x6502</name>
         <load_address>0xbc568</load_address>
         <run_address>0xbc568</run_address>
         <size>0x2</size>
         <input_file_ref idref="fl-c"/>
      </object_component>
      <object_component id="oc-251">
         <name>.switch:_OBJ_GetEntryOffset</name>
         <load_address>0xbc56c</load_address>
         <run_address>0xbc56c</run_address>
         <size>0x24</size>
         <input_file_ref idref="fl-12"/>
      </object_component>
      <object_component id="oc-253">
         <name>.switch:_OBJ_Read</name>
         <load_address>0xbc590</load_address>
         <run_address>0xbc590</run_address>
         <size>0x18</size>
         <input_file_ref idref="fl-12"/>
      </object_component>
      <object_component id="oc-254">
         <name>.switch:_OBJ_Write</name>
         <load_address>0xbc5a8</load_address>
         <run_address>0xbc5a8</run_address>
         <size>0x18</size>
         <input_file_ref idref="fl-12"/>
      </object_component>
      <object_component id="oc-14a">
         <name>.reset</name>
         <load_address>0x3fffc0</load_address>
         <run_address>0x3fffc0</run_address>
         <size>0x2</size>
         <input_file_ref idref="fl-27"/>
      </object_component>
      <object_component id="oc-136">
         <name>SHARERAMGS14</name>
         <uninitialized>true</uninitialized>
         <run_address>0x1a000</run_address>
         <size>0x14</size>
         <input_file_ref idref="fl-14"/>
      </object_component>
      <object_component id="oc-137">
         <name>SHARERAMGS15</name>
         <uninitialized>true</uninitialized>
         <run_address>0x1b000</run_address>
         <size>0x18</size>
         <input_file_ref idref="fl-14"/>
      </object_component>
      <object_component id="oc-a2">
         <name>.TI.ramfunc</name>
         <load_address>0xbe2bc</load_address>
         <run_address>0x82bc</run_address>
         <size>0x4</size>
         <input_file_ref idref="fl-a"/>
      </object_component>
      <object_component id="oc-248">
         <name>isrfuncs</name>
         <load_address>0xbe000</load_address>
         <run_address>0x8000</run_address>
         <size>0x12a</size>
         <input_file_ref idref="fl-14"/>
      </object_component>
      <object_component id="oc-23f">
         <name>isrfuncs</name>
         <load_address>0xbe12a</load_address>
         <run_address>0x812a</run_address>
         <size>0xe4</size>
         <input_file_ref idref="fl-e"/>
      </object_component>
      <object_component id="oc-138">
         <name>isrfuncs:retain</name>
         <load_address>0xbe20e</load_address>
         <run_address>0x820e</run_address>
         <size>0x70</size>
         <input_file_ref idref="fl-14"/>
      </object_component>
      <object_component id="oc-23e">
         <name>isrfuncs</name>
         <load_address>0xbe27e</load_address>
         <run_address>0x827e</run_address>
         <size>0x3d</size>
         <input_file_ref idref="fl-16"/>
      </object_component>
      <object_component id="oc-fc">
         <name>PieVectTableFile</name>
         <uninitialized>true</uninitialized>
         <run_address>0xd00</run_address>
         <size>0x1c0</size>
         <input_file_ref idref="fl-b"/>
      </object_component>
      <object_component id="oc-a8">
         <name>EmuKeyVar</name>
         <uninitialized>true</uninitialized>
         <run_address>0xd00</run_address>
         <size>0x1</size>
         <input_file_ref idref="fl-b"/>
      </object_component>
      <object_component id="oc-a9">
         <name>EmuBModeVar</name>
         <uninitialized>true</uninitialized>
         <run_address>0xd01</run_address>
         <size>0x1</size>
         <input_file_ref idref="fl-b"/>
      </object_component>
      <object_component id="oc-bc">
         <name>AdcaResultFile</name>
         <uninitialized>true</uninitialized>
         <run_address>0xb00</run_address>
         <size>0x18</size>
         <input_file_ref idref="fl-b"/>
      </object_component>
      <object_component id="oc-bd">
         <name>AdcbResultFile</name>
         <uninitialized>true</uninitialized>
         <run_address>0xb20</run_address>
         <size>0x18</size>
         <input_file_ref idref="fl-b"/>
      </object_component>
      <object_component id="oc-be">
         <name>AdccResultFile</name>
         <uninitialized>true</uninitialized>
         <run_address>0xb40</run_address>
         <size>0x18</size>
         <input_file_ref idref="fl-b"/>
      </object_component>
      <object_component id="oc-bb">
         <name>AdcdResultFile</name>
         <uninitialized>true</uninitialized>
         <run_address>0xb60</run_address>
         <size>0x18</size>
         <input_file_ref idref="fl-b"/>
      </object_component>
      <object_component id="oc-e8">
         <name>AdcaRegsFile</name>
         <uninitialized>true</uninitialized>
         <run_address>0x7400</run_address>
         <size>0x80</size>
         <input_file_ref idref="fl-b"/>
      </object_component>
      <object_component id="oc-e7">
         <name>AdcbRegsFile</name>
         <uninitialized>true</uninitialized>
         <run_address>0x7480</run_address>
         <size>0x80</size>
         <input_file_ref idref="fl-b"/>
      </object_component>
      <object_component id="oc-ea">
         <name>AdccRegsFile</name>
         <uninitialized>true</uninitialized>
         <run_address>0x7500</run_address>
         <size>0x80</size>
         <input_file_ref idref="fl-b"/>
      </object_component>
      <object_component id="oc-e5">
         <name>AdcdRegsFile</name>
         <uninitialized>true</uninitialized>
         <run_address>0x7580</run_address>
         <size>0x80</size>
         <input_file_ref idref="fl-b"/>
      </object_component>
      <object_component id="oc-f9">
         <name>CanaRegsFile</name>
         <uninitialized>true</uninitialized>
         <run_address>0x48000</run_address>
         <size>0x164</size>
         <input_file_ref idref="fl-b"/>
      </object_component>
      <object_component id="oc-fa">
         <name>CanbRegsFile</name>
         <uninitialized>true</uninitialized>
         <run_address>0x4a000</run_address>
         <size>0x164</size>
         <input_file_ref idref="fl-b"/>
      </object_component>
      <object_component id="oc-d0">
         <name>Cmpss1RegsFile</name>
         <uninitialized>true</uninitialized>
         <run_address>0x5c80</run_address>
         <size>0x20</size>
         <input_file_ref idref="fl-b"/>
      </object_component>
      <object_component id="oc-cf">
         <name>Cmpss2RegsFile</name>
         <uninitialized>true</uninitialized>
         <run_address>0x5ca0</run_address>
         <size>0x20</size>
         <input_file_ref idref="fl-b"/>
      </object_component>
      <object_component id="oc-c8">
         <name>Cmpss3RegsFile</name>
         <uninitialized>true</uninitialized>
         <run_address>0x5cc0</run_address>
         <size>0x20</size>
         <input_file_ref idref="fl-b"/>
      </object_component>
      <object_component id="oc-c7">
         <name>Cmpss4RegsFile</name>
         <uninitialized>true</uninitialized>
         <run_address>0x5ce0</run_address>
         <size>0x20</size>
         <input_file_ref idref="fl-b"/>
      </object_component>
      <object_component id="oc-c9">
         <name>Cmpss5RegsFile</name>
         <uninitialized>true</uninitialized>
         <run_address>0x5d00</run_address>
         <size>0x20</size>
         <input_file_ref idref="fl-b"/>
      </object_component>
      <object_component id="oc-cb">
         <name>Cmpss6RegsFile</name>
         <uninitialized>true</uninitialized>
         <run_address>0x5d20</run_address>
         <size>0x20</size>
         <input_file_ref idref="fl-b"/>
      </object_component>
      <object_component id="oc-d1">
         <name>Cmpss7RegsFile</name>
         <uninitialized>true</uninitialized>
         <run_address>0x5d40</run_address>
         <size>0x20</size>
         <input_file_ref idref="fl-b"/>
      </object_component>
      <object_component id="oc-ca">
         <name>Cmpss8RegsFile</name>
         <uninitialized>true</uninitialized>
         <run_address>0x5d60</run_address>
         <size>0x20</size>
         <input_file_ref idref="fl-b"/>
      </object_component>
      <object_component id="oc-ac">
         <name>CpuTimer0RegsFile</name>
         <uninitialized>true</uninitialized>
         <run_address>0xc00</run_address>
         <size>0x8</size>
         <input_file_ref idref="fl-b"/>
      </object_component>
      <object_component id="oc-ad">
         <name>CpuTimer1RegsFile</name>
         <uninitialized>true</uninitialized>
         <run_address>0xc08</run_address>
         <size>0x8</size>
         <input_file_ref idref="fl-b"/>
      </object_component>
      <object_component id="oc-b2">
         <name>CpuTimer2RegsFile</name>
         <uninitialized>true</uninitialized>
         <run_address>0xc10</run_address>
         <size>0x8</size>
         <input_file_ref idref="fl-b"/>
      </object_component>
      <object_component id="oc-b0">
         <name>DacaRegsFile</name>
         <uninitialized>true</uninitialized>
         <run_address>0x5c00</run_address>
         <size>0x8</size>
         <input_file_ref idref="fl-b"/>
      </object_component>
      <object_component id="oc-ae">
         <name>DacbRegsFile</name>
         <uninitialized>true</uninitialized>
         <run_address>0x5c10</run_address>
         <size>0x8</size>
         <input_file_ref idref="fl-b"/>
      </object_component>
      <object_component id="oc-af">
         <name>DaccRegsFile</name>
         <uninitialized>true</uninitialized>
         <run_address>0x5c20</run_address>
         <size>0x8</size>
         <input_file_ref idref="fl-b"/>
      </object_component>
      <object_component id="oc-db">
         <name>DcsmZ1RegsFile</name>
         <uninitialized>true</uninitialized>
         <run_address>0x5f000</run_address>
         <size>0x24</size>
         <input_file_ref idref="fl-b"/>
      </object_component>
      <object_component id="oc-d9">
         <name>DcsmZ2RegsFile</name>
         <uninitialized>true</uninitialized>
         <run_address>0x5f040</run_address>
         <size>0x24</size>
         <input_file_ref idref="fl-b"/>
      </object_component>
      <object_component id="oc-b1">
         <name>DcsmCommonRegsFile</name>
         <uninitialized>true</uninitialized>
         <run_address>0x5f070</run_address>
         <size>0x8</size>
         <input_file_ref idref="fl-b"/>
      </object_component>
      <object_component id="oc-ce">
         <name>DcsmZ1OtpFile</name>
         <uninitialized>true</uninitialized>
         <run_address>0x78000</run_address>
         <size>0x20</size>
         <input_file_ref idref="fl-b"/>
      </object_component>
      <object_component id="oc-cc">
         <name>DcsmZ2OtpFile</name>
         <uninitialized>true</uninitialized>
         <run_address>0x78200</run_address>
         <size>0x20</size>
         <input_file_ref idref="fl-b"/>
      </object_component>
      <object_component id="oc-ec">
         <name>DmaRegsFile</name>
         <uninitialized>true</uninitialized>
         <run_address>0x1000</run_address>
         <size>0xe0</size>
         <input_file_ref idref="fl-b"/>
      </object_component>
      <object_component id="oc-bf">
         <name>DmaClaSrcSelRegsFile</name>
         <uninitialized>true</uninitialized>
         <run_address>0x7980</run_address>
         <size>0x1a</size>
         <input_file_ref idref="fl-b"/>
      </object_component>
      <object_component id="oc-c2">
         <name>ECap1RegsFile</name>
         <uninitialized>true</uninitialized>
         <run_address>0x5000</run_address>
         <size>0x20</size>
         <input_file_ref idref="fl-b"/>
      </object_component>
      <object_component id="oc-c4">
         <name>ECap2RegsFile</name>
         <uninitialized>true</uninitialized>
         <run_address>0x5020</run_address>
         <size>0x20</size>
         <input_file_ref idref="fl-b"/>
      </object_component>
      <object_component id="oc-c6">
         <name>ECap3RegsFile</name>
         <uninitialized>true</uninitialized>
         <run_address>0x5040</run_address>
[...]
         <value>0xbfda</value>
         <object_component_ref idref="oc-12f"/>
      </symbol>
      <symbol id="sm-a0a">
         <name>_SDOS_SdoInd</name>
         <value>0xbaa67</value>
         <object_component_ref idref="oc-24b"/>
      </symbol>
      <symbol id="sm-a0b">
         <name>_pSdoSegData</name>
         <value>0xbfd2</value>
         <object_component_ref idref="oc-12f"/>
      </symbol>
      <symbol id="sm-a0c">
         <name>_pSdoPendFunc</name>
         <value>0xbfd0</value>
         <object_component_ref idref="oc-12f"/>
      </symbol>
      <symbol id="sm-a0d">
         <name>_SdoRes</name>
         <value>0xba9e8</value>
         <object_component_ref idref="oc-24b"/>
      </symbol>
      <symbol id="sm-a0e">
         <name>_bStoreCompleteAccess</name>
         <value>0xbfcc</value>
         <object_component_ref idref="oc-12f"/>
      </symbol>
      <symbol id="sm-a0f">
         <name>_bSdoSegFollows</name>
         <value>0xbfca</value>
         <object_component_ref idref="oc-12f"/>
      </symbol>
      <symbol id="sm-a10">
         <name>_bSdoInWork</name>
         <value>0xbfc0</value>
         <object_component_ref idref="oc-12f"/>
      </symbol>
      <symbol id="sm-a11">
         <name>_SDOS_SdoInfoInd</name>
         <value>0xbace5</value>
         <object_component_ref idref="oc-24b"/>
      </symbol>
      <symbol id="sm-a12">
         <name>_pSdoSegObjEntry</name>
         <value>0xbfce</value>
         <object_component_ref idref="oc-12f"/>
      </symbol>
      <symbol id="sm-a13">
         <name>_pSdoResStored</name>
         <value>0xbfdc</value>
         <object_component_ref idref="oc-12f"/>
      </symbol>
      <symbol id="sm-a14">
         <name>_pStoreData</name>
         <value>0xbfd6</value>
         <object_component_ref idref="oc-12f"/>
      </symbol>
      <symbol id="sm-a15">
         <name>_pSdoInfoObjEntry</name>
         <value>0xbfde</value>
         <object_component_ref idref="oc-12f"/>
      </symbol>
      <symbol id="sm-a16">
         <name>_nSdoInfoIndex</name>
         <value>0xbfc1</value>
         <object_component_ref idref="oc-12f"/>
      </symbol>
      <symbol id="sm-a17">
         <name>_u8StoreSubindex</name>
         <value>0xbfcb</value>
         <object_component_ref idref="oc-12f"/>
      </symbol>
      <symbol id="sm-a18">
         <name>_bSdoSegAccess</name>
         <value>0xbfc7</value>
         <object_component_ref idref="oc-12f"/>
      </symbol>
      <symbol id="sm-a19">
         <name>_u32StoreDataSize</name>
         <value>0xbfd4</value>
         <object_component_ref idref="oc-12f"/>
      </symbol>
      <symbol id="sm-a1a">
         <name>_cAbortCode</name>
         <value>0xbc224</value>
         <object_component_ref idref="oc-255"/>
      </symbol>
      <symbol id="sm-a1b">
         <name>_SDOS_SdoRes</name>
         <value>0xbac67</value>
         <object_component_ref idref="oc-24b"/>
      </symbol>
      <symbol id="sm-a1c">
         <name>_u16StoreIndex</name>
         <value>0xbfc9</value>
         <object_component_ref idref="oc-12f"/>
      </symbol>
      <symbol id="sm-a1d">
         <name>_nSdoSegService</name>
         <value>0xbfc5</value>
         <object_component_ref idref="oc-12f"/>
      </symbol>
      <symbol id="sm-a45">
         <name>_main</name>
         <value>0xbb8d3</value>
         <object_component_ref idref="oc-20d"/>
      </symbol>
      <symbol id="sm-a46">
         <name>_InitRAM</name>
         <value>0xbb914</value>
         <object_component_ref idref="oc-20d"/>
      </symbol>
      <symbol id="sm-a47">
         <name>_xint3_irq_isr</name>
         <value>0x823f</value>
         <object_component_ref idref="oc-138"/>
      </symbol>
      <symbol id="sm-a48">
         <name>_CountRest</name>
         <value>0xbfea</value>
         <object_component_ref idref="oc-135"/>
      </symbol>
      <symbol id="sm-a49">
         <name>_CPU1_CPU2</name>
         <value>0x1a000</value>
         <object_component_ref idref="oc-136"/>
      </symbol>
      <symbol id="sm-a4a">
         <name>_CPU2_CPU1</name>
         <value>0x1b000</value>
         <object_component_ref idref="oc-137"/>
      </symbol>
      <symbol id="sm-a4b">
         <name>_Output_GDCmapping</name>
         <value>0x8000</value>
         <object_component_ref idref="oc-248"/>
      </symbol>
      <symbol id="sm-a4c">
         <name>_CountFault</name>
         <value>0xbfed</value>
         <object_component_ref idref="oc-135"/>
      </symbol>
      <symbol id="sm-a4d">
         <name>_Data_input1</name>
         <value>0xbfe7</value>
         <object_component_ref idref="oc-135"/>
      </symbol>
      <symbol id="sm-a4e">
         <name>_Data_input3</name>
         <value>0xbfe9</value>
         <object_component_ref idref="oc-135"/>
      </symbol>
      <symbol id="sm-a4f">
         <name>_Data_input2</name>
         <value>0xbfe8</value>
         <object_component_ref idref="oc-135"/>
      </symbol>
      <symbol id="sm-a50">
         <name>_Data_input4</name>
         <value>0xbfeb</value>
         <object_component_ref idref="oc-135"/>
      </symbol>
      <symbol id="sm-a51">
         <name>_Shared_Ram_cpu2_WR_Upload</name>
         <value>0xbb92f</value>
         <object_component_ref idref="oc-20d"/>
      </symbol>
      <symbol id="sm-a52">
         <name>_Input_GDCmapping</name>
         <value>0x80c1</value>
         <object_component_ref idref="oc-248"/>
      </symbol>
      <symbol id="sm-a53">
         <name>_xint1_irq_isr</name>
         <value>0x820e</value>
         <object_component_ref idref="oc-138"/>
      </symbol>
      <symbol id="sm-a54">
         <name>_count</name>
         <value>0xbfec</value>
         <object_component_ref idref="oc-135"/>
      </symbol>
      <symbol id="sm-ae2">
         <name>_sEntryDesc0x23FE</name>
         <value>0xbc473</value>
         <object_component_ref idref="oc-236"/>
      </symbol>
      <symbol id="sm-ae3">
         <name>_sEntryDesc0x23FD</name>
         <value>0xbc470</value>
         <object_component_ref idref="oc-234"/>
      </symbol>
      <symbol id="sm-ae4">
         <name>_aName0x2452</name>
         <value>0xbc32d</value>
         <object_component_ref idref="oc-239"/>
      </symbol>
      <symbol id="sm-ae5">
         <name>_Gdc_Para_RemObject</name>
         <value>0xbb527</value>
         <object_component_ref idref="oc-243"/>
      </symbol>
      <symbol id="sm-ae6">
         <name>_DefGDC_PV1_0ObjDic</name>
         <value>0x9cc0</value>
         <object_component_ref idref="oc-13f"/>
      </symbol>
      <symbol id="sm-ae7">
         <name>_Gdc_Para</name>
         <value>0x9c80</value>
         <object_component_ref idref="oc-13f"/>
      </symbol>
      <symbol id="sm-ae8">
         <name>_aName0x2009</name>
         <value>0xbc504</value>
         <object_component_ref idref="oc-215"/>
      </symbol>
      <symbol id="sm-ae9">
         <name>_aName0x2007</name>
         <value>0xbc502</value>
         <object_component_ref idref="oc-213"/>
      </symbol>
      <symbol id="sm-aea">
         <name>_aName0x2005</name>
         <value>0xbc500</value>
         <object_component_ref idref="oc-211"/>
      </symbol>
      <symbol id="sm-aeb">
         <name>_aName0x2004</name>
         <value>0xbc4fe</value>
         <object_component_ref idref="oc-20f"/>
      </symbol>
      <symbol id="sm-aec">
         <name>_aName0x200C</name>
         <value>0xbc508</value>
         <object_component_ref idref="oc-219"/>
      </symbol>
      <symbol id="sm-aed">
         <name>_aName0x200B</name>
         <value>0xbc506</value>
         <object_component_ref idref="oc-217"/>
      </symbol>
      <symbol id="sm-aee">
         <name>_aName0x2018</name>
         <value>0xbc50a</value>
         <object_component_ref idref="oc-21b"/>
      </symbol>
      <symbol id="sm-aef">
         <name>_aName0x2034</name>
         <value>0xbc50c</value>
         <object_component_ref idref="oc-21d"/>
      </symbol>
      <symbol id="sm-af0">
         <name>_sEntryDesc0x2168</name>
         <value>0xbc3a4</value>
         <object_component_ref idref="oc-21e"/>
      </symbol>
      <symbol id="sm-af1">
         <name>_sEntryDesc0x217E</name>
         <value>0xbc45e</value>
         <object_component_ref idref="oc-222"/>
      </symbol>
      <symbol id="sm-af2">
         <name>_sEntryDesc0x217C</name>
         <value>0xbc45b</value>
         <object_component_ref idref="oc-220"/>
      </symbol>
      <symbol id="sm-af3">
         <name>_Gdc_Para_AddObject</name>
         <value>0xbb544</value>
         <object_component_ref idref="oc-243"/>
      </symbol>
      <symbol id="sm-af4">
         <name>_aName0x2168</name>
         <value>0xbc3d0</value>
         <object_component_ref idref="oc-21f"/>
      </symbol>
      <symbol id="sm-af5">
         <name>_aName0x217E</name>
         <value>0xbc510</value>
         <object_component_ref idref="oc-223"/>
      </symbol>
      <symbol id="sm-af6">
         <name>_aName0x217C</name>
         <value>0xbc50e</value>
         <object_component_ref idref="oc-221"/>
      </symbol>
      <symbol id="sm-af7">
         <name>_GDC_PV1_0_Init</name>
         <value>0xbb39c</value>
         <object_component_ref idref="oc-243"/>
      </symbol>
      <symbol id="sm-af8">
         <name>_aName0x21A9</name>
         <value>0xbc51a</value>
         <object_component_ref idref="oc-231"/>
      </symbol>
      <symbol id="sm-af9">
         <name>_aName0x21A8</name>
         <value>0xbc518</value>
         <object_component_ref idref="oc-22f"/>
      </symbol>
      <symbol id="sm-afa">
         <name>_aName0x21A6</name>
         <value>0xbc516</value>
         <object_component_ref idref="oc-22d"/>
      </symbol>
      <symbol id="sm-afb">
         <name>_sEntryDesc0x2452</name>
         <value>0xbc476</value>
         <object_component_ref idref="oc-238"/>
      </symbol>
      <symbol id="sm-afc">
         <name>_aName0x21B9</name>
         <value>0xbc3e8</value>
         <object_component_ref idref="oc-233"/>
      </symbol>
      <symbol id="sm-afd">
         <name>_sEntryDesc0x21B9</name>
         <value>0xbc3bf</value>
         <object_component_ref idref="oc-232"/>
      </symbol>
      <symbol id="sm-afe">
         <name>_sEntryDesc0x2181</name>
         <value>0xbc464</value>
         <object_component_ref idref="oc-226"/>
      </symbol>
      <symbol id="sm-aff">
         <name>_sEntryDesc0x2180</name>
         <value>0xbc461</value>
         <object_component_ref idref="oc-224"/>
      </symbol>
      <symbol id="sm-b00">
         <name>_aName0x2181</name>
         <value>0xbc514</value>
         <object_component_ref idref="oc-227"/>
      </symbol>
      <symbol id="sm-b01">
         <name>_aName0x2180</name>
         <value>0xbc512</value>
         <object_component_ref idref="oc-225"/>
      </symbol>
      <symbol id="sm-b02">
         <name>_sEntryDesc0x2197</name>
         <value>0xbc3ad</value>
         <object_component_ref idref="oc-228"/>
      </symbol>
      <symbol id="sm-b03">
         <name>_sEntryDesc0x219A</name>
         <value>0xbc3b6</value>
         <object_component_ref idref="oc-22a"/>
      </symbol>
      <symbol id="sm-b04">
         <name>_aName0x2197</name>
         <value>0xbc3d8</value>
         <object_component_ref idref="oc-229"/>
      </symbol>
      <symbol id="sm-b05">
         <name>_aName0x219A</name>
         <value>0xbc3e0</value>
         <object_component_ref idref="oc-22b"/>
      </symbol>
      <symbol id="sm-b06">
         <name>_sEntryDesc0x2034</name>
         <value>0xbc458</value>
         <object_component_ref idref="oc-21c"/>
      </symbol>
      <symbol id="sm-b07">
         <name>_sEntryDesc0x21A9</name>
         <value>0xbc46d</value>
         <object_component_ref idref="oc-230"/>
      </symbol>
      <symbol id="sm-b08">
         <name>_sEntryDesc0x21A8</name>
         <value>0xbc46a</value>
         <object_component_ref idref="oc-22e"/>
      </symbol>
      <symbol id="sm-b09">
         <name>_sEntryDesc0x21A6</name>
         <value>0xbc467</value>
         <object_component_ref idref="oc-22c"/>
      </symbol>
      <symbol id="sm-b0a">
         <name>_sEntryDesc0x2009</name>
         <value>0xbc44c</value>
         <object_component_ref idref="oc-214"/>
      </symbol>
      <symbol id="sm-b0b">
         <name>_sEntryDesc0x2005</name>
         <value>0xbc446</value>
         <object_component_ref idref="oc-210"/>
      </symbol>
      <symbol id="sm-b0c">
         <name>_sEntryDesc0x2004</name>
         <value>0xbc443</value>
         <object_component_ref idref="oc-20e"/>
      </symbol>
      <symbol id="sm-b0d">
         <name>_sEntryDesc0x2007</name>
         <value>0xbc449</value>
         <object_component_ref idref="oc-212"/>
      </symbol>
      <symbol id="sm-b0e">
         <name>_sEntryDesc0x200C</name>
         <value>0xbc452</value>
         <object_component_ref idref="oc-218"/>
      </symbol>
      <symbol id="sm-b0f">
         <name>_sEntryDesc0x200B</name>
         <value>0xbc44f</value>
         <object_component_ref idref="oc-216"/>
      </symbol>
      <symbol id="sm-b10">
         <name>_sEntryDesc0x2018</name>
         <value>0xbc455</value>
         <object_component_ref idref="oc-21a"/>
      </symbol>
      <symbol id="sm-b11">
         <name>_aName0x23FE</name>
         <value>0xbc341</value>
         <object_component_ref idref="oc-237"/>
      </symbol>
      <symbol id="sm-b12">
         <name>_aName0x23FD</name>
         <value>0xbc338</value>
         <object_component_ref idref="oc-235"/>
      </symbol>
      <symbol id="sm-b24">
         <name>_ESC_clearTimer</name>
         <value>0xbb8ce</value>
         <object_component_ref idref="oc-241"/>
      </symbol>
      <symbol id="sm-b25">
         <name>_f2837xd_Init</name>
         <value>0xbb858</value>
         <object_component_ref idref="oc-241"/>
      </symbol>
      <symbol id="sm-b26">
         <name>_ESC_readWordNonISR</name>
         <value>0x827e</value>
         <object_component_ref idref="oc-23e"/>
      </symbol>
      <symbol id="sm-b27">
         <name>_ESC_writeWordNonISR</name>
         <value>0x8298</value>
         <object_component_ref idref="oc-23e"/>
      </symbol>
      <symbol id="sm-b28">
         <name>_ESC_getTimer</name>
         <value>0xbb8c5</value>
         <object_component_ref idref="oc-241"/>
      </symbol>
      <symbol id="sm-b29">
         <name>_ESC_timerIncPerMilliSec</name>
         <value>0xbb8ca</value>
         <object_component_ref idref="oc-241"/>
      </symbol>
      <symbol id="sm-b44">
         <name>_c_int00</name>
         <value>0xbb9ad</value>
         <object_component_ref idref="oc-77"/>
      </symbol>
      <symbol id="sm-b45">
         <name>__stack</name>
         <value>0x400</value>
         <object_component_ref idref="oc-149"/>
      </symbol>
      <symbol id="sm-b51">
         <name>U$$MOD</name>
         <value>0xbbb04</value>
         <object_component_ref idref="oc-14f"/>
      </symbol>
      <symbol id="sm-b52">
         <name>U$$DIV</name>
         <value>0xbbaff</value>
         <object_component_ref idref="oc-14f"/>
      </symbol>
      <symbol id="sm-b5e">
         <name>UL$$MOD</name>
         <value>0xbba27</value>
         <object_component_ref idref="oc-154"/>
      </symbol>
      <symbol id="sm-b5f">
         <name>L$$MOD</name>
         <value>0xbba12</value>
         <object_component_ref idref="oc-154"/>
      </symbol>
      <symbol id="sm-b60">
         <name>L$$DIV</name>
         <value>0xbba03</value>
         <object_component_ref idref="oc-154"/>
      </symbol>
      <symbol id="sm-b61">
         <name>UL$$DIV</name>
         <value>0xbba20</value>
         <object_component_ref idref="oc-154"/>
      </symbol>
      <symbol id="sm-b70">
         <name>_copy_in</name>
         <value>0xbbaa4</value>
         <object_component_ref idref="oc-18c"/>
      </symbol>
      <symbol id="sm-b81">
         <name>_memcpy</name>
         <value>0xbbac8</value>
         <object_component_ref idref="oc-23a"/>
      </symbol>
      <symbol id="sm-b8d">
         <name>__system_pre_init</name>
         <value>0xb9ffa</value>
         <object_component_ref idref="oc-18b"/>
      </symbol>
      <symbol id="sm-b9a">
         <name>__system_post_cinit</name>
         <value>0xb9ffc</value>
         <object_component_ref idref="oc-18d"/>
      </symbol>
      <symbol id="sm-bae">
         <name>C$$EXIT</name>
         <value>0xbba2d</value>
         <object_component_ref idref="oc-18f"/>
      </symbol>
      <symbol id="sm-baf">
         <name>_exit</name>
         <value>0xbba2f</value>
         <object_component_ref idref="oc-18f"/>
      </symbol>
      <symbol id="sm-bb0">
         <name>___TI_cleanup_ptr</name>
         <value>0xbdfc</value>
         <object_component_ref idref="oc-16f"/>
      </symbol>
      <symbol id="sm-bb1">
         <name>___TI_enable_exit_profile_output</name>
         <value>0xbdfa</value>
         <object_component_ref idref="oc-16f"/>
      </symbol>
      <symbol id="sm-bb2">
         <name>_abort</name>
         <value>0xbba2d</value>
         <object_component_ref idref="oc-18f"/>
      </symbol>
      <symbol id="sm-bb3">
         <name>___TI_dtors_ptr</name>
         <value>0xbdfe</value>
         <object_component_ref idref="oc-16f"/>
      </symbol>
      <symbol id="sm-bfa">
         <name>__sys_memory</name>
         <value>0xa800</value>
         <object_component_ref idref="oc-177"/>
      </symbol>
      <symbol id="sm-bfb">
         <name>_chkheap</name>
         <value>0xbb383</value>
         <object_component_ref idref="oc-24a"/>
      </symbol>
      <symbol id="sm-bfc">
         <name>_realloc</name>
         <value>0xbb291</value>
         <object_component_ref idref="oc-24a"/>
      </symbol>
      <symbol id="sm-bfd">
         <name>_free_memory</name>
         <value>0xbb365</value>
         <object_component_ref idref="oc-24a"/>
      </symbol>
      <symbol id="sm-bfe">
         <name>_max_free</name>
         <value>0xbb343</value>
         <object_component_ref idref="oc-24a"/>
      </symbol>
      <symbol id="sm-bff">
         <name>_free</name>
         <value>0xbb1ca</value>
         <object_component_ref idref="oc-24a"/>
      </symbol>
      <symbol id="sm-c00">
         <name>_calloc</name>
         <value>0xbb385</value>
         <object_component_ref idref="oc-24a"/>
      </symbol>
      <symbol id="sm-c01">
         <name>_malloc</name>
         <value>0xbb233</value>
         <object_component_ref idref="oc-24a"/>
      </symbol>
      <symbol id="sm-c02">
         <name>_minit</name>
         <value>0xbb20e</value>
         <object_component_ref idref="oc-24a"/>
      </symbol>
      <symbol id="sm-c16">
         <name>__unlock</name>
         <value>0xbf3e</value>
         <object_component_ref idref="oc-24f"/>
      </symbol>
      <symbol id="sm-c17">
         <name>__lock</name>
         <value>0xbf3c</value>
         <object_component_ref idref="oc-23b"/>
      </symbol>
      <symbol id="sm-c18">
         <name>__register_lock</name>
         <value>0xbbb0e</value>
         <object_component_ref idref="oc-244"/>
      </symbol>
      <symbol id="sm-c19">
         <name>__nop</name>
         <value>0xbbb12</value>
         <object_component_ref idref="oc-244"/>
      </symbol>
      <symbol id="sm-c1a">
         <name>__register_unlock</name>
         <value>0xbbb0a</value>
         <object_component_ref idref="oc-244"/>
      </symbol>
      <symbol id="sm-c29">
         <name>__args_main</name>
         <value>0xbbae6</value>
         <object_component_ref idref="oc-18e"/>
      </symbol>
      <symbol id="sm-c36">
         <name>_strlen</name>
         <value>0xbbb13</value>
         <object_component_ref idref="oc-250"/>
      </symbol>
   </symbol_table>
   <title>Link successful</title>
</link_info>
